         /\      Grafana   /‾‾/  
    /\  /  \     |\  __   /  /   
   /  \/    \    | |/ /  /   ‾‾\ 
  /          \   |   (  |  (‾)  |
 / __________ \  |_|\_\  \_____/ 
     execution: local
        script: /matriz.js
        output: -
     scenarios: (100.00%) 1 scenario, 400 max VUs, 4m30s max duration (incl. graceful stop):
              * rampa: Up to 83.00 iterations/s for 4m0s over 2 stages (maxVUs: 100-400, gracefulStop: 30s)
time="2026-09-13T12:38:25Z" level=info msg="ESTADO_INICIAL {\"cancelaciones_efectivas\":0,\"conexiones_abiertas\":0,\"conexiones_totales\":0,\"consultas_en_vuelo\":0,\"corte_dep_ms\":120,\"deadline_ms\":700,\"fuentes\":9,\"goroutines\":3,\"perfiles_calculados\":0,\"perfiles_parciales\":0,\"uptime_s\":179}\n" source=console
running (0m01.0s), 001/100 VUs, 7 complete and 0 interrupted iterations
rampa   [   0% ] 001/100 VUs  0m01.0s/4m0s  09.23 iters/s
running (0m02.0s), 001/100 VUs, 16 complete and 0 interrupted iterations
rampa   [   1% ] 001/100 VUs  0m02.0s/4m0s  10.38 iters/s
running (0m03.0s), 002/100 VUs, 27 complete and 0 interrupted iterations
rampa   [   1% ] 002/100 VUs  0m03.0s/4m0s  11.74 iters/s
running (0m04.0s), 002/100 VUs, 39 complete and 0 interrupted iterations
rampa   [   2% ] 002/100 VUs  0m04.0s/4m0s  12.95 iters/s
running (0m05.0s), 001/100 VUs, 53 complete and 0 interrupted iterations
rampa   [   2% ] 001/100 VUs  0m05.0s/4m0s  14.15 iters/s
running (0m06.0s), 002/100 VUs, 67 complete and 0 interrupted iterations
rampa   [   2% ] 002/100 VUs  0m06.0s/4m0s  15.42 iters/s
running (0m07.0s), 002/100 VUs, 83 complete and 0 interrupted iterations
rampa   [   3% ] 002/100 VUs  0m07.0s/4m0s  16.67 iters/s
running (0m08.0s), 002/100 VUs, 101 complete and 0 interrupted iterations
rampa   [   3% ] 002/100 VUs  0m08.0s/4m0s  17.97 iters/s
running (0m09.0s), 002/100 VUs, 119 complete and 0 interrupted iterations
rampa   [   4% ] 002/100 VUs  0m09.0s/4m0s  19.18 iters/s
running (0m10.0s), 003/100 VUs, 138 complete and 0 interrupted iterations
rampa   [   4% ] 003/100 VUs  0m10.0s/4m0s  20.44 iters/s
running (0m11.0s), 003/100 VUs, 159 complete and 0 interrupted iterations
rampa   [   5% ] 003/100 VUs  0m11.0s/4m0s  21.69 iters/s
running (0m12.0s), 002/100 VUs, 182 complete and 0 interrupted iterations
rampa   [   5% ] 002/100 VUs  0m12.0s/4m0s  22.92 iters/s
running (0m13.0s), 003/100 VUs, 205 complete and 0 interrupted iterations
rampa   [   5% ] 003/100 VUs  0m13.0s/4m0s  24.19 iters/s
running (0m14.0s), 003/100 VUs, 230 complete and 0 interrupted iterations
rampa   [   6% ] 003/100 VUs  0m14.0s/4m0s  25.45 iters/s
running (0m15.0s), 003/100 VUs, 256 complete and 0 interrupted iterations
rampa   [   6% ] 003/100 VUs  0m15.0s/4m0s  26.70 iters/s
running (0m16.0s), 003/100 VUs, 283 complete and 0 interrupted iterations
rampa   [   7% ] 003/100 VUs  0m16.0s/4m0s  27.93 iters/s
running (0m17.0s), 004/100 VUs, 311 complete and 0 interrupted iterations
rampa   [   7% ] 004/100 VUs  0m17.0s/4m0s  29.20 iters/s
running (0m18.0s), 002/100 VUs, 342 complete and 0 interrupted iterations
rampa   [   7% ] 002/100 VUs  0m18.0s/4m0s  30.42 iters/s
running (0m19.0s), 004/100 VUs, 372 complete and 0 interrupted iterations
rampa   [   8% ] 004/100 VUs  0m19.0s/4m0s  31.71 iters/s
running (0m20.0s), 004/100 VUs, 404 complete and 0 interrupted iterations
rampa   [   8% ] 004/100 VUs  0m20.0s/4m0s  32.94 iters/s
running (0m21.0s), 004/100 VUs, 437 complete and 0 interrupted iterations
rampa   [   9% ] 004/100 VUs  0m21.0s/4m0s  34.17 iters/s
running (0m22.0s), 004/100 VUs, 472 complete and 0 interrupted iterations
rampa   [   9% ] 004/100 VUs  0m22.0s/4m0s  35.43 iters/s
running (0m23.0s), 004/100 VUs, 508 complete and 0 interrupted iterations
rampa   [  10% ] 004/100 VUs  0m23.0s/4m0s  36.68 iters/s
running (0m24.0s), 004/100 VUs, 546 complete and 0 interrupted iterations
rampa   [  10% ] 004/100 VUs  0m24.0s/4m0s  37.95 iters/s
running (0m25.0s), 005/100 VUs, 583 complete and 0 interrupted iterations
rampa   [  10% ] 005/100 VUs  0m25.0s/4m0s  39.18 iters/s
running (0m26.0s), 005/100 VUs, 623 complete and 0 interrupted iterations
rampa   [  11% ] 005/100 VUs  0m26.0s/4m0s  40.44 iters/s
running (0m27.0s), 005/100 VUs, 664 complete and 0 interrupted iterations
rampa   [  11% ] 005/100 VUs  0m27.0s/4m0s  41.69 iters/s
running (0m28.0s), 005/100 VUs, 706 complete and 0 interrupted iterations
rampa   [  12% ] 005/100 VUs  0m28.0s/4m0s  42.93 iters/s
running (0m29.0s), 006/100 VUs, 749 complete and 0 interrupted iterations
rampa   [  12% ] 006/100 VUs  0m29.0s/4m0s  44.19 iters/s
running (0m30.0s), 006/100 VUs, 794 complete and 0 interrupted iterations
rampa   [  12% ] 006/100 VUs  0m30.0s/4m0s  45.45 iters/s
running (0m31.0s), 005/100 VUs, 841 complete and 0 interrupted iterations
rampa   [  13% ] 005/100 VUs  0m31.0s/4m0s  46.69 iters/s
running (0m32.0s), 006/100 VUs, 887 complete and 0 interrupted iterations
rampa   [  13% ] 006/100 VUs  0m32.0s/4m0s  47.93 iters/s
running (0m33.0s), 006/100 VUs, 936 complete and 0 interrupted iterations
rampa   [  14% ] 006/100 VUs  0m33.0s/4m0s  49.20 iters/s
running (0m34.0s), 006/100 VUs, 985 complete and 0 interrupted iterations
rampa   [  14% ] 006/100 VUs  0m34.0s/4m0s  50.43 iters/s
running (0m35.0s), 005/100 VUs, 1037 complete and 0 interrupted iterations
rampa   [  15% ] 005/100 VUs  0m35.0s/4m0s  51.67 iters/s
running (0m36.0s), 007/100 VUs, 1088 complete and 0 interrupted iterations
rampa   [  15% ] 007/100 VUs  0m36.0s/4m0s  52.94 iters/s
running (0m37.0s), 005/100 VUs, 1143 complete and 0 interrupted iterations
rampa   [  15% ] 005/100 VUs  0m37.0s/4m0s  54.18 iters/s
running (0m38.0s), 006/100 VUs, 1197 complete and 0 interrupted iterations
rampa   [  16% ] 006/100 VUs  0m38.0s/4m0s  55.43 iters/s
running (0m39.0s), 007/100 VUs, 1252 complete and 0 interrupted iterations
rampa   [  16% ] 007/100 VUs  0m39.0s/4m0s  56.68 iters/s
running (0m40.0s), 008/100 VUs, 1309 complete and 0 interrupted iterations
rampa   [  17% ] 008/100 VUs  0m40.0s/4m0s  57.95 iters/s
running (0m41.0s), 007/100 VUs, 1368 complete and 0 interrupted iterations
rampa   [  17% ] 007/100 VUs  0m41.0s/4m0s  59.18 iters/s
running (0m42.0s), 008/100 VUs, 1427 complete and 0 interrupted iterations
rampa   [  17% ] 008/100 VUs  0m42.0s/4m0s  60.44 iters/s
running (0m43.0s), 008/100 VUs, 1488 complete and 0 interrupted iterations
rampa   [  18% ] 008/100 VUs  0m43.0s/4m0s  61.69 iters/s
running (0m44.0s), 007/100 VUs, 1551 complete and 0 interrupted iterations
rampa   [  18% ] 007/100 VUs  0m44.0s/4m0s  62.93 iters/s
running (0m45.0s), 008/100 VUs, 1614 complete and 0 interrupted iterations
rampa   [  19% ] 008/100 VUs  0m45.0s/4m0s  64.19 iters/s
running (0m46.0s), 008/100 VUs, 1679 complete and 0 interrupted iterations
rampa   [  19% ] 008/100 VUs  0m46.0s/4m0s  65.44 iters/s
running (0m47.0s), 008/100 VUs, 1745 complete and 0 interrupted iterations
rampa   [  20% ] 008/100 VUs  0m47.0s/4m0s  66.69 iters/s
running (0m48.0s), 008/100 VUs, 1812 complete and 0 interrupted iterations
rampa   [  20% ] 008/100 VUs  0m48.0s/4m0s  67.94 iters/s
running (0m49.0s), 009/100 VUs, 1880 complete and 0 interrupted iterations
rampa   [  20% ] 009/100 VUs  0m49.0s/4m0s  69.19 iters/s
running (0m50.0s), 008/100 VUs, 1950 complete and 0 interrupted iterations
rampa   [  21% ] 008/100 VUs  0m50.0s/4m0s  70.43 iters/s
running (0m51.0s), 008/100 VUs, 2021 complete and 0 interrupted iterations
rampa   [  21% ] 008/100 VUs  0m51.0s/4m0s  71.68 iters/s
running (0m52.0s), 009/100 VUs, 2093 complete and 0 interrupted iterations
rampa   [  22% ] 009/100 VUs  0m52.0s/4m0s  72.94 iters/s
running (0m53.0s), 009/100 VUs, 2166 complete and 0 interrupted iterations
rampa   [  22% ] 009/100 VUs  0m53.0s/4m0s  74.18 iters/s
running (0m54.0s), 009/100 VUs, 2241 complete and 0 interrupted iterations
rampa   [  22% ] 009/100 VUs  0m54.0s/4m0s  75.43 iters/s
running (0m55.0s), 009/100 VUs, 2317 complete and 0 interrupted iterations
rampa   [  23% ] 009/100 VUs  0m55.0s/4m0s  76.68 iters/s
running (0m56.0s), 010/100 VUs, 2394 complete and 0 interrupted iterations
rampa   [  23% ] 010/100 VUs  0m56.0s/4m0s  77.94 iters/s
running (0m57.0s), 010/100 VUs, 2472 complete and 0 interrupted iterations
rampa   [  24% ] 010/100 VUs  0m57.0s/4m0s  79.18 iters/s
running (0m58.0s), 010/100 VUs, 2552 complete and 0 interrupted iterations
rampa   [  24% ] 010/100 VUs  0m58.0s/4m0s  80.44 iters/s
running (0m59.0s), 010/100 VUs, 2633 complete and 0 interrupted iterations
rampa   [  25% ] 010/100 VUs  0m59.0s/4m0s  81.69 iters/s
running (1m00.0s), 009/100 VUs, 2716 complete and 0 interrupted iterations
rampa   [  25% ] 009/100 VUs  1m00.0s/4m0s  82.93 iters/s
running (1m01.0s), 010/100 VUs, 2798 complete and 0 interrupted iterations
rampa   [  25% ] 010/100 VUs  1m01.0s/4m0s  83.00 iters/s
running (1m02.0s), 010/100 VUs, 2881 complete and 0 interrupted iterations
rampa   [  26% ] 010/100 VUs  1m02.0s/4m0s  83.00 iters/s
running (1m03.0s), 010/100 VUs, 2964 complete and 0 interrupted iterations
rampa   [  26% ] 010/100 VUs  1m03.0s/4m0s  83.00 iters/s
running (1m04.0s), 010/100 VUs, 3047 complete and 0 interrupted iterations
rampa   [  27% ] 010/100 VUs  1m04.0s/4m0s  83.00 iters/s
running (1m05.0s), 010/100 VUs, 3130 complete and 0 interrupted iterations
rampa   [  27% ] 010/100 VUs  1m05.0s/4m0s  83.00 iters/s
running (1m06.0s), 010/100 VUs, 3213 complete and 0 interrupted iterations
rampa   [  27% ] 010/100 VUs  1m06.0s/4m0s  83.00 iters/s
running (1m07.0s), 010/100 VUs, 3296 complete and 0 interrupted iterations
rampa   [  28% ] 010/100 VUs  1m07.0s/4m0s  83.00 iters/s
running (1m08.0s), 009/100 VUs, 3380 complete and 0 interrupted iterations
rampa   [  28% ] 009/100 VUs  1m08.0s/4m0s  83.00 iters/s
running (1m09.0s), 009/100 VUs, 3463 complete and 0 interrupted iterations
rampa   [  29% ] 009/100 VUs  1m09.0s/4m0s  83.00 iters/s
running (1m10.0s), 010/100 VUs, 3545 complete and 0 interrupted iterations
rampa   [  29% ] 010/100 VUs  1m10.0s/4m0s  83.00 iters/s
running (1m11.0s), 009/100 VUs, 3629 complete and 0 interrupted iterations
rampa   [  30% ] 009/100 VUs  1m11.0s/4m0s  83.00 iters/s
running (1m12.0s), 010/100 VUs, 3711 complete and 0 interrupted iterations
rampa   [  30% ] 010/100 VUs  1m12.0s/4m0s  83.00 iters/s
running (1m13.0s), 010/100 VUs, 3794 complete and 0 interrupted iterations
rampa   [  30% ] 010/100 VUs  1m13.0s/4m0s  83.00 iters/s
running (1m14.0s), 010/100 VUs, 3877 complete and 0 interrupted iterations
rampa   [  31% ] 010/100 VUs  1m14.0s/4m0s  83.00 iters/s
running (1m15.0s), 010/100 VUs, 3960 complete and 0 interrupted iterations
rampa   [  31% ] 010/100 VUs  1m15.0s/4m0s  83.00 iters/s
running (1m16.0s), 010/100 VUs, 4043 complete and 0 interrupted iterations
rampa   [  32% ] 010/100 VUs  1m16.0s/4m0s  83.00 iters/s
running (1m17.0s), 010/100 VUs, 4126 complete and 0 interrupted iterations
rampa   [  32% ] 010/100 VUs  1m17.0s/4m0s  83.00 iters/s
running (1m18.0s), 010/100 VUs, 4209 complete and 0 interrupted iterations
rampa   [  32% ] 010/100 VUs  1m18.0s/4m0s  83.00 iters/s
running (1m19.0s), 010/100 VUs, 4292 complete and 0 interrupted iterations
rampa   [  33% ] 010/100 VUs  1m19.0s/4m0s  83.00 iters/s
running (1m20.0s), 010/100 VUs, 4375 complete and 0 interrupted iterations
rampa   [  33% ] 010/100 VUs  1m20.0s/4m0s  83.00 iters/s
running (1m21.0s), 010/100 VUs, 4458 complete and 0 interrupted iterations
rampa   [  34% ] 010/100 VUs  1m21.0s/4m0s  83.00 iters/s
running (1m22.0s), 010/100 VUs, 4541 complete and 0 interrupted iterations
rampa   [  34% ] 010/100 VUs  1m22.0s/4m0s  83.00 iters/s
running (1m23.0s), 010/100 VUs, 4624 complete and 0 interrupted iterations
rampa   [  35% ] 010/100 VUs  1m23.0s/4m0s  83.00 iters/s
running (1m24.0s), 010/100 VUs, 4707 complete and 0 interrupted iterations
rampa   [  35% ] 010/100 VUs  1m24.0s/4m0s  83.00 iters/s
running (1m25.0s), 010/100 VUs, 4790 complete and 0 interrupted iterations
rampa   [  35% ] 010/100 VUs  1m25.0s/4m0s  83.00 iters/s
running (1m26.0s), 009/100 VUs, 4874 complete and 0 interrupted iterations
rampa   [  36% ] 009/100 VUs  1m26.0s/4m0s  83.00 iters/s
running (1m27.0s), 010/100 VUs, 4956 complete and 0 interrupted iterations
rampa   [  36% ] 010/100 VUs  1m27.0s/4m0s  83.00 iters/s
running (1m28.0s), 008/100 VUs, 5041 complete and 0 interrupted iterations
rampa   [  37% ] 008/100 VUs  1m28.0s/4m0s  83.00 iters/s
running (1m29.0s), 010/100 VUs, 5122 complete and 0 interrupted iterations
rampa   [  37% ] 010/100 VUs  1m29.0s/4m0s  83.00 iters/s
running (1m30.0s), 010/100 VUs, 5205 complete and 0 interrupted iterations
rampa   [  37% ] 010/100 VUs  1m30.0s/4m0s  83.00 iters/s
running (1m31.0s), 009/100 VUs, 5289 complete and 0 interrupted iterations
rampa   [  38% ] 009/100 VUs  1m31.0s/4m0s  83.00 iters/s
running (1m32.0s), 010/100 VUs, 5371 complete and 0 interrupted iterations
rampa   [  38% ] 010/100 VUs  1m32.0s/4m0s  83.00 iters/s
running (1m33.0s), 010/100 VUs, 5454 complete and 0 interrupted iterations
rampa   [  39% ] 010/100 VUs  1m33.0s/4m0s  83.00 iters/s
running (1m34.0s), 010/100 VUs, 5537 complete and 0 interrupted iterations
rampa   [  39% ] 010/100 VUs  1m34.0s/4m0s  83.00 iters/s
running (1m35.0s), 010/100 VUs, 5620 complete and 0 interrupted iterations
rampa   [  40% ] 010/100 VUs  1m35.0s/4m0s  83.00 iters/s
running (1m36.0s), 011/100 VUs, 5702 complete and 0 interrupted iterations
rampa   [  40% ] 011/100 VUs  1m36.0s/4m0s  83.00 iters/s
running (1m37.0s), 011/100 VUs, 5785 complete and 0 interrupted iterations
rampa   [  40% ] 011/100 VUs  1m37.0s/4m0s  83.00 iters/s
running (1m38.0s), 010/100 VUs, 5869 complete and 0 interrupted iterations
rampa   [  41% ] 010/100 VUs  1m38.0s/4m0s  83.00 iters/s
running (1m39.0s), 010/100 VUs, 5952 complete and 0 interrupted iterations
rampa   [  41% ] 010/100 VUs  1m39.0s/4m0s  83.00 iters/s
running (1m40.0s), 009/100 VUs, 6036 complete and 0 interrupted iterations
rampa   [  42% ] 009/100 VUs  1m40.0s/4m0s  83.00 iters/s
running (1m41.0s), 009/100 VUs, 6119 complete and 0 interrupted iterations
rampa   [  42% ] 009/100 VUs  1m41.0s/4m0s  83.00 iters/s
running (1m42.0s), 010/100 VUs, 6201 complete and 0 interrupted iterations
rampa   [  42% ] 010/100 VUs  1m42.0s/4m0s  83.00 iters/s
running (1m43.0s), 010/100 VUs, 6284 complete and 0 interrupted iterations
rampa   [  43% ] 010/100 VUs  1m43.0s/4m0s  83.00 iters/s
running (1m44.0s), 009/100 VUs, 6368 complete and 0 interrupted iterations
rampa   [  43% ] 009/100 VUs  1m44.0s/4m0s  83.00 iters/s
running (1m45.0s), 010/100 VUs, 6450 complete and 0 interrupted iterations
rampa   [  44% ] 010/100 VUs  1m45.0s/4m0s  83.00 iters/s
running (1m46.0s), 010/100 VUs, 6533 complete and 0 interrupted iterations
rampa   [  44% ] 010/100 VUs  1m46.0s/4m0s  83.00 iters/s
running (1m47.0s), 010/100 VUs, 6616 complete and 0 interrupted iterations
rampa   [  45% ] 010/100 VUs  1m47.0s/4m0s  83.00 iters/s
running (1m48.0s), 010/100 VUs, 6699 complete and 0 interrupted iterations
rampa   [  45% ] 010/100 VUs  1m48.0s/4m0s  83.00 iters/s
running (1m49.0s), 010/100 VUs, 6782 complete and 0 interrupted iterations
rampa   [  45% ] 010/100 VUs  1m49.0s/4m0s  83.00 iters/s
running (1m50.0s), 010/100 VUs, 6865 complete and 0 interrupted iterations
rampa   [  46% ] 010/100 VUs  1m50.0s/4m0s  83.00 iters/s
running (1m51.0s), 009/100 VUs, 6949 complete and 0 interrupted iterations
rampa   [  46% ] 009/100 VUs  1m51.0s/4m0s  83.00 iters/s
running (1m52.0s), 010/100 VUs, 7031 complete and 0 interrupted iterations
rampa   [  47% ] 010/100 VUs  1m52.0s/4m0s  83.00 iters/s
running (1m53.0s), 010/100 VUs, 7114 complete and 0 interrupted iterations
rampa   [  47% ] 010/100 VUs  1m53.0s/4m0s  83.00 iters/s
running (1m54.0s), 009/100 VUs, 7198 complete and 0 interrupted iterations
rampa   [  47% ] 009/100 VUs  1m54.0s/4m0s  83.00 iters/s
running (1m55.0s), 010/100 VUs, 7280 complete and 0 interrupted iterations
rampa   [  48% ] 010/100 VUs  1m55.0s/4m0s  83.00 iters/s
running (1m56.0s), 009/100 VUs, 7364 complete and 0 interrupted iterations
rampa   [  48% ] 009/100 VUs  1m56.0s/4m0s  83.00 iters/s
running (1m57.0s), 010/100 VUs, 7446 complete and 0 interrupted iterations
rampa   [  49% ] 010/100 VUs  1m57.0s/4m0s  83.00 iters/s
running (1m58.0s), 010/100 VUs, 7529 complete and 0 interrupted iterations
rampa   [  49% ] 010/100 VUs  1m58.0s/4m0s  83.00 iters/s
running (1m59.0s), 010/100 VUs, 7612 complete and 0 interrupted iterations
rampa   [  50% ] 010/100 VUs  1m59.0s/4m0s  83.00 iters/s
running (2m00.0s), 010/100 VUs, 7695 complete and 0 interrupted iterations
rampa   [  50% ] 010/100 VUs  2m00.0s/4m0s  83.00 iters/s
running (2m01.0s), 010/100 VUs, 7778 complete and 0 interrupted iterations
rampa   [  50% ] 010/100 VUs  2m01.0s/4m0s  83.00 iters/s
running (2m02.0s), 010/100 VUs, 7861 complete and 0 interrupted iterations
rampa   [  51% ] 010/100 VUs  2m02.0s/4m0s  83.00 iters/s
running (2m03.0s), 010/100 VUs, 7944 complete and 0 interrupted iterations
rampa   [  51% ] 010/100 VUs  2m03.0s/4m0s  83.00 iters/s
running (2m04.0s), 009/100 VUs, 8028 complete and 0 interrupted iterations
rampa   [  52% ] 009/100 VUs  2m04.0s/4m0s  83.00 iters/s
running (2m05.0s), 009/100 VUs, 8111 complete and 0 interrupted iterations
rampa   [  52% ] 009/100 VUs  2m05.0s/4m0s  83.00 iters/s
running (2m06.0s), 010/100 VUs, 8193 complete and 0 interrupted iterations
rampa   [  52% ] 010/100 VUs  2m06.0s/4m0s  83.00 iters/s
running (2m07.0s), 009/100 VUs, 8277 complete and 0 interrupted iterations
rampa   [  53% ] 009/100 VUs  2m07.0s/4m0s  83.00 iters/s
running (2m08.0s), 009/100 VUs, 8360 complete and 0 interrupted iterations
rampa   [  53% ] 009/100 VUs  2m08.0s/4m0s  83.00 iters/s
running (2m09.0s), 010/100 VUs, 8442 complete and 0 interrupted iterations
rampa   [  54% ] 010/100 VUs  2m09.0s/4m0s  83.00 iters/s
running (2m10.0s), 010/100 VUs, 8525 complete and 0 interrupted iterations
rampa   [  54% ] 010/100 VUs  2m10.0s/4m0s  83.00 iters/s
running (2m11.0s), 010/100 VUs, 8608 complete and 0 interrupted iterations
rampa   [  55% ] 010/100 VUs  2m11.0s/4m0s  83.00 iters/s
running (2m12.0s), 010/100 VUs, 8691 complete and 0 interrupted iterations
rampa   [  55% ] 010/100 VUs  2m12.0s/4m0s  83.00 iters/s
running (2m13.0s), 010/100 VUs, 8774 complete and 0 interrupted iterations
rampa   [  55% ] 010/100 VUs  2m13.0s/4m0s  83.00 iters/s
running (2m14.0s), 009/100 VUs, 8858 complete and 0 interrupted iterations
rampa   [  56% ] 009/100 VUs  2m14.0s/4m0s  83.00 iters/s
running (2m15.0s), 009/100 VUs, 8941 complete and 0 interrupted iterations
rampa   [  56% ] 009/100 VUs  2m15.0s/4m0s  83.00 iters/s
running (2m16.0s), 010/100 VUs, 9023 complete and 0 interrupted iterations
rampa   [  57% ] 010/100 VUs  2m16.0s/4m0s  83.00 iters/s
running (2m17.0s), 010/100 VUs, 9106 complete and 0 interrupted iterations
rampa   [  57% ] 010/100 VUs  2m17.0s/4m0s  83.00 iters/s
running (2m18.0s), 010/100 VUs, 9189 complete and 0 interrupted iterations
rampa   [  57% ] 010/100 VUs  2m18.0s/4m0s  83.00 iters/s
running (2m19.0s), 010/100 VUs, 9272 complete and 0 interrupted iterations
rampa   [  58% ] 010/100 VUs  2m19.0s/4m0s  83.00 iters/s
running (2m20.0s), 010/100 VUs, 9355 complete and 0 interrupted iterations
rampa   [  58% ] 010/100 VUs  2m20.0s/4m0s  83.00 iters/s
running (2m21.0s), 010/100 VUs, 9438 complete and 0 interrupted iterations
rampa   [  59% ] 010/100 VUs  2m21.0s/4m0s  83.00 iters/s
running (2m22.0s), 009/100 VUs, 9522 complete and 0 interrupted iterations
rampa   [  59% ] 009/100 VUs  2m22.0s/4m0s  83.00 iters/s
running (2m23.0s), 010/100 VUs, 9604 complete and 0 interrupted iterations
rampa   [  60% ] 010/100 VUs  2m23.0s/4m0s  83.00 iters/s
running (2m24.0s), 009/100 VUs, 9688 complete and 0 interrupted iterations
rampa   [  60% ] 009/100 VUs  2m24.0s/4m0s  83.00 iters/s
running (2m25.0s), 009/100 VUs, 9771 complete and 0 interrupted iterations
rampa   [  60% ] 009/100 VUs  2m25.0s/4m0s  83.00 iters/s
running (2m26.0s), 010/100 VUs, 9853 complete and 0 interrupted iterations
rampa   [  61% ] 010/100 VUs  2m26.0s/4m0s  83.00 iters/s
running (2m27.0s), 010/100 VUs, 9936 complete and 0 interrupted iterations
rampa   [  61% ] 010/100 VUs  2m27.0s/4m0s  83.00 iters/s
running (2m28.0s), 010/100 VUs, 10019 complete and 0 interrupted iterations
rampa   [  62% ] 010/100 VUs  2m28.0s/4m0s  83.00 iters/s
running (2m29.0s), 010/100 VUs, 10102 complete and 0 interrupted iterations
rampa   [  62% ] 010/100 VUs  2m29.0s/4m0s  83.00 iters/s
running (2m30.0s), 010/100 VUs, 10185 complete and 0 interrupted iterations
rampa   [  62% ] 010/100 VUs  2m30.0s/4m0s  83.00 iters/s
running (2m31.0s), 009/100 VUs, 10269 complete and 0 interrupted iterations
rampa   [  63% ] 009/100 VUs  2m31.0s/4m0s  83.00 iters/s
running (2m32.0s), 010/100 VUs, 10351 complete and 0 interrupted iterations
rampa   [  63% ] 010/100 VUs  2m32.0s/4m0s  83.00 iters/s
running (2m33.0s), 010/100 VUs, 10434 complete and 0 interrupted iterations
rampa   [  64% ] 010/100 VUs  2m33.0s/4m0s  83.00 iters/s
running (2m34.0s), 009/100 VUs, 10518 complete and 0 interrupted iterations
rampa   [  64% ] 009/100 VUs  2m34.0s/4m0s  83.00 iters/s
running (2m35.0s), 010/100 VUs, 10600 complete and 0 interrupted iterations
rampa   [  65% ] 010/100 VUs  2m35.0s/4m0s  83.00 iters/s
running (2m36.0s), 011/100 VUs, 10682 complete and 0 interrupted iterations
rampa   [  65% ] 011/100 VUs  2m36.0s/4m0s  83.00 iters/s
running (2m37.0s), 009/100 VUs, 10767 complete and 0 interrupted iterations
rampa   [  65% ] 009/100 VUs  2m37.0s/4m0s  83.00 iters/s
running (2m38.0s), 007/100 VUs, 10852 complete and 0 interrupted iterations
rampa   [  66% ] 007/100 VUs  2m38.0s/4m0s  83.00 iters/s
running (2m39.0s), 007/100 VUs, 10935 complete and 0 interrupted iterations
rampa   [  66% ] 007/100 VUs  2m39.0s/4m0s  83.00 iters/s
running (2m40.0s), 010/100 VUs, 11015 complete and 0 interrupted iterations
rampa   [  67% ] 010/100 VUs  2m40.0s/4m0s  83.00 iters/s
running (2m41.0s), 009/100 VUs, 11099 complete and 0 interrupted iterations
rampa   [  67% ] 009/100 VUs  2m41.0s/4m0s  83.00 iters/s
running (2m42.0s), 010/100 VUs, 11181 complete and 0 interrupted iterations
rampa   [  67% ] 010/100 VUs  2m42.0s/4m0s  83.00 iters/s
running (2m43.0s), 010/100 VUs, 11264 complete and 0 interrupted iterations
rampa   [  68% ] 010/100 VUs  2m43.0s/4m0s  83.00 iters/s
running (2m44.0s), 010/100 VUs, 11347 complete and 0 interrupted iterations
rampa   [  68% ] 010/100 VUs  2m44.0s/4m0s  83.00 iters/s
running (2m45.0s), 010/100 VUs, 11430 complete and 0 interrupted iterations
rampa   [  69% ] 010/100 VUs  2m45.0s/4m0s  83.00 iters/s
running (2m46.0s), 010/100 VUs, 11513 complete and 0 interrupted iterations
rampa   [  69% ] 010/100 VUs  2m46.0s/4m0s  83.00 iters/s
running (2m47.0s), 010/100 VUs, 11596 complete and 0 interrupted iterations
rampa   [  70% ] 010/100 VUs  2m47.0s/4m0s  83.00 iters/s
running (2m48.0s), 010/100 VUs, 11679 complete and 0 interrupted iterations
rampa   [  70% ] 010/100 VUs  2m48.0s/4m0s  83.00 iters/s
running (2m49.0s), 010/100 VUs, 11762 complete and 0 interrupted iterations
rampa   [  70% ] 010/100 VUs  2m49.0s/4m0s  83.00 iters/s
running (2m50.0s), 009/100 VUs, 11846 complete and 0 interrupted iterations
rampa   [  71% ] 009/100 VUs  2m50.0s/4m0s  83.00 iters/s
running (2m51.0s), 009/100 VUs, 11929 complete and 0 interrupted iterations
rampa   [  71% ] 009/100 VUs  2m51.0s/4m0s  83.00 iters/s
running (2m52.0s), 010/100 VUs, 12011 complete and 0 interrupted iterations
rampa   [  72% ] 010/100 VUs  2m52.0s/4m0s  83.00 iters/s
running (2m53.0s), 008/100 VUs, 12096 complete and 0 interrupted iterations
rampa   [  72% ] 008/100 VUs  2m53.0s/4m0s  83.00 iters/s
running (2m54.0s), 010/100 VUs, 12177 complete and 0 interrupted iterations
rampa   [  72% ] 010/100 VUs  2m54.0s/4m0s  83.00 iters/s
running (2m55.0s), 010/100 VUs, 12260 complete and 0 interrupted iterations
rampa   [  73% ] 010/100 VUs  2m55.0s/4m0s  83.00 iters/s
running (2m56.0s), 009/100 VUs, 12344 complete and 0 interrupted iterations
rampa   [  73% ] 009/100 VUs  2m56.0s/4m0s  83.00 iters/s
running (2m57.0s), 010/100 VUs, 12426 complete and 0 interrupted iterations
rampa   [  74% ] 010/100 VUs  2m57.0s/4m0s  83.00 iters/s
running (2m58.0s), 010/100 VUs, 12509 complete and 0 interrupted iterations
rampa   [  74% ] 010/100 VUs  2m58.0s/4m0s  83.00 iters/s
running (2m59.0s), 010/100 VUs, 12592 complete and 0 interrupted iterations
rampa   [  75% ] 010/100 VUs  2m59.0s/4m0s  83.00 iters/s
running (3m00.0s), 010/100 VUs, 12675 complete and 0 interrupted iterations
rampa   [  75% ] 010/100 VUs  3m00.0s/4m0s  83.00 iters/s
running (3m01.0s), 009/100 VUs, 12759 complete and 0 interrupted iterations
rampa   [  75% ] 009/100 VUs  3m01.0s/4m0s  83.00 iters/s
running (3m02.0s), 009/100 VUs, 12842 complete and 0 interrupted iterations
rampa   [  76% ] 009/100 VUs  3m02.0s/4m0s  83.00 iters/s
running (3m03.0s), 010/100 VUs, 12924 complete and 0 interrupted iterations
rampa   [  76% ] 010/100 VUs  3m03.0s/4m0s  83.00 iters/s
running (3m04.0s), 010/100 VUs, 13007 complete and 0 interrupted iterations
rampa   [  77% ] 010/100 VUs  3m04.0s/4m0s  83.00 iters/s
running (3m05.0s), 009/100 VUs, 13091 complete and 0 interrupted iterations
rampa   [  77% ] 009/100 VUs  3m05.0s/4m0s  83.00 iters/s
running (3m06.0s), 010/100 VUs, 13173 complete and 0 interrupted iterations
rampa   [  77% ] 010/100 VUs  3m06.0s/4m0s  83.00 iters/s
running (3m07.0s), 010/100 VUs, 13256 complete and 0 interrupted iterations
rampa   [  78% ] 010/100 VUs  3m07.0s/4m0s  83.00 iters/s
running (3m08.0s), 010/100 VUs, 13339 complete and 0 interrupted iterations
rampa   [  78% ] 010/100 VUs  3m08.0s/4m0s  83.00 iters/s
running (3m09.0s), 010/100 VUs, 13422 complete and 0 interrupted iterations
rampa   [  79% ] 010/100 VUs  3m09.0s/4m0s  83.00 iters/s
running (3m10.0s), 009/100 VUs, 13506 complete and 0 interrupted iterations
rampa   [  79% ] 009/100 VUs  3m10.0s/4m0s  83.00 iters/s
running (3m11.0s), 010/100 VUs, 13588 complete and 0 interrupted iterations
rampa   [  80% ] 010/100 VUs  3m11.0s/4m0s  83.00 iters/s
running (3m12.0s), 010/100 VUs, 13671 complete and 0 interrupted iterations
rampa   [  80% ] 010/100 VUs  3m12.0s/4m0s  83.00 iters/s
running (3m13.0s), 010/100 VUs, 13754 complete and 0 interrupted iterations
rampa   [  80% ] 010/100 VUs  3m13.0s/4m0s  83.00 iters/s
running (3m14.0s), 010/100 VUs, 13837 complete and 0 interrupted iterations
rampa   [  81% ] 010/100 VUs  3m14.0s/4m0s  83.00 iters/s
running (3m15.0s), 010/100 VUs, 13920 complete and 0 interrupted iterations
rampa   [  81% ] 010/100 VUs  3m15.0s/4m0s  83.00 iters/s
running (3m16.0s), 010/100 VUs, 14003 complete and 0 interrupted iterations
rampa   [  82% ] 010/100 VUs  3m16.0s/4m0s  83.00 iters/s
running (3m17.0s), 010/100 VUs, 14086 complete and 0 interrupted iterations
rampa   [  82% ] 010/100 VUs  3m17.0s/4m0s  83.00 iters/s
running (3m18.0s), 010/100 VUs, 14169 complete and 0 interrupted iterations
rampa   [  82% ] 010/100 VUs  3m18.0s/4m0s  83.00 iters/s
running (3m19.0s), 010/100 VUs, 14252 complete and 0 interrupted iterations
rampa   [  83% ] 010/100 VUs  3m19.0s/4m0s  83.00 iters/s
running (3m20.0s), 009/100 VUs, 14336 complete and 0 interrupted iterations
rampa   [  83% ] 009/100 VUs  3m20.0s/4m0s  83.00 iters/s
running (3m21.0s), 010/100 VUs, 14418 complete and 0 interrupted iterations
rampa   [  84% ] 010/100 VUs  3m21.0s/4m0s  83.00 iters/s
running (3m22.0s), 010/100 VUs, 14501 complete and 0 interrupted iterations
rampa   [  84% ] 010/100 VUs  3m22.0s/4m0s  83.00 iters/s
running (3m23.0s), 010/100 VUs, 14584 complete and 0 interrupted iterations
rampa   [  85% ] 010/100 VUs  3m23.0s/4m0s  83.00 iters/s
running (3m24.0s), 010/100 VUs, 14667 complete and 0 interrupted iterations
rampa   [  85% ] 010/100 VUs  3m24.0s/4m0s  83.00 iters/s
running (3m25.0s), 010/100 VUs, 14750 complete and 0 interrupted iterations
rampa   [  85% ] 010/100 VUs  3m25.0s/4m0s  83.00 iters/s
running (3m26.0s), 009/100 VUs, 14834 complete and 0 interrupted iterations
rampa   [  86% ] 009/100 VUs  3m26.0s/4m0s  83.00 iters/s
running (3m27.0s), 010/100 VUs, 14916 complete and 0 interrupted iterations
rampa   [  86% ] 010/100 VUs  3m27.0s/4m0s  83.00 iters/s
running (3m28.0s), 010/100 VUs, 14999 complete and 0 interrupted iterations
rampa   [  87% ] 010/100 VUs  3m28.0s/4m0s  83.00 iters/s
running (3m29.0s), 009/100 VUs, 15083 complete and 0 interrupted iterations
rampa   [  87% ] 009/100 VUs  3m29.0s/4m0s  83.00 iters/s
running (3m30.0s), 010/100 VUs, 15165 complete and 0 interrupted iterations
rampa   [  87% ] 010/100 VUs  3m30.0s/4m0s  83.00 iters/s
running (3m31.0s), 010/100 VUs, 15248 complete and 0 interrupted iterations
rampa   [  88% ] 010/100 VUs  3m31.0s/4m0s  83.00 iters/s
running (3m32.0s), 010/100 VUs, 15331 complete and 0 interrupted iterations
rampa   [  88% ] 010/100 VUs  3m32.0s/4m0s  83.00 iters/s
running (3m33.0s), 009/100 VUs, 15415 complete and 0 interrupted iterations
rampa   [  89% ] 009/100 VUs  3m33.0s/4m0s  83.00 iters/s
running (3m34.0s), 010/100 VUs, 15497 complete and 0 interrupted iterations
rampa   [  89% ] 010/100 VUs  3m34.0s/4m0s  83.00 iters/s
running (3m35.0s), 010/100 VUs, 15580 complete and 0 interrupted iterations
rampa   [  90% ] 010/100 VUs  3m35.0s/4m0s  83.00 iters/s
running (3m36.0s), 009/100 VUs, 15664 complete and 0 interrupted iterations
rampa   [  90% ] 009/100 VUs  3m36.0s/4m0s  83.00 iters/s
running (3m37.0s), 010/100 VUs, 15746 complete and 0 interrupted iterations
rampa   [  90% ] 010/100 VUs  3m37.0s/4m0s  83.00 iters/s
running (3m38.0s), 009/100 VUs, 15830 complete and 0 interrupted iterations
rampa   [  91% ] 009/100 VUs  3m38.0s/4m0s  83.00 iters/s
running (3m39.0s), 010/100 VUs, 15912 complete and 0 interrupted iterations
rampa   [  91% ] 010/100 VUs  3m39.0s/4m0s  83.00 iters/s
running (3m40.0s), 009/100 VUs, 15996 complete and 0 interrupted iterations
rampa   [  92% ] 009/100 VUs  3m40.0s/4m0s  83.00 iters/s
running (3m41.0s), 009/100 VUs, 16079 complete and 0 interrupted iterations
rampa   [  92% ] 009/100 VUs  3m41.0s/4m0s  83.00 iters/s
running (3m42.0s), 009/100 VUs, 16162 complete and 0 interrupted iterations
rampa   [  92% ] 009/100 VUs  3m42.0s/4m0s  83.00 iters/s
running (3m43.0s), 010/100 VUs, 16244 complete and 0 interrupted iterations
rampa   [  93% ] 010/100 VUs  3m43.0s/4m0s  83.00 iters/s
running (3m44.0s), 010/100 VUs, 16327 complete and 0 interrupted iterations
rampa   [  93% ] 010/100 VUs  3m44.0s/4m0s  83.00 iters/s
running (3m45.0s), 010/100 VUs, 16410 complete and 0 interrupted iterations
rampa   [  94% ] 010/100 VUs  3m45.0s/4m0s  83.00 iters/s
running (3m46.0s), 010/100 VUs, 16493 complete and 0 interrupted iterations
rampa   [  94% ] 010/100 VUs  3m46.0s/4m0s  83.00 iters/s
running (3m47.0s), 010/100 VUs, 16576 complete and 0 interrupted iterations
rampa   [  95% ] 010/100 VUs  3m47.0s/4m0s  83.00 iters/s
running (3m48.0s), 010/100 VUs, 16659 complete and 0 interrupted iterations
rampa   [  95% ] 010/100 VUs  3m48.0s/4m0s  83.00 iters/s
running (3m49.0s), 009/100 VUs, 16743 complete and 0 interrupted iterations
rampa   [  95% ] 009/100 VUs  3m49.0s/4m0s  83.00 iters/s
running (3m50.0s), 010/100 VUs, 16825 complete and 0 interrupted iterations
rampa   [  96% ] 010/100 VUs  3m50.0s/4m0s  83.00 iters/s
running (3m51.0s), 010/100 VUs, 16908 complete and 0 interrupted iterations
rampa   [  96% ] 010/100 VUs  3m51.0s/4m0s  83.00 iters/s
running (3m52.0s), 010/100 VUs, 16991 complete and 0 interrupted iterations
rampa   [  97% ] 010/100 VUs  3m52.0s/4m0s  83.00 iters/s
running (3m53.0s), 010/100 VUs, 17074 complete and 0 interrupted iterations
rampa   [  97% ] 010/100 VUs  3m53.0s/4m0s  83.00 iters/s
running (3m54.0s), 010/100 VUs, 17157 complete and 0 interrupted iterations
rampa   [  97% ] 010/100 VUs  3m54.0s/4m0s  83.00 iters/s
running (3m55.0s), 010/100 VUs, 17240 complete and 0 interrupted iterations
rampa   [  98% ] 010/100 VUs  3m55.0s/4m0s  83.00 iters/s
running (3m56.0s), 010/100 VUs, 17323 complete and 0 interrupted iterations
rampa   [  98% ] 010/100 VUs  3m56.0s/4m0s  83.00 iters/s
running (3m57.0s), 010/100 VUs, 17406 complete and 0 interrupted iterations
rampa   [  99% ] 010/100 VUs  3m57.0s/4m0s  83.00 iters/s
running (3m58.0s), 010/100 VUs, 17489 complete and 0 interrupted iterations
rampa   [  99% ] 010/100 VUs  3m58.0s/4m0s  83.00 iters/s
running (3m59.0s), 010/100 VUs, 17572 complete and 0 interrupted iterations
rampa   [ 100% ] 010/100 VUs  3m59.0s/4m0s  83.00 iters/s
running (4m00.0s), 010/100 VUs, 17655 complete and 0 interrupted iterations
rampa   [ 100% ] 010/100 VUs  4m00.0s/4m0s  83.00 iters/s
running (4m01.0s), 000/100 VUs, 17669 complete and 0 interrupted iterations
rampa ✓ [ 100% ] 000/100 VUs  4m0s  83.00 iters/s
running (4m02.0s), 000/100 VUs, 17669 complete and 0 interrupted iterations
rampa ✓ [ 100% ] 000/100 VUs  4m0s  83.00 iters/s
time="2026-09-13T12:42:27Z" level=info msg="ESTADO_FINAL {\"cancelaciones_efectivas\":27811,\"conexiones_abiertas\":33,\"conexiones_totales\":27928,\"consultas_en_vuelo\":0,\"corte_dep_ms\":120,\"deadline_ms\":700,\"fuentes\":9,\"goroutines\":170,\"perfiles_calculados\":17669,\"perfiles_parciales\":14562,\"uptime_s\":421}\n" source=console
time="2026-09-13T12:42:27Z" level=info msg="RESUMEN_CORTO p50=121.6ms p95=123.3ms p99=131.4ms max=193ms parciales=82.4% errores=0.00%" source=console
RESUMEN_JSON {"root_group":{"name":"","path":"","id":"d41d8cd98f00b204e9800998ecf8427e","groups":[],"checks":[{"name":"HTTP 200","path":"::HTTP 200","id":"b70aee8a9f7a77d66dd70844a901558a","passes":17669,"fails":0},{"id":"858c6c19a8219ab39416f8e3720d3e80","passes":17669,"fails":0,"name":"tiene Server-Timing","path":"::tiene Server-Timing"}]},"options":{"summaryTrendStats":["avg","min","med","p(90)","p(95)","p(99)","max"],"summaryTimeUnit":"","noColor":false},"state":{"isStdOutTTY":false,"isStdErrTTY":false,"testRunDurationMs":242120.225205},"metrics":{"http_reqs":{"type":"counter","contains":"default","values":{"count":17671,"rate":72.98440262492817}},"http_req_tls_handshaking":{"type":"trend","contains":"time","values":{"min":0,"med":0,"p(90)":0,"p(95)":0,"p(99)":0,"max":0,"avg":0}},"http_req_sending":{"contains":"time","values":{"p(99)":0.24603539999999832,"max":8.986239,"avg":0.044477502631430015,"min":0.014527,"med":0.034473,"p(90)":0.042675,"p(95)":0.057884000000000005},"type":"trend"},"http_req_waiting":{"type":"trend","contains":"time","values":{"p(99)":130.72913309999998,"max":193.205028,"avg":118.37825260160689,"min":0.383984,"med":121.517622,"p(90)":122.222039,"p(95)":122.992102}},"http_req_failed":{"type":"rate","contains":"default","values":{"passes":0,"fails":17671,"rate":0},"thresholds":{"rate<0.01":{"ok":true}}},"tramo_fanout":{"values":{"avg":116.99206576489806,"min":47.87,"med":120.4,"p(90)":120.94,"p(95)":121.13,"p(99)":122.55,"max":168.93},"type":"trend","contains":"time"},"tramo_rating":{"contains":"time","values":{"avg":0.0001692229328201931,"min":0,"med":0,"p(90)":0,"p(95)":0,"p(99)":0,"max":1.37},"type":"trend"},"http_req_connecting":{"contains":"time","values":{"p(95)":0,"p(99)":0,"max":38.030268,"avg":0.004409632901363815,"min":0,"med":0,"p(90)":0},"type":"trend"},"data_received":{"type":"counter","contains":"data","values":{"rate":31406.9755781929,"count":7604264}},"checks":{"type":"rate","contains":"default","values":{"rate":1,"passes":35338,"fails":0}},"perfiles_parciales":{"type":"rate","contains":"default","values":{"rate":0.824155300243364,"passes":14562,"fails":3107}},"http_req_duration{expected_response:true}":{"type":"trend","contains":"time","values":{"p(99)":131.44436819999999,"max":193.265303,"avg":118.51507253007716,"min":0.543185,"med":121.631011,"p(90)":122.370884,"p(95)":123.2691945}},"iterations":{"contains":"default","values":{"count":17669,"rate":72.97614226585115},"type":"counter"},"tramo_agg":{"type":"trend","contains":"time","values":{"p(99)":0,"max":0.08,"avg":0.00008942215179127291,"min":0,"med":0,"p(90)":0,"p(95)":0}},"desde_cache":{"type":"rate","contains":"default","values":{"rate":0,"passes":0,"fails":17669}},"iteration_duration":{"type":"trend","contains":"time","values":{"med":122.050942,"p(90)":122.9203156,"p(95)":124.4615348,"p(99)":132.97010583999997,"max":193.611827,"avg":119.05480130873273,"min":49.288193}},"tramo_cache":{"type":"trend","contains":"time","values":{"p(99)":2.003199999999997,"max":64.34,"avg":0.4054196615541426,"min":0.18,"med":0.34,"p(90)":0.44,"p(95)":0.5}},"http_req_duration":{"thresholds":{"p(95)<400":{"ok":true},"p(99)<800":{"ok":true}},"type":"trend","contains":"time","values":{"avg":118.51507253007716,"min":0.543185,"med":121.631011,"p(90)":122.370884,"p(95)":123.2691945,"p(99)":131.44436819999999,"max":193.265303}},"data_sent":{"type":"counter","contains":"data","values":{"count":3503922,"rate":14471.826948918768}},"vus_max":{"type":"gauge","contains":"default","values":{"max":100,"value":100,"min":100}},"vus":{"type":"gauge","contains":"default","values":{"value":0,"min":0,"max":11}},"http_req_blocked":{"contains":"time","values":{"max":38.130314,"avg":0.014140625997396919,"min":0.004345,"med":0.006986,"p(90)":0.009229,"p(95)":0.01066,"p(99)":0.08682189999999997},"type":"trend"},"http_req_receiving":{"contains":"time","values":{"p(99)":0.4559617999999994,"max":9.173269,"avg":0.09234242583894446,"min":0.022615,"med":0.073914,"p(90)":0.095384,"p(95)":0.13674750000000002},"type":"trend"}},"setup_data":{"inicio":1789303105870}}
running (4m02.1s), 000/100 VUs, 17669 complete and 0 interrupted iterations
rampa ✓ [ 100% ] 000/100 VUs  4m0s  83.00 iters/s
