#1 [internal] load local bake definitions
#1 reading from stdin 615B 0.0s done
#1 DONE 0.0s

#2 [internal] load build definition from Dockerfile
#2 transferring dockerfile: 677B done
#2 DONE 0.0s

#3 [internal] load metadata for gcr.io/distroless/static-debian12:nonroot
#3 ...

#4 [internal] load metadata for docker.io/library/golang:1.23-alpine
#4 DONE 0.3s

#3 [internal] load metadata for gcr.io/distroless/static-debian12:nonroot
#3 DONE 0.7s

#5 [internal] load .dockerignore
#5 transferring context: 93B done
#5 DONE 0.0s

#6 [stage-1 1/2] FROM gcr.io/distroless/static-debian12:nonroot@sha256:afa5c872c891853ca7fcf1f12c3edb23f7eeef36189728842dd51042ff57f7ab
#6 resolve gcr.io/distroless/static-debian12:nonroot@sha256:afa5c872c891853ca7fcf1f12c3edb23f7eeef36189728842dd51042ff57f7ab 0.0s done
#6 DONE 0.0s

#7 [build 1/6] FROM docker.io/library/golang:1.23-alpine@sha256:383395b794dffa5b53012a212365d40c8e37109a626ca30d6151c8348d380b5f
#7 resolve docker.io/library/golang:1.23-alpine@sha256:383395b794dffa5b53012a212365d40c8e37109a626ca30d6151c8348d380b5f 0.0s done
#7 DONE 0.0s

#8 [internal] load build context
#8 transferring context: 968B done
#8 DONE 0.0s

#9 [build 2/6] WORKDIR /src
#9 CACHED

#10 [build 4/6] RUN go mod download
#10 CACHED

#11 [build 3/6] COPY go.mod ./
#11 CACHED

#12 [build 6/6] RUN go mod tidy && CGO_ENABLED=0 GOOS=linux go build -trimpath -ldflags="-s -w" -o /expl01 ./cmd/expl01
#12 CACHED

#13 [build 5/6] COPY . .
#13 CACHED

#14 [stage-1 2/2] COPY --from=build /expl01 /expl01
#14 CACHED

#15 exporting to image
#15 exporting layers done
#15 exporting manifest sha256:f3cdc8cda640ea1da627bf34eedd6c59b13e08d723eef1c6a7e5d95c4015f091 done
#15 exporting config sha256:5ab70208bcccf608cade80dcabadf2a752ceec93575c687ac9d7ff066284fbfb
#15 exporting config sha256:5ab70208bcccf608cade80dcabadf2a752ceec93575c687ac9d7ff066284fbfb done
#15 exporting attestation manifest sha256:9cf1cef0095a8a7f2d39da2ba98b479bd81f08a7db9a996abc4c81ae6b04cfbf 0.0s done
#15 exporting manifest list sha256:7d208099dd02e72863d51655237aecad1d0089589c0c83a8bb67d620b34c0d9f 0.0s done
#15 naming to docker.io/library/expl01:local done
#15 unpacking to docker.io/library/expl01:local
#15 unpacking to docker.io/library/expl01:local 0.0s done
#15 DONE 0.2s

#16 resolving provenance for metadata file
#16 DONE 0.0s
Attaching to fuentes-1, k6-1, orquestador-1, redis-1
redis-1  | 1:C 12 Sep 2026 16:39:06.371 * oO0OoO0OoO0Oo Redis is starting oO0OoO0OoO0Oo
redis-1  | 1:C 12 Sep 2026 16:39:06.371 * Redis version=7.4.11, bits=64, commit=00000000, modified=0, pid=1, just started
redis-1  | 1:C 12 Sep 2026 16:39:06.371 * Configuration loaded
redis-1  | 1:M 12 Sep 2026 16:39:06.371 * monotonic clock: POSIX clock_gettime
redis-1  | 1:M 12 Sep 2026 16:39:06.372 * Running mode=standalone, port=6379.
redis-1  | 1:M 12 Sep 2026 16:39:06.373 * Server initialized
redis-1  | 1:M 12 Sep 2026 16:39:06.373 * Ready to accept connections tcp
k6-1           | 
k6-1           |          /\      Grafana   /‾‾/  
k6-1           |     /\  /  \     |\  __   /  /   
k6-1           |    /  \/    \    | |/ /  /   ‾‾\ 
k6-1           |   /          \   |   (  |  (‾)  |
k6-1           |  / __________ \  |_|\_\  \_____/ 
k6-1           | 
k6-1           |      execution: local
k6-1           |         script: /scripts/matriz.js
k6-1           |         output: -
k6-1           | 
k6-1           |      scenarios: (100.00%) 1 scenario, 400 max VUs, 4m30s max duration (incl. graceful stop):
k6-1           |               * rampa: Up to 83.00 iterations/s for 4m0s over 2 stages (maxVUs: 100-400, gracefulStop: 30s)
k6-1           | 
k6-1           | 
k6-1           | running (0m01.0s), 001/100 VUs, 7 complete and 0 interrupted iterations
k6-1           | rampa   [   0% ] 001/100 VUs  0m01.0s/4m0s  09.23 iters/s
k6-1           | 
k6-1           | running (0m02.0s), 002/100 VUs, 16 complete and 0 interrupted iterations
k6-1           | rampa   [   1% ] 002/100 VUs  0m02.0s/4m0s  10.50 iters/s
k6-1           | 
k6-1           | running (0m03.0s), 002/100 VUs, 27 complete and 0 interrupted iterations
k6-1           | rampa   [   1% ] 002/100 VUs  0m03.0s/4m0s  11.74 iters/s
k6-1           | 
k6-1           | running (0m04.0s), 001/100 VUs, 40 complete and 0 interrupted iterations
k6-1           | rampa   [   2% ] 001/100 VUs  0m04.0s/4m0s  12.95 iters/s
k6-1           | 
k6-1           | running (0m05.0s), 002/100 VUs, 53 complete and 0 interrupted iterations
k6-1           | rampa   [   2% ] 002/100 VUs  0m05.0s/4m0s  14.24 iters/s
k6-1           | 
k6-1           | running (0m06.0s), 002/100 VUs, 68 complete and 0 interrupted iterations
k6-1           | rampa   [   2% ] 002/100 VUs  0m06.0s/4m0s  15.50 iters/s
k6-1           | 
k6-1           | running (0m07.0s), 002/100 VUs, 84 complete and 0 interrupted iterations
k6-1           | rampa   [   3% ] 002/100 VUs  0m07.0s/4m0s  16.74 iters/s
k6-1           | 
k6-1           | running (0m08.0s), 002/100 VUs, 101 complete and 0 interrupted iterations
k6-1           | rampa   [   3% ] 002/100 VUs  0m08.0s/4m0s  17.97 iters/s
k6-1           | 
k6-1           | running (0m09.0s), 003/100 VUs, 119 complete and 0 interrupted iterations
k6-1           | rampa   [   4% ] 003/100 VUs  0m09.0s/4m0s  19.24 iters/s
k6-1           | 
k6-1           | running (0m10.0s), 003/100 VUs, 139 complete and 0 interrupted iterations
k6-1           | rampa   [   4% ] 003/100 VUs  0m10.0s/4m0s  20.50 iters/s
k6-1           | 
k6-1           | running (0m11.0s), 003/100 VUs, 160 complete and 0 interrupted iterations
k6-1           | rampa   [   5% ] 003/100 VUs  0m11.0s/4m0s  21.74 iters/s
k6-1           | 
k6-1           | running (0m12.0s), 003/100 VUs, 182 complete and 0 interrupted iterations
k6-1           | rampa   [   5% ] 003/100 VUs  0m12.0s/4m0s  22.97 iters/s
k6-1           | 
k6-1           | running (0m13.0s), 003/100 VUs, 206 complete and 0 interrupted iterations
k6-1           | rampa   [   5% ] 003/100 VUs  0m13.0s/4m0s  24.24 iters/s
k6-1           | 
k6-1           | running (0m14.0s), 003/100 VUs, 230 complete and 0 interrupted iterations
k6-1           | rampa   [   6% ] 003/100 VUs  0m14.0s/4m0s  25.45 iters/s
k6-1           | 
k6-1           | running (0m15.0s), 004/100 VUs, 256 complete and 0 interrupted iterations
k6-1           | rampa   [   6% ] 004/100 VUs  0m15.0s/4m0s  26.74 iters/s
k6-1           | 
k6-1           | running (0m16.0s), 004/100 VUs, 283 complete and 0 interrupted iterations
k6-1           | rampa   [   7% ] 004/100 VUs  0m16.0s/4m0s  27.98 iters/s
k6-1           | 
k6-1           | running (0m17.0s), 003/100 VUs, 312 complete and 0 interrupted iterations
k6-1           | rampa   [   7% ] 003/100 VUs  0m17.0s/4m0s  29.20 iters/s
k6-1           | 
k6-1           | running (0m18.0s), 003/100 VUs, 342 complete and 0 interrupted iterations
k6-1           | rampa   [   7% ] 003/100 VUs  0m18.0s/4m0s  30.46 iters/s
k6-1           | 
k6-1           | running (0m19.0s), 003/100 VUs, 373 complete and 0 interrupted iterations
k6-1           | rampa   [   8% ] 003/100 VUs  0m19.0s/4m0s  31.71 iters/s
k6-1           | 
k6-1           | running (0m20.0s), 004/100 VUs, 405 complete and 0 interrupted iterations
k6-1           | rampa   [   8% ] 004/100 VUs  0m20.0s/4m0s  32.98 iters/s
k6-1           | 
k6-1           | running (0m21.0s), 004/100 VUs, 438 complete and 0 interrupted iterations
k6-1           | rampa   [   9% ] 004/100 VUs  0m21.0s/4m0s  34.21 iters/s
k6-1           | 
k6-1           | running (0m22.0s), 004/100 VUs, 473 complete and 0 interrupted iterations
k6-1           | rampa   [   9% ] 004/100 VUs  0m22.0s/4m0s  35.46 iters/s
k6-1           | 
k6-1           | running (0m23.0s), 004/100 VUs, 509 complete and 0 interrupted iterations
k6-1           | rampa   [  10% ] 004/100 VUs  0m23.0s/4m0s  36.71 iters/s
k6-1           | 
k6-1           | running (0m24.0s), 005/100 VUs, 546 complete and 0 interrupted iterations
k6-1           | rampa   [  10% ] 005/100 VUs  0m24.0s/4m0s  37.98 iters/s
k6-1           | 
k6-1           | running (0m25.0s), 004/100 VUs, 585 complete and 0 interrupted iterations
k6-1           | rampa   [  10% ] 004/100 VUs  0m25.0s/4m0s  39.21 iters/s
k6-1           | 
k6-1           | running (0m26.0s), 005/100 VUs, 624 complete and 0 interrupted iterations
k6-1           | rampa   [  11% ] 005/100 VUs  0m26.0s/4m0s  40.47 iters/s
k6-1           | 
k6-1           | running (0m27.0s), 005/100 VUs, 665 complete and 0 interrupted iterations
k6-1           | rampa   [  11% ] 005/100 VUs  0m27.0s/4m0s  41.72 iters/s
k6-1           | 
k6-1           | running (0m28.1s), 004/100 VUs, 708 complete and 0 interrupted iterations
k6-1           | rampa   [  12% ] 004/100 VUs  0m28.0s/4m0s  42.96 iters/s
k6-1           | 
k6-1           | running (0m29.1s), 004/100 VUs, 752 complete and 0 interrupted iterations
k6-1           | rampa   [  12% ] 004/100 VUs  0m29.0s/4m0s  44.22 iters/s
k6-1           | 
k6-1           | running (0m30.1s), 006/100 VUs, 795 complete and 0 interrupted iterations
k6-1           | rampa   [  12% ] 006/100 VUs  0m30.0s/4m0s  45.47 iters/s
k6-1           | 
k6-1           | running (0m31.1s), 005/100 VUs, 842 complete and 0 interrupted iterations
k6-1           | rampa   [  13% ] 005/100 VUs  0m31.0s/4m0s  46.72 iters/s
k6-1           | 
k6-1           | running (0m32.1s), 006/100 VUs, 888 complete and 0 interrupted iterations
k6-1           | rampa   [  13% ] 006/100 VUs  0m32.0s/4m0s  47.96 iters/s
k6-1           | 
k6-1           | running (0m33.1s), 006/100 VUs, 937 complete and 0 interrupted iterations
k6-1           | rampa   [  14% ] 006/100 VUs  0m33.0s/4m0s  49.22 iters/s
k6-1           | 
k6-1           | running (0m34.1s), 005/100 VUs, 988 complete and 0 interrupted iterations
k6-1           | rampa   [  14% ] 005/100 VUs  0m34.0s/4m0s  50.48 iters/s
k6-1           | 
k6-1           | running (0m35.1s), 006/100 VUs, 1038 complete and 0 interrupted iterations
k6-1           | rampa   [  15% ] 006/100 VUs  0m35.0s/4m0s  51.72 iters/s
k6-1           | 
k6-1           | running (0m36.1s), 005/100 VUs, 1091 complete and 0 interrupted iterations
k6-1           | rampa   [  15% ] 005/100 VUs  0m36.0s/4m0s  52.96 iters/s
k6-1           | 
k6-1           | running (0m37.1s), 007/100 VUs, 1143 complete and 0 interrupted iterations
k6-1           | rampa   [  15% ] 007/100 VUs  0m37.0s/4m0s  54.22 iters/s
k6-1           | 
k6-1           | running (0m38.1s), 007/100 VUs, 1198 complete and 0 interrupted iterations
k6-1           | rampa   [  16% ] 007/100 VUs  0m38.0s/4m0s  55.48 iters/s
k6-1           | 
k6-1           | running (0m39.1s), 006/100 VUs, 1255 complete and 0 interrupted iterations
k6-1           | rampa   [  16% ] 006/100 VUs  0m39.0s/4m0s  56.73 iters/s
k6-1           | 
k6-1           | running (0m40.1s), 007/100 VUs, 1311 complete and 0 interrupted iterations
k6-1           | rampa   [  17% ] 007/100 VUs  0m40.0s/4m0s  57.97 iters/s
k6-1           | 
k6-1           | running (0m41.1s), 007/100 VUs, 1370 complete and 0 interrupted iterations
k6-1           | rampa   [  17% ] 007/100 VUs  0m41.0s/4m0s  59.23 iters/s
k6-1           | 
k6-1           | running (0m42.1s), 008/100 VUs, 1429 complete and 0 interrupted iterations
k6-1           | rampa   [  17% ] 008/100 VUs  0m42.0s/4m0s  60.48 iters/s
k6-1           | 
k6-1           | running (0m43.1s), 008/100 VUs, 1490 complete and 0 interrupted iterations
k6-1           | rampa   [  18% ] 008/100 VUs  0m43.0s/4m0s  61.73 iters/s
k6-1           | 
k6-1           | running (0m44.1s), 008/100 VUs, 1552 complete and 0 interrupted iterations
k6-1           | rampa   [  18% ] 008/100 VUs  0m44.0s/4m0s  62.97 iters/s
k6-1           | 
k6-1           | running (0m45.1s), 008/100 VUs, 1616 complete and 0 interrupted iterations
k6-1           | rampa   [  19% ] 008/100 VUs  0m45.0s/4m0s  64.23 iters/s
k6-1           | 
k6-1           | running (0m46.1s), 007/100 VUs, 1681 complete and 0 interrupted iterations
k6-1           | rampa   [  19% ] 007/100 VUs  0m46.0s/4m0s  65.48 iters/s
k6-1           | 
k6-1           | running (0m47.1s), 009/100 VUs, 1746 complete and 0 interrupted iterations
k6-1           | rampa   [  20% ] 009/100 VUs  0m47.0s/4m0s  66.73 iters/s
k6-1           | 
k6-1           | running (0m48.1s), 008/100 VUs, 1814 complete and 0 interrupted iterations
k6-1           | rampa   [  20% ] 008/100 VUs  0m48.0s/4m0s  67.97 iters/s
k6-1           | 
k6-1           | running (0m49.1s), 008/100 VUs, 1883 complete and 0 interrupted iterations
k6-1           | rampa   [  20% ] 008/100 VUs  0m49.0s/4m0s  69.23 iters/s
k6-1           | 
k6-1           | running (0m50.1s), 008/100 VUs, 1952 complete and 0 interrupted iterations
k6-1           | rampa   [  21% ] 008/100 VUs  0m50.0s/4m0s  70.46 iters/s
k6-1           | 
k6-1           | running (0m51.1s), 009/100 VUs, 2023 complete and 0 interrupted iterations
k6-1           | rampa   [  21% ] 009/100 VUs  0m51.0s/4m0s  71.73 iters/s
k6-1           | 
k6-1           | running (0m52.1s), 007/100 VUs, 2097 complete and 0 interrupted iterations
k6-1           | rampa   [  22% ] 007/100 VUs  0m52.0s/4m0s  72.97 iters/s
k6-1           | 
k6-1           | running (0m53.1s), 009/100 VUs, 2168 complete and 0 interrupted iterations
k6-1           | rampa   [  22% ] 009/100 VUs  0m53.0s/4m0s  74.21 iters/s
k6-1           | 
k6-1           | running (0m54.1s), 009/100 VUs, 2243 complete and 0 interrupted iterations
k6-1           | rampa   [  22% ] 009/100 VUs  0m54.0s/4m0s  75.47 iters/s
k6-1           | 
k6-1           | running (0m55.1s), 009/100 VUs, 2319 complete and 0 interrupted iterations
k6-1           | rampa   [  23% ] 009/100 VUs  0m55.0s/4m0s  76.72 iters/s
k6-1           | 
k6-1           | running (0m56.1s), 008/100 VUs, 2398 complete and 0 interrupted iterations
k6-1           | rampa   [  23% ] 008/100 VUs  0m56.0s/4m0s  77.98 iters/s
k6-1           | 
k6-1           | running (0m57.1s), 009/100 VUs, 2475 complete and 0 interrupted iterations
k6-1           | rampa   [  24% ] 009/100 VUs  0m57.0s/4m0s  79.22 iters/s
k6-1           | 
k6-1           | running (0m58.3s), 009/100 VUs, 2555 complete and 0 interrupted iterations
k6-1           | rampa   [  24% ] 009/100 VUs  0m58.0s/4m0s  80.47 iters/s
k6-1           | 
k6-1           | running (0m59.3s), 008/100 VUs, 2637 complete and 0 interrupted iterations
k6-1           | rampa   [  25% ] 008/100 VUs  0m59.0s/4m0s  81.72 iters/s
k6-1           | 
k6-1           | running (1m00.3s), 010/100 VUs, 2717 complete and 0 interrupted iterations
k6-1           | rampa   [  25% ] 010/100 VUs  1m00.0s/4m0s  82.96 iters/s
k6-1           | 
k6-1           | running (1m01.3s), 011/100 VUs, 2800 complete and 0 interrupted iterations
k6-1           | rampa   [  25% ] 011/100 VUs  1m01.0s/4m0s  83.00 iters/s
k6-1           | 
k6-1           | running (1m02.3s), 010/100 VUs, 2883 complete and 0 interrupted iterations
k6-1           | rampa   [  26% ] 010/100 VUs  1m02.0s/4m0s  83.00 iters/s
k6-1           | 
k6-1           | running (1m03.3s), 011/100 VUs, 2966 complete and 0 interrupted iterations
k6-1           | rampa   [  26% ] 011/100 VUs  1m03.0s/4m0s  83.00 iters/s
k6-1           | 
k6-1           | running (1m04.3s), 010/100 VUs, 3050 complete and 0 interrupted iterations
k6-1           | rampa   [  27% ] 010/100 VUs  1m04.0s/4m0s  83.00 iters/s
k6-1           | 
k6-1           | running (1m05.3s), 011/100 VUs, 3132 complete and 0 interrupted iterations
k6-1           | rampa   [  27% ] 011/100 VUs  1m05.0s/4m0s  83.00 iters/s
k6-1           | 
k6-1           | running (1m06.3s), 011/100 VUs, 3215 complete and 0 interrupted iterations
k6-1           | rampa   [  27% ] 011/100 VUs  1m06.0s/4m0s  83.00 iters/s
k6-1           | 
k6-1           | running (1m07.3s), 011/100 VUs, 3298 complete and 0 interrupted iterations
k6-1           | rampa   [  28% ] 011/100 VUs  1m07.0s/4m0s  83.00 iters/s
k6-1           | 
k6-1           | running (1m08.3s), 010/100 VUs, 3382 complete and 0 interrupted iterations
k6-1           | rampa   [  28% ] 009/100 VUs  1m08.0s/4m0s  83.00 iters/s
k6-1           | 
k6-1           | running (1m09.3s), 010/100 VUs, 3465 complete and 0 interrupted iterations
k6-1           | rampa   [  29% ] 010/100 VUs  1m09.0s/4m0s  83.00 iters/s
k6-1           | 
k6-1           | running (1m10.3s), 010/100 VUs, 3548 complete and 0 interrupted iterations
k6-1           | rampa   [  29% ] 010/100 VUs  1m10.0s/4m0s  83.00 iters/s
k6-1           | 
k6-1           | running (1m11.3s), 011/100 VUs, 3630 complete and 0 interrupted iterations
k6-1           | rampa   [  30% ] 011/100 VUs  1m11.0s/4m0s  83.00 iters/s
k6-1           | 
k6-1           | running (1m12.3s), 010/100 VUs, 3713 complete and 0 interrupted iterations
k6-1           | rampa   [  30% ] 010/100 VUs  1m12.0s/4m0s  83.00 iters/s
k6-1           | 
k6-1           | running (1m13.3s), 009/100 VUs, 3797 complete and 0 interrupted iterations
k6-1           | rampa   [  30% ] 009/100 VUs  1m13.0s/4m0s  83.00 iters/s
k6-1           | 
k6-1           | running (1m14.3s), 010/100 VUs, 3879 complete and 0 interrupted iterations
k6-1           | rampa   [  31% ] 010/100 VUs  1m14.0s/4m0s  83.00 iters/s
k6-1           | 
k6-1           | running (1m15.3s), 010/100 VUs, 3963 complete and 0 interrupted iterations
k6-1           | rampa   [  31% ] 010/100 VUs  1m15.0s/4m0s  83.00 iters/s
k6-1           | 
k6-1           | running (1m16.3s), 011/100 VUs, 4045 complete and 0 interrupted iterations
k6-1           | rampa   [  32% ] 011/100 VUs  1m16.0s/4m0s  83.00 iters/s
k6-1           | 
k6-1           | running (1m17.3s), 011/100 VUs, 4128 complete and 0 interrupted iterations
k6-1           | rampa   [  32% ] 011/100 VUs  1m17.0s/4m0s  83.00 iters/s
k6-1           | 
k6-1           | running (1m18.3s), 011/100 VUs, 4211 complete and 0 interrupted iterations
k6-1           | rampa   [  32% ] 011/100 VUs  1m18.0s/4m0s  83.00 iters/s
k6-1           | 
k6-1           | running (1m19.3s), 011/100 VUs, 4294 complete and 0 interrupted iterations
k6-1           | rampa   [  33% ] 011/100 VUs  1m19.0s/4m0s  83.00 iters/s
k6-1           | 
k6-1           | running (1m20.3s), 010/100 VUs, 4377 complete and 0 interrupted iterations
k6-1           | rampa   [  33% ] 010/100 VUs  1m20.0s/4m0s  83.00 iters/s
k6-1           | 
k6-1           | running (1m21.3s), 010/100 VUs, 4461 complete and 0 interrupted iterations
k6-1           | rampa   [  34% ] 010/100 VUs  1m21.0s/4m0s  83.00 iters/s
k6-1           | 
k6-1           | running (1m22.3s), 010/100 VUs, 4544 complete and 0 interrupted iterations
k6-1           | rampa   [  34% ] 010/100 VUs  1m22.0s/4m0s  83.00 iters/s
k6-1           | 
k6-1           | running (1m23.3s), 010/100 VUs, 4626 complete and 0 interrupted iterations
k6-1           | rampa   [  35% ] 010/100 VUs  1m23.0s/4m0s  83.00 iters/s
k6-1           | 
k6-1           | running (1m24.3s), 011/100 VUs, 4709 complete and 0 interrupted iterations
k6-1           | rampa   [  35% ] 011/100 VUs  1m24.0s/4m0s  83.00 iters/s
k6-1           | 
k6-1           | running (1m25.3s), 011/100 VUs, 4792 complete and 0 interrupted iterations
k6-1           | rampa   [  35% ] 011/100 VUs  1m25.0s/4m0s  83.00 iters/s
k6-1           | 
k6-1           | running (1m26.3s), 011/100 VUs, 4875 complete and 0 interrupted iterations
k6-1           | rampa   [  36% ] 011/100 VUs  1m26.0s/4m0s  83.00 iters/s
k6-1           | 
k6-1           | running (1m27.3s), 010/100 VUs, 4959 complete and 0 interrupted iterations
k6-1           | rampa   [  36% ] 010/100 VUs  1m27.0s/4m0s  83.00 iters/s
k6-1           | 
k6-1           | running (1m28.5s), 011/100 VUs, 5041 complete and 0 interrupted iterations
k6-1           | rampa   [  37% ] 011/100 VUs  1m28.0s/4m0s  83.00 iters/s
k6-1           | 
k6-1           | running (1m29.5s), 010/100 VUs, 5125 complete and 0 interrupted iterations
k6-1           | rampa   [  37% ] 010/100 VUs  1m29.0s/4m0s  83.00 iters/s
k6-1           | 
k6-1           | running (1m30.5s), 010/100 VUs, 5208 complete and 0 interrupted iterations
k6-1           | rampa   [  37% ] 010/100 VUs  1m30.0s/4m0s  83.00 iters/s
k6-1           | 
k6-1           | running (1m31.5s), 011/100 VUs, 5290 complete and 0 interrupted iterations
k6-1           | rampa   [  38% ] 011/100 VUs  1m31.0s/4m0s  83.00 iters/s
k6-1           | 
k6-1           | running (1m32.5s), 011/100 VUs, 5373 complete and 0 interrupted iterations
k6-1           | rampa   [  38% ] 011/100 VUs  1m32.0s/4m0s  83.00 iters/s
k6-1           | 
k6-1           | running (1m33.5s), 011/100 VUs, 5456 complete and 0 interrupted iterations
k6-1           | rampa   [  39% ] 011/100 VUs  1m33.0s/4m0s  83.00 iters/s
k6-1           | 
k6-1           | running (1m34.5s), 011/100 VUs, 5539 complete and 0 interrupted iterations
k6-1           | rampa   [  39% ] 011/100 VUs  1m34.0s/4m0s  83.00 iters/s
k6-1           | 
k6-1           | running (1m35.5s), 010/100 VUs, 5623 complete and 0 interrupted iterations
k6-1           | rampa   [  40% ] 010/100 VUs  1m35.0s/4m0s  83.00 iters/s
k6-1           | 
k6-1           | running (1m36.5s), 010/100 VUs, 5706 complete and 0 interrupted iterations
k6-1           | rampa   [  40% ] 010/100 VUs  1m36.0s/4m0s  83.00 iters/s
k6-1           | 
k6-1           | running (1m37.5s), 011/100 VUs, 5788 complete and 0 interrupted iterations
k6-1           | rampa   [  40% ] 011/100 VUs  1m37.0s/4m0s  83.00 iters/s
k6-1           | 
k6-1           | running (1m38.5s), 011/100 VUs, 5871 complete and 0 interrupted iterations
k6-1           | rampa   [  41% ] 011/100 VUs  1m38.0s/4m0s  83.00 iters/s
k6-1           | 
k6-1           | running (1m39.5s), 011/100 VUs, 5954 complete and 0 interrupted iterations
k6-1           | rampa   [  41% ] 011/100 VUs  1m39.0s/4m0s  83.00 iters/s
k6-1           | 
k6-1           | running (1m40.5s), 011/100 VUs, 6037 complete and 0 interrupted iterations
k6-1           | rampa   [  42% ] 011/100 VUs  1m40.0s/4m0s  83.00 iters/s
k6-1           | 
k6-1           | running (1m41.5s), 011/100 VUs, 6120 complete and 0 interrupted iterations
k6-1           | rampa   [  42% ] 011/100 VUs  1m41.0s/4m0s  83.00 iters/s
k6-1           | 
k6-1           | running (1m42.5s), 011/100 VUs, 6203 complete and 0 interrupted iterations
k6-1           | rampa   [  42% ] 011/100 VUs  1m42.0s/4m0s  83.00 iters/s
k6-1           | 
k6-1           | running (1m43.5s), 010/100 VUs, 6287 complete and 0 interrupted iterations
k6-1           | rampa   [  43% ] 010/100 VUs  1m43.0s/4m0s  83.00 iters/s
k6-1           | 
k6-1           | running (1m44.5s), 010/100 VUs, 6370 complete and 0 interrupted iterations
k6-1           | rampa   [  43% ] 010/100 VUs  1m44.0s/4m0s  83.00 iters/s
k6-1           | 
k6-1           | running (1m45.5s), 010/100 VUs, 6452 complete and 0 interrupted iterations
k6-1           | rampa   [  44% ] 010/100 VUs  1m45.0s/4m0s  83.00 iters/s
k6-1           | 
k6-1           | running (1m46.5s), 010/100 VUs, 6536 complete and 0 interrupted iterations
k6-1           | rampa   [  44% ] 010/100 VUs  1m46.0s/4m0s  83.00 iters/s
k6-1           | 
k6-1           | running (1m47.5s), 011/100 VUs, 6618 complete and 0 interrupted iterations
k6-1           | rampa   [  45% ] 011/100 VUs  1m47.0s/4m0s  83.00 iters/s
k6-1           | 
k6-1           | running (1m48.5s), 011/100 VUs, 6701 complete and 0 interrupted iterations
k6-1           | rampa   [  45% ] 011/100 VUs  1m48.0s/4m0s  83.00 iters/s
k6-1           | 
k6-1           | running (1m49.5s), 011/100 VUs, 6784 complete and 0 interrupted iterations
k6-1           | rampa   [  45% ] 011/100 VUs  1m49.0s/4m0s  83.00 iters/s
k6-1           | 
k6-1           | running (1m50.5s), 011/100 VUs, 6867 complete and 0 interrupted iterations
k6-1           | rampa   [  46% ] 011/100 VUs  1m50.0s/4m0s  83.00 iters/s
k6-1           | 
k6-1           | running (1m51.5s), 011/100 VUs, 6950 complete and 0 interrupted iterations
k6-1           | rampa   [  46% ] 011/100 VUs  1m51.0s/4m0s  83.00 iters/s
k6-1           | 
k6-1           | running (1m52.5s), 010/100 VUs, 7034 complete and 0 interrupted iterations
k6-1           | rampa   [  47% ] 010/100 VUs  1m52.0s/4m0s  83.00 iters/s
k6-1           | 
k6-1           | running (1m53.5s), 010/100 VUs, 7117 complete and 0 interrupted iterations
k6-1           | rampa   [  47% ] 010/100 VUs  1m53.0s/4m0s  83.00 iters/s
k6-1           | 
k6-1           | running (1m54.5s), 010/100 VUs, 7200 complete and 0 interrupted iterations
k6-1           | rampa   [  47% ] 010/100 VUs  1m54.0s/4m0s  83.00 iters/s
k6-1           | 
k6-1           | running (1m55.5s), 011/100 VUs, 7282 complete and 0 interrupted iterations
k6-1           | rampa   [  48% ] 011/100 VUs  1m55.0s/4m0s  83.00 iters/s
k6-1           | 
k6-1           | running (1m56.5s), 011/100 VUs, 7365 complete and 0 interrupted iterations
k6-1           | rampa   [  48% ] 011/100 VUs  1m56.0s/4m0s  83.00 iters/s
k6-1           | 
k6-1           | running (1m57.5s), 010/100 VUs, 7449 complete and 0 interrupted iterations
k6-1           | rampa   [  49% ] 010/100 VUs  1m57.0s/4m0s  83.00 iters/s
k6-1           | 
k6-1           | running (1m58.6s), 011/100 VUs, 7531 complete and 0 interrupted iterations
k6-1           | rampa   [  49% ] 011/100 VUs  1m58.0s/4m0s  83.00 iters/s
k6-1           | 
k6-1           | running (1m59.6s), 011/100 VUs, 7614 complete and 0 interrupted iterations
k6-1           | rampa   [  50% ] 011/100 VUs  1m59.0s/4m0s  83.00 iters/s
k6-1           | 
k6-1           | running (2m00.6s), 010/100 VUs, 7697 complete and 0 interrupted iterations
k6-1           | rampa   [  50% ] 010/100 VUs  2m00.0s/4m0s  83.00 iters/s
k6-1           | 
k6-1           | running (2m01.6s), 010/100 VUs, 7781 complete and 0 interrupted iterations
k6-1           | rampa   [  50% ] 010/100 VUs  2m01.0s/4m0s  83.00 iters/s
k6-1           | 
k6-1           | running (2m02.6s), 010/100 VUs, 7864 complete and 0 interrupted iterations
k6-1           | rampa   [  51% ] 010/100 VUs  2m02.0s/4m0s  83.00 iters/s
k6-1           | 
k6-1           | running (2m03.6s), 011/100 VUs, 7946 complete and 0 interrupted iterations
k6-1           | rampa   [  51% ] 011/100 VUs  2m03.0s/4m0s  83.00 iters/s
k6-1           | 
k6-1           | running (2m04.6s), 011/100 VUs, 8029 complete and 0 interrupted iterations
k6-1           | rampa   [  52% ] 011/100 VUs  2m04.0s/4m0s  83.00 iters/s
k6-1           | 
k6-1           | running (2m05.6s), 011/100 VUs, 8112 complete and 0 interrupted iterations
k6-1           | rampa   [  52% ] 011/100 VUs  2m05.0s/4m0s  83.00 iters/s
k6-1           | 
k6-1           | running (2m06.6s), 011/100 VUs, 8195 complete and 0 interrupted iterations
k6-1           | rampa   [  52% ] 011/100 VUs  2m06.0s/4m0s  83.00 iters/s
k6-1           | 
k6-1           | running (2m07.6s), 010/100 VUs, 8278 complete and 0 interrupted iterations
k6-1           | rampa   [  53% ] 010/100 VUs  2m07.0s/4m0s  83.00 iters/s
k6-1           | 
k6-1           | running (2m08.6s), 011/100 VUs, 8361 complete and 0 interrupted iterations
k6-1           | rampa   [  53% ] 011/100 VUs  2m08.0s/4m0s  83.00 iters/s
k6-1           | 
k6-1           | running (2m09.6s), 010/100 VUs, 8445 complete and 0 interrupted iterations
k6-1           | rampa   [  54% ] 010/100 VUs  2m09.0s/4m0s  83.00 iters/s
k6-1           | 
k6-1           | running (2m10.6s), 010/100 VUs, 8528 complete and 0 interrupted iterations
k6-1           | rampa   [  54% ] 010/100 VUs  2m10.0s/4m0s  83.00 iters/s
k6-1           | 
k6-1           | running (2m11.6s), 010/100 VUs, 8610 complete and 0 interrupted iterations
k6-1           | rampa   [  55% ] 010/100 VUs  2m11.0s/4m0s  83.00 iters/s
k6-1           | 
k6-1           | running (2m12.6s), 010/100 VUs, 8694 complete and 0 interrupted iterations
k6-1           | rampa   [  55% ] 010/100 VUs  2m12.0s/4m0s  83.00 iters/s
k6-1           | 
k6-1           | running (2m13.6s), 011/100 VUs, 8776 complete and 0 interrupted iterations
k6-1           | rampa   [  55% ] 011/100 VUs  2m13.0s/4m0s  83.00 iters/s
k6-1           | 
k6-1           | running (2m14.6s), 010/100 VUs, 8860 complete and 0 interrupted iterations
k6-1           | rampa   [  56% ] 010/100 VUs  2m14.0s/4m0s  83.00 iters/s
k6-1           | 
k6-1           | running (2m15.6s), 011/100 VUs, 8942 complete and 0 interrupted iterations
k6-1           | rampa   [  56% ] 011/100 VUs  2m15.0s/4m0s  83.00 iters/s
k6-1           | 
k6-1           | running (2m16.6s), 011/100 VUs, 9025 complete and 0 interrupted iterations
k6-1           | rampa   [  57% ] 011/100 VUs  2m16.0s/4m0s  83.00 iters/s
k6-1           | 
k6-1           | running (2m17.6s), 011/100 VUs, 9108 complete and 0 interrupted iterations
k6-1           | rampa   [  57% ] 011/100 VUs  2m17.0s/4m0s  83.00 iters/s
k6-1           | 
k6-1           | running (2m18.6s), 011/100 VUs, 9191 complete and 0 interrupted iterations
k6-1           | rampa   [  57% ] 011/100 VUs  2m18.0s/4m0s  83.00 iters/s
k6-1           | 
k6-1           | running (2m19.6s), 010/100 VUs, 9274 complete and 0 interrupted iterations
k6-1           | rampa   [  58% ] 010/100 VUs  2m19.0s/4m0s  83.00 iters/s
k6-1           | 
k6-1           | running (2m20.6s), 009/100 VUs, 9359 complete and 0 interrupted iterations
k6-1           | rampa   [  58% ] 009/100 VUs  2m20.0s/4m0s  83.00 iters/s
k6-1           | 
k6-1           | running (2m21.6s), 011/100 VUs, 9440 complete and 0 interrupted iterations
k6-1           | rampa   [  59% ] 011/100 VUs  2m21.0s/4m0s  83.00 iters/s
k6-1           | 
k6-1           | running (2m22.6s), 009/100 VUs, 9525 complete and 0 interrupted iterations
k6-1           | rampa   [  59% ] 009/100 VUs  2m22.0s/4m0s  83.00 iters/s
k6-1           | 
k6-1           | running (2m23.6s), 011/100 VUs, 9606 complete and 0 interrupted iterations
k6-1           | rampa   [  60% ] 011/100 VUs  2m23.0s/4m0s  83.00 iters/s
k6-1           | 
k6-1           | running (2m24.6s), 011/100 VUs, 9689 complete and 0 interrupted iterations
k6-1           | rampa   [  60% ] 011/100 VUs  2m24.0s/4m0s  83.00 iters/s
k6-1           | 
k6-1           | running (2m25.6s), 011/100 VUs, 9772 complete and 0 interrupted iterations
k6-1           | rampa   [  60% ] 011/100 VUs  2m25.0s/4m0s  83.00 iters/s
k6-1           | 
k6-1           | running (2m26.6s), 010/100 VUs, 9856 complete and 0 interrupted iterations
k6-1           | rampa   [  61% ] 010/100 VUs  2m26.0s/4m0s  83.00 iters/s
k6-1           | 
k6-1           | running (2m27.6s), 009/100 VUs, 9940 complete and 0 interrupted iterations
k6-1           | rampa   [  61% ] 009/100 VUs  2m27.0s/4m0s  83.00 iters/s
k6-1           | 
k6-1           | running (2m28.8s), 011/100 VUs, 10021 complete and 0 interrupted iterations
k6-1           | rampa   [  62% ] 011/100 VUs  2m28.0s/4m0s  83.00 iters/s
k6-1           | 
k6-1           | running (2m29.8s), 011/100 VUs, 10104 complete and 0 interrupted iterations
k6-1           | rampa   [  62% ] 011/100 VUs  2m29.0s/4m0s  83.00 iters/s
k6-1           | 
k6-1           | running (2m30.8s), 011/100 VUs, 10187 complete and 0 interrupted iterations
k6-1           | rampa   [  62% ] 011/100 VUs  2m30.0s/4m0s  83.00 iters/s
k6-1           | 
k6-1           | running (2m31.8s), 010/100 VUs, 10271 complete and 0 interrupted iterations
k6-1           | rampa   [  63% ] 010/100 VUs  2m31.0s/4m0s  83.00 iters/s
k6-1           | 
k6-1           | running (2m32.8s), 011/100 VUs, 10353 complete and 0 interrupted iterations
k6-1           | rampa   [  63% ] 011/100 VUs  2m32.0s/4m0s  83.00 iters/s
k6-1           | 
k6-1           | running (2m33.8s), 011/100 VUs, 10436 complete and 0 interrupted iterations
k6-1           | rampa   [  64% ] 011/100 VUs  2m33.0s/4m0s  83.00 iters/s
k6-1           | 
k6-1           | running (2m34.8s), 009/100 VUs, 10521 complete and 0 interrupted iterations
k6-1           | rampa   [  64% ] 009/100 VUs  2m34.0s/4m0s  83.00 iters/s
k6-1           | 
k6-1           | running (2m35.8s), 010/100 VUs, 10603 complete and 0 interrupted iterations
k6-1           | rampa   [  65% ] 010/100 VUs  2m35.0s/4m0s  83.00 iters/s
k6-1           | 
k6-1           | running (2m36.8s), 010/100 VUs, 10686 complete and 0 interrupted iterations
k6-1           | rampa   [  65% ] 010/100 VUs  2m36.0s/4m0s  83.00 iters/s
k6-1           | 
k6-1           | running (2m37.8s), 010/100 VUs, 10769 complete and 0 interrupted iterations
k6-1           | rampa   [  65% ] 010/100 VUs  2m37.0s/4m0s  83.00 iters/s
k6-1           | 
k6-1           | running (2m38.8s), 011/100 VUs, 10851 complete and 0 interrupted iterations
k6-1           | rampa   [  66% ] 011/100 VUs  2m38.0s/4m0s  83.00 iters/s
k6-1           | 
k6-1           | running (2m39.8s), 011/100 VUs, 10934 complete and 0 interrupted iterations
k6-1           | rampa   [  66% ] 011/100 VUs  2m39.0s/4m0s  83.00 iters/s
k6-1           | 
k6-1           | running (2m40.8s), 010/100 VUs, 11017 complete and 0 interrupted iterations
k6-1           | rampa   [  67% ] 010/100 VUs  2m40.0s/4m0s  83.00 iters/s
k6-1           | 
k6-1           | running (2m41.8s), 011/100 VUs, 11100 complete and 0 interrupted iterations
k6-1           | rampa   [  67% ] 011/100 VUs  2m41.0s/4m0s  83.00 iters/s
k6-1           | 
k6-1           | running (2m42.8s), 010/100 VUs, 11184 complete and 0 interrupted iterations
k6-1           | rampa   [  67% ] 010/100 VUs  2m42.0s/4m0s  83.00 iters/s
k6-1           | 
k6-1           | running (2m43.8s), 010/100 VUs, 11266 complete and 0 interrupted iterations
k6-1           | rampa   [  68% ] 010/100 VUs  2m43.0s/4m0s  83.00 iters/s
k6-1           | 
k6-1           | running (2m44.8s), 011/100 VUs, 11349 complete and 0 interrupted iterations
k6-1           | rampa   [  68% ] 011/100 VUs  2m44.0s/4m0s  83.00 iters/s
k6-1           | 
k6-1           | running (2m45.8s), 010/100 VUs, 11432 complete and 0 interrupted iterations
k6-1           | rampa   [  69% ] 011/100 VUs  2m45.0s/4m0s  83.00 iters/s
k6-1           | 
k6-1           | running (2m46.8s), 011/100 VUs, 11515 complete and 0 interrupted iterations
k6-1           | rampa   [  69% ] 011/100 VUs  2m46.0s/4m0s  83.00 iters/s
k6-1           | 
k6-1           | running (2m47.8s), 011/100 VUs, 11598 complete and 0 interrupted iterations
k6-1           | rampa   [  70% ] 011/100 VUs  2m47.0s/4m0s  83.00 iters/s
k6-1           | 
k6-1           | running (2m48.8s), 011/100 VUs, 11681 complete and 0 interrupted iterations
k6-1           | rampa   [  70% ] 011/100 VUs  2m48.0s/4m0s  83.00 iters/s
k6-1           | 
k6-1           | running (2m49.8s), 011/100 VUs, 11764 complete and 0 interrupted iterations
k6-1           | rampa   [  70% ] 011/100 VUs  2m49.0s/4m0s  83.00 iters/s
k6-1           | 
k6-1           | running (2m50.8s), 011/100 VUs, 11847 complete and 0 interrupted iterations
k6-1           | rampa   [  71% ] 011/100 VUs  2m50.0s/4m0s  83.00 iters/s
k6-1           | 
k6-1           | running (2m51.8s), 010/100 VUs, 11930 complete and 0 interrupted iterations
k6-1           | rampa   [  71% ] 010/100 VUs  2m51.0s/4m0s  83.00 iters/s
k6-1           | 
k6-1           | running (2m52.8s), 010/100 VUs, 12013 complete and 0 interrupted iterations
k6-1           | rampa   [  72% ] 010/100 VUs  2m52.0s/4m0s  83.00 iters/s
k6-1           | 
k6-1           | running (2m53.8s), 011/100 VUs, 12096 complete and 0 interrupted iterations
k6-1           | rampa   [  72% ] 011/100 VUs  2m53.0s/4m0s  83.00 iters/s
k6-1           | 
k6-1           | running (2m54.8s), 010/100 VUs, 12180 complete and 0 interrupted iterations
k6-1           | rampa   [  72% ] 010/100 VUs  2m54.0s/4m0s  83.00 iters/s
k6-1           | 
k6-1           | running (2m55.8s), 010/100 VUs, 12262 complete and 0 interrupted iterations
k6-1           | rampa   [  73% ] 010/100 VUs  2m55.0s/4m0s  83.00 iters/s
k6-1           | 
k6-1           | running (2m56.8s), 011/100 VUs, 12345 complete and 0 interrupted iterations
k6-1           | rampa   [  73% ] 011/100 VUs  2m56.0s/4m0s  83.00 iters/s
k6-1           | 
k6-1           | running (2m57.8s), 011/100 VUs, 12428 complete and 0 interrupted iterations
k6-1           | rampa   [  74% ] 011/100 VUs  2m57.0s/4m0s  83.00 iters/s
k6-1           | 
k6-1           | running (2m58.9s), 011/100 VUs, 12511 complete and 0 interrupted iterations
k6-1           | rampa   [  74% ] 011/100 VUs  2m58.0s/4m0s  83.00 iters/s
k6-1           | 
k6-1           | running (2m59.9s), 011/100 VUs, 12594 complete and 0 interrupted iterations
k6-1           | rampa   [  75% ] 011/100 VUs  2m59.0s/4m0s  83.00 iters/s
k6-1           | 
k6-1           | running (3m00.9s), 011/100 VUs, 12677 complete and 0 interrupted iterations
k6-1           | rampa   [  75% ] 011/100 VUs  3m00.0s/4m0s  83.00 iters/s
k6-1           | 
k6-1           | running (3m01.9s), 011/100 VUs, 12760 complete and 0 interrupted iterations
k6-1           | rampa   [  75% ] 011/100 VUs  3m01.0s/4m0s  83.00 iters/s
k6-1           | 
k6-1           | running (3m02.9s), 011/100 VUs, 12843 complete and 0 interrupted iterations
k6-1           | rampa   [  76% ] 011/100 VUs  3m02.0s/4m0s  83.00 iters/s
k6-1           | 
k6-1           | running (3m03.9s), 011/100 VUs, 12926 complete and 0 interrupted iterations
k6-1           | rampa   [  76% ] 011/100 VUs  3m03.0s/4m0s  83.00 iters/s
k6-1           | 
k6-1           | running (3m04.9s), 010/100 VUs, 13010 complete and 0 interrupted iterations
k6-1           | rampa   [  77% ] 010/100 VUs  3m04.0s/4m0s  83.00 iters/s
k6-1           | 
k6-1           | running (3m05.9s), 011/100 VUs, 13092 complete and 0 interrupted iterations
k6-1           | rampa   [  77% ] 011/100 VUs  3m05.0s/4m0s  83.00 iters/s
k6-1           | 
k6-1           | running (3m06.9s), 010/100 VUs, 13176 complete and 0 interrupted iterations
k6-1           | rampa   [  77% ] 010/100 VUs  3m06.0s/4m0s  83.00 iters/s
k6-1           | 
k6-1           | running (3m07.9s), 010/100 VUs, 13259 complete and 0 interrupted iterations
k6-1           | rampa   [  78% ] 010/100 VUs  3m07.0s/4m0s  83.00 iters/s
k6-1           | 
k6-1           | running (3m08.9s), 009/100 VUs, 13343 complete and 0 interrupted iterations
k6-1           | rampa   [  78% ] 009/100 VUs  3m08.0s/4m0s  83.00 iters/s
k6-1           | 
k6-1           | running (3m09.9s), 010/100 VUs, 13425 complete and 0 interrupted iterations
k6-1           | rampa   [  79% ] 010/100 VUs  3m09.0s/4m0s  83.00 iters/s
k6-1           | 
k6-1           | running (3m10.9s), 011/100 VUs, 13507 complete and 0 interrupted iterations
k6-1           | rampa   [  79% ] 011/100 VUs  3m10.0s/4m0s  83.00 iters/s
k6-1           | 
k6-1           | running (3m11.9s), 010/100 VUs, 13590 complete and 0 interrupted iterations
k6-1           | rampa   [  80% ] 010/100 VUs  3m11.0s/4m0s  83.00 iters/s
k6-1           | 
k6-1           | running (3m12.9s), 010/100 VUs, 13674 complete and 0 interrupted iterations
k6-1           | rampa   [  80% ] 010/100 VUs  3m12.0s/4m0s  83.00 iters/s
k6-1           | 
k6-1           | running (3m13.9s), 011/100 VUs, 13756 complete and 0 interrupted iterations
k6-1           | rampa   [  80% ] 011/100 VUs  3m13.0s/4m0s  83.00 iters/s
k6-1           | 
k6-1           | running (3m14.9s), 009/100 VUs, 13841 complete and 0 interrupted iterations
k6-1           | rampa   [  81% ] 009/100 VUs  3m14.0s/4m0s  83.00 iters/s
k6-1           | 
k6-1           | running (3m15.9s), 011/100 VUs, 13922 complete and 0 interrupted iterations
k6-1           | rampa   [  81% ] 011/100 VUs  3m15.0s/4m0s  83.00 iters/s
k6-1           | 
k6-1           | running (3m16.9s), 009/100 VUs, 14006 complete and 0 interrupted iterations
k6-1           | rampa   [  82% ] 009/100 VUs  3m16.0s/4m0s  83.00 iters/s
k6-1           | 
k6-1           | running (3m17.9s), 010/100 VUs, 14088 complete and 0 interrupted iterations
k6-1           | rampa   [  82% ] 011/100 VUs  3m17.0s/4m0s  83.00 iters/s
k6-1           | 
k6-1           | running (3m18.9s), 010/100 VUs, 14172 complete and 0 interrupted iterations
k6-1           | rampa   [  82% ] 010/100 VUs  3m18.0s/4m0s  83.00 iters/s
k6-1           | 
k6-1           | running (3m19.9s), 010/100 VUs, 14254 complete and 0 interrupted iterations
k6-1           | rampa   [  83% ] 010/100 VUs  3m19.0s/4m0s  83.00 iters/s
k6-1           | 
k6-1           | running (3m20.9s), 010/100 VUs, 14337 complete and 0 interrupted iterations
k6-1           | rampa   [  83% ] 010/100 VUs  3m20.0s/4m0s  83.00 iters/s
k6-1           | 
k6-1           | running (3m21.9s), 011/100 VUs, 14420 complete and 0 interrupted iterations
k6-1           | rampa   [  84% ] 011/100 VUs  3m21.0s/4m0s  83.00 iters/s
k6-1           | 
k6-1           | running (3m22.9s), 010/100 VUs, 14503 complete and 0 interrupted iterations
k6-1           | rampa   [  84% ] 010/100 VUs  3m22.0s/4m0s  83.00 iters/s
k6-1           | 
k6-1           | running (3m23.9s), 010/100 VUs, 14587 complete and 0 interrupted iterations
k6-1           | rampa   [  85% ] 010/100 VUs  3m23.0s/4m0s  83.00 iters/s
k6-1           | 
k6-1           | running (3m24.9s), 010/100 VUs, 14670 complete and 0 interrupted iterations
k6-1           | rampa   [  85% ] 010/100 VUs  3m24.0s/4m0s  83.00 iters/s
k6-1           | 
k6-1           | running (3m25.9s), 011/100 VUs, 14752 complete and 0 interrupted iterations
k6-1           | rampa   [  85% ] 011/100 VUs  3m25.0s/4m0s  83.00 iters/s
k6-1           | 
k6-1           | running (3m26.9s), 011/100 VUs, 14835 complete and 0 interrupted iterations
k6-1           | rampa   [  86% ] 011/100 VUs  3m26.0s/4m0s  83.00 iters/s
k6-1           | 
k6-1           | running (3m27.9s), 011/100 VUs, 14918 complete and 0 interrupted iterations
k6-1           | rampa   [  86% ] 011/100 VUs  3m27.0s/4m0s  83.00 iters/s
k6-1           | 
k6-1           | running (3m29.1s), 011/100 VUs, 15001 complete and 0 interrupted iterations
k6-1           | rampa   [  87% ] 011/100 VUs  3m28.0s/4m0s  83.00 iters/s
k6-1           | 
k6-1           | running (3m30.1s), 010/100 VUs, 15085 complete and 0 interrupted iterations
k6-1           | rampa   [  87% ] 010/100 VUs  3m29.0s/4m0s  83.00 iters/s
k6-1           | 
k6-1           | running (3m31.1s), 011/100 VUs, 15167 complete and 0 interrupted iterations
k6-1           | rampa   [  87% ] 011/100 VUs  3m30.0s/4m0s  83.00 iters/s
k6-1           | 
k6-1           | running (3m32.1s), 010/100 VUs, 15250 complete and 0 interrupted iterations
k6-1           | rampa   [  88% ] 010/100 VUs  3m31.0s/4m0s  83.00 iters/s
k6-1           | 
k6-1           | running (3m33.1s), 009/100 VUs, 15334 complete and 0 interrupted iterations
k6-1           | rampa   [  88% ] 009/100 VUs  3m32.0s/4m0s  83.00 iters/s
k6-1           | 
k6-1           | running (3m34.1s), 010/100 VUs, 15417 complete and 0 interrupted iterations
k6-1           | rampa   [  89% ] 010/100 VUs  3m33.0s/4m0s  83.00 iters/s
k6-1           | 
k6-1           | running (3m35.1s), 011/100 VUs, 15499 complete and 0 interrupted iterations
k6-1           | rampa   [  89% ] 011/100 VUs  3m34.0s/4m0s  83.00 iters/s
k6-1           | 
k6-1           | running (3m36.1s), 010/100 VUs, 15583 complete and 0 interrupted iterations
k6-1           | rampa   [  90% ] 010/100 VUs  3m35.0s/4m0s  83.00 iters/s
k6-1           | 
k6-1           | running (3m37.1s), 011/100 VUs, 15665 complete and 0 interrupted iterations
k6-1           | rampa   [  90% ] 011/100 VUs  3m36.0s/4m0s  83.00 iters/s
k6-1           | 
k6-1           | running (3m38.1s), 010/100 VUs, 15748 complete and 0 interrupted iterations
k6-1           | rampa   [  90% ] 010/100 VUs  3m37.0s/4m0s  83.00 iters/s
k6-1           | 
k6-1           | running (3m39.1s), 011/100 VUs, 15831 complete and 0 interrupted iterations
k6-1           | rampa   [  91% ] 011/100 VUs  3m38.0s/4m0s  83.00 iters/s
k6-1           | 
k6-1           | running (3m40.1s), 011/100 VUs, 15914 complete and 0 interrupted iterations
k6-1           | rampa   [  91% ] 011/100 VUs  3m39.0s/4m0s  83.00 iters/s
k6-1           | 
k6-1           | running (3m41.1s), 011/100 VUs, 15997 complete and 0 interrupted iterations
k6-1           | rampa   [  92% ] 011/100 VUs  3m40.0s/4m0s  83.00 iters/s
k6-1           | 
k6-1           | running (3m42.1s), 011/100 VUs, 16080 complete and 0 interrupted iterations
k6-1           | rampa   [  92% ] 011/100 VUs  3m41.0s/4m0s  83.00 iters/s
k6-1           | 
k6-1           | running (3m43.1s), 010/100 VUs, 16164 complete and 0 interrupted iterations
k6-1           | rampa   [  92% ] 010/100 VUs  3m42.0s/4m0s  83.00 iters/s
k6-1           | 
k6-1           | running (3m44.1s), 011/100 VUs, 16246 complete and 0 interrupted iterations
k6-1           | rampa   [  93% ] 011/100 VUs  3m43.0s/4m0s  83.00 iters/s
k6-1           | 
k6-1           | running (3m45.1s), 011/100 VUs, 16329 complete and 0 interrupted iterations
k6-1           | rampa   [  93% ] 011/100 VUs  3m44.0s/4m0s  83.00 iters/s
k6-1           | 
k6-1           | running (3m46.1s), 011/100 VUs, 16412 complete and 0 interrupted iterations
k6-1           | rampa   [  94% ] 011/100 VUs  3m45.0s/4m0s  83.00 iters/s
k6-1           | 
k6-1           | running (3m47.1s), 011/100 VUs, 16495 complete and 0 interrupted iterations
k6-1           | rampa   [  94% ] 011/100 VUs  3m46.0s/4m0s  83.00 iters/s
k6-1           | 
k6-1           | running (3m48.1s), 011/100 VUs, 16578 complete and 0 interrupted iterations
k6-1           | rampa   [  95% ] 011/100 VUs  3m47.0s/4m0s  83.00 iters/s
k6-1           | 
k6-1           | running (3m49.1s), 011/100 VUs, 16661 complete and 0 interrupted iterations
k6-1           | rampa   [  95% ] 011/100 VUs  3m48.0s/4m0s  83.00 iters/s
k6-1           | 
k6-1           | running (3m50.1s), 009/100 VUs, 16746 complete and 0 interrupted iterations
k6-1           | rampa   [  95% ] 009/100 VUs  3m49.0s/4m0s  83.00 iters/s
k6-1           | 
k6-1           | running (3m51.1s), 011/100 VUs, 16827 complete and 0 interrupted iterations
k6-1           | rampa   [  96% ] 011/100 VUs  3m50.0s/4m0s  83.00 iters/s
k6-1           | 
k6-1           | running (3m52.1s), 011/100 VUs, 16910 complete and 0 interrupted iterations
k6-1           | rampa   [  96% ] 011/100 VUs  3m51.0s/4m0s  83.00 iters/s
k6-1           | 
k6-1           | running (3m53.1s), 011/100 VUs, 16993 complete and 0 interrupted iterations
k6-1           | rampa   [  97% ] 011/100 VUs  3m52.0s/4m0s  83.00 iters/s
k6-1           | 
k6-1           | running (3m54.1s), 011/100 VUs, 17076 complete and 0 interrupted iterations
k6-1           | rampa   [  97% ] 011/100 VUs  3m53.0s/4m0s  83.00 iters/s
k6-1           | 
k6-1           | running (3m55.1s), 011/100 VUs, 17159 complete and 0 interrupted iterations
k6-1           | rampa   [  97% ] 011/100 VUs  3m54.0s/4m0s  83.00 iters/s
k6-1           | 
k6-1           | running (3m56.1s), 010/100 VUs, 17243 complete and 0 interrupted iterations
k6-1           | rampa   [  98% ] 010/100 VUs  3m55.0s/4m0s  83.00 iters/s
k6-1           | 
k6-1           | running (3m57.1s), 011/100 VUs, 17325 complete and 0 interrupted iterations
k6-1           | rampa   [  98% ] 011/100 VUs  3m56.0s/4m0s  83.00 iters/s
k6-1           | 
k6-1           | running (3m58.1s), 011/100 VUs, 17408 complete and 0 interrupted iterations
k6-1           | rampa   [  99% ] 011/100 VUs  3m57.0s/4m0s  83.00 iters/s
k6-1           | 
k6-1           | running (3m59.2s), 010/100 VUs, 17492 complete and 0 interrupted iterations
k6-1           | rampa   [  99% ] 010/100 VUs  3m58.0s/4m0s  83.00 iters/s
k6-1           | 
k6-1           | running (4m00.2s), 011/100 VUs, 17574 complete and 0 interrupted iterations
k6-1           | rampa   [ 100% ] 011/100 VUs  3m59.0s/4m0s  83.00 iters/s
k6-1           | 
k6-1           | running (4m01.2s), 011/100 VUs, 17657 complete and 0 interrupted iterations
k6-1           | rampa   [ 100% ] 011/100 VUs  4m00.0s/4m0s  83.00 iters/s
k6-1           | 
k6-1           | running (4m02.2s), 000/100 VUs, 17669 complete and 0 interrupted iterations
k6-1           | rampa ✓ [ 100% ] 000/100 VUs  4m0s  83.00 iters/s
k6-1           | 
k6-1           | running (4m03.2s), 000/100 VUs, 17669 complete and 0 interrupted iterations
k6-1           | rampa ✓ [ 100% ] 000/100 VUs  4m0s  83.00 iters/s
k6-1           | 
k6-1           |      ✓ HTTP 200
k6-1           |      ✓ tiene Server-Timing
k6-1           | 
k6-1           |      checks.........................: 100.00% 35338 out of 35338
k6-1           |      data_received..................: 7.6 MB  31 kB/s
k6-1           |      data_sent......................: 3.3 MB  14 kB/s
k6-1           |      desde_cache....................: 0.00%   0 out of 17669
k6-1           |      http_req_blocked...............: avg=10.97µs  min=2.63µs   med=5.58µs   p(90)=9.24µs   p(95)=10.94µs  p(99)=35.18µs  max=8.77ms  
k6-1           |      http_req_connecting............: avg=3.29µs   min=0s       med=0s       p(90)=0s       p(95)=0s       p(99)=0s       max=8.64ms  
k6-1           |    ✓ http_req_duration..............: avg=118.37ms min=389.97µs med=121.16ms p(90)=121.82ms p(95)=122.05ms p(99)=123.1ms  max=290.79ms
k6-1           |        { expected_response:true }...: avg=118.37ms min=389.97µs med=121.16ms p(90)=121.82ms p(95)=122.05ms p(99)=123.1ms  max=290.79ms
k6-1           |    ✓ http_req_failed................: 0.00%   0 out of 17671
k6-1           |      http_req_receiving.............: avg=84.38µs  min=12.46µs  med=79.62µs  p(90)=114.99µs p(95)=132.13µs p(99)=207.01µs max=3.27ms  
k6-1           |      http_req_sending...............: avg=48.92µs  min=10.3µs   med=37.65µs  p(90)=56.16µs  p(95)=64.87µs  p(99)=97.97µs  max=139.62ms
k6-1           |      http_req_tls_handshaking.......: avg=0s       min=0s       med=0s       p(90)=0s       p(95)=0s       p(99)=0s       max=0s      
k6-1           |      http_req_waiting...............: avg=118.24ms min=221.25µs med=121.04ms p(90)=121.69ms p(95)=121.9ms  p(99)=122.82ms max=290.66ms
k6-1           |      http_reqs......................: 17671   72.61081/s
k6-1           |      iteration_duration.............: avg=118.07ms min=45.02ms  med=121.49ms p(90)=122.18ms p(95)=122.44ms p(99)=123.39ms max=140.79ms
k6-1           |      iterations.....................: 17669   72.602592/s
k6-1           |      perfiles_parciales.............: 82.52%  14581 out of 17669
k6-1           |      tramo_agg......................: avg=30ns     min=0s       med=0s       p(90)=0s       p(95)=0s       p(99)=0s       max=90µs    
k6-1           |      tramo_cache....................: avg=180.12µs min=50µs     med=160µs    p(90)=250µs    p(95)=310µs    p(99)=510µs    max=6.12ms  
k6-1           |      tramo_fanout...................: avg=116.96ms min=44.18ms  med=120.41ms p(90)=120.99ms p(95)=121.16ms p(99)=121.38ms max=138.77ms
k6-1           |      tramo_rating...................: avg=102ns    min=0s       med=0s       p(90)=0s       p(95)=0s       p(99)=0s       max=190µs   
k6-1           |      vus............................: 0       min=0              max=11 
k6-1           |      vus_max........................: 100     min=100            max=100
k6-1           | 
k6-1           | 
k6-1           | running (4m03.4s), 000/100 VUs, 17669 complete and 0 interrupted iterations
k6-1           | rampa ✓ [ 100% ] 000/100 VUs  4m0s  83.00 iters/s
[Kk6-1 exited with code 0
[Korquestador-1 exited with code 2
redis-1        | 1:signal-handler (1789231393) Received SIGTERM scheduling shutdown...
redis-1        | 1:M 12 Sep 2026 16:43:13.359 * User requested shutdown...
redis-1        | 1:M 12 Sep 2026 16:43:13.359 # Redis is now ready to exit, bye bye...
[Kfuentes-1 exited with code 2
[Kredis-1 exited with code 0

# --- ESTADO extraído del log global (k6 escribe en stderr) ---
k6-1           | time="2026-09-12T16:39:09Z" level=info msg="ESTADO_INICIAL {\"cancelaciones_efectivas\":0,\"conexiones_abiertas\":0,\"conexiones_totales\":0,\"corte_dep_ms\":120,\"deadline_ms\":700,\"fuentes\":9,\"goroutines\":3,\"perfiles_calculados\":0,\"perfiles_parciales\":0,\"uptime_s\":0}\n" source=console
k6-1           | time="2026-09-12T16:43:12Z" level=info msg="ESTADO_FINAL {\"cancelaciones_efectivas\":27785,\"conexiones_abiertas\":43,\"conexiones_totales\":27862,\"corte_dep_ms\":120,\"deadline_ms\":700,\"fuentes\":9,\"goroutines\":190,\"perfiles_calculados\":17669,\"perfiles_parciales\":14581,\"uptime_s\":242}\n" source=console
