         /\      Grafana   /‾‾/  
    /\  /  \     |\  __   /  /   
   /  \/    \    | |/ /  /   ‾‾\ 
  /          \   |   (  |  (‾)  |
 / __________ \  |_|\_\  \_____/ 
     execution: local
        script: /matriz.js
        output: -
     scenarios: (100.00%) 1 scenario, 400 max VUs, 4m30s max duration (incl. graceful stop):
              * rampa: Up to 83.00 iterations/s for 4m0s over 2 stages (maxVUs: 100-400, gracefulStop: 30s)
time="2026-09-13T12:47:21Z" level=info msg="ESTADO_INICIAL {\"cancelaciones_efectivas\":0,\"conexiones_abiertas\":0,\"conexiones_totales\":0,\"consultas_en_vuelo\":0,\"corte_dep_ms\":120,\"deadline_ms\":700,\"fuentes\":3,\"goroutines\":3,\"perfiles_calculados\":0,\"perfiles_parciales\":0,\"uptime_s\":169}\n" source=console
running (0m01.0s), 002/100 VUs, 6 complete and 0 interrupted iterations
rampa   [   0% ] 002/100 VUs  0m00.9s/4m0s  09.23 iters/s
running (0m02.0s), 001/100 VUs, 16 complete and 0 interrupted iterations
rampa   [   1% ] 001/100 VUs  0m01.9s/4m0s  10.38 iters/s
running (0m03.0s), 001/100 VUs, 27 complete and 0 interrupted iterations
rampa   [   1% ] 001/100 VUs  0m02.9s/4m0s  11.63 iters/s
running (0m04.0s), 002/100 VUs, 39 complete and 0 interrupted iterations
rampa   [   2% ] 002/100 VUs  0m03.9s/4m0s  12.95 iters/s
running (0m05.0s), 001/100 VUs, 53 complete and 0 interrupted iterations
rampa   [   2% ] 001/100 VUs  0m04.9s/4m0s  14.15 iters/s
running (0m06.0s), 002/100 VUs, 67 complete and 0 interrupted iterations
rampa   [   2% ] 002/100 VUs  0m05.9s/4m0s  15.42 iters/s
running (0m07.0s), 002/100 VUs, 83 complete and 0 interrupted iterations
rampa   [   3% ] 002/100 VUs  0m06.9s/4m0s  16.67 iters/s
running (0m08.0s), 003/100 VUs, 100 complete and 0 interrupted iterations
rampa   [   3% ] 003/100 VUs  0m07.9s/4m0s  17.97 iters/s
running (0m09.0s), 002/100 VUs, 119 complete and 0 interrupted iterations
rampa   [   4% ] 002/100 VUs  0m08.9s/4m0s  19.18 iters/s
running (0m10.0s), 003/100 VUs, 138 complete and 0 interrupted iterations
rampa   [   4% ] 003/100 VUs  0m09.9s/4m0s  20.44 iters/s
running (0m11.0s), 002/100 VUs, 160 complete and 0 interrupted iterations
rampa   [   5% ] 002/100 VUs  0m10.9s/4m0s  21.69 iters/s
running (0m12.0s), 003/100 VUs, 181 complete and 0 interrupted iterations
rampa   [   5% ] 003/100 VUs  0m11.9s/4m0s  22.92 iters/s
running (0m13.0s), 003/100 VUs, 205 complete and 0 interrupted iterations
rampa   [   5% ] 003/100 VUs  0m12.9s/4m0s  24.19 iters/s
running (0m14.0s), 004/100 VUs, 229 complete and 0 interrupted iterations
rampa   [   6% ] 004/100 VUs  0m13.9s/4m0s  25.45 iters/s
running (0m15.0s), 004/100 VUs, 255 complete and 0 interrupted iterations
rampa   [   6% ] 004/100 VUs  0m14.9s/4m0s  26.70 iters/s
running (0m16.0s), 003/100 VUs, 283 complete and 0 interrupted iterations
rampa   [   7% ] 003/100 VUs  0m15.9s/4m0s  27.93 iters/s
running (0m17.0s), 004/100 VUs, 311 complete and 0 interrupted iterations
rampa   [   7% ] 004/100 VUs  0m16.9s/4m0s  29.20 iters/s
running (0m18.0s), 003/100 VUs, 341 complete and 0 interrupted iterations
rampa   [   7% ] 003/100 VUs  0m17.9s/4m0s  30.42 iters/s
running (0m19.0s), 004/100 VUs, 371 complete and 0 interrupted iterations
rampa   [   8% ] 004/100 VUs  0m18.9s/4m0s  31.67 iters/s
running (0m20.0s), 004/100 VUs, 404 complete and 0 interrupted iterations
rampa   [   8% ] 004/100 VUs  0m19.9s/4m0s  32.94 iters/s
running (0m21.0s), 004/100 VUs, 437 complete and 0 interrupted iterations
rampa   [   9% ] 004/100 VUs  0m20.9s/4m0s  34.17 iters/s
running (0m22.0s), 004/100 VUs, 472 complete and 0 interrupted iterations
rampa   [   9% ] 004/100 VUs  0m21.9s/4m0s  35.43 iters/s
running (0m23.0s), 004/100 VUs, 508 complete and 0 interrupted iterations
rampa   [  10% ] 004/100 VUs  0m22.9s/4m0s  36.68 iters/s
running (0m24.0s), 004/100 VUs, 545 complete and 0 interrupted iterations
rampa   [  10% ] 004/100 VUs  0m23.9s/4m0s  37.92 iters/s
running (0m25.0s), 005/100 VUs, 583 complete and 0 interrupted iterations
rampa   [  10% ] 005/100 VUs  0m24.9s/4m0s  39.18 iters/s
running (0m26.0s), 005/100 VUs, 623 complete and 0 interrupted iterations
rampa   [  11% ] 005/100 VUs  0m25.9s/4m0s  40.44 iters/s
running (0m27.0s), 005/100 VUs, 664 complete and 0 interrupted iterations
rampa   [  11% ] 005/100 VUs  0m26.9s/4m0s  41.69 iters/s
running (0m28.0s), 005/100 VUs, 706 complete and 0 interrupted iterations
rampa   [  12% ] 005/100 VUs  0m27.9s/4m0s  42.93 iters/s
running (0m29.0s), 006/100 VUs, 749 complete and 0 interrupted iterations
rampa   [  12% ] 006/100 VUs  0m28.9s/4m0s  44.19 iters/s
running (0m30.0s), 005/100 VUs, 794 complete and 0 interrupted iterations
rampa   [  12% ] 005/100 VUs  0m29.9s/4m0s  45.42 iters/s
running (0m31.0s), 006/100 VUs, 840 complete and 0 interrupted iterations
rampa   [  13% ] 006/100 VUs  0m30.9s/4m0s  46.69 iters/s
running (0m32.0s), 006/100 VUs, 887 complete and 0 interrupted iterations
rampa   [  13% ] 006/100 VUs  0m31.9s/4m0s  47.93 iters/s
running (0m33.0s), 006/100 VUs, 935 complete and 0 interrupted iterations
rampa   [  14% ] 006/100 VUs  0m32.9s/4m0s  49.17 iters/s
running (0m34.0s), 006/100 VUs, 985 complete and 0 interrupted iterations
rampa   [  14% ] 006/100 VUs  0m33.9s/4m0s  50.43 iters/s
running (0m35.0s), 006/100 VUs, 1036 complete and 0 interrupted iterations
rampa   [  15% ] 006/100 VUs  0m34.9s/4m0s  51.67 iters/s
running (0m36.0s), 007/100 VUs, 1088 complete and 0 interrupted iterations
rampa   [  15% ] 007/100 VUs  0m35.9s/4m0s  52.94 iters/s
running (0m37.0s), 006/100 VUs, 1142 complete and 0 interrupted iterations
rampa   [  15% ] 006/100 VUs  0m36.9s/4m0s  54.18 iters/s
running (0m38.0s), 007/100 VUs, 1196 complete and 0 interrupted iterations
rampa   [  16% ] 007/100 VUs  0m37.9s/4m0s  55.43 iters/s
running (0m39.0s), 008/100 VUs, 1251 complete and 0 interrupted iterations
rampa   [  16% ] 008/100 VUs  0m38.9s/4m0s  56.68 iters/s
running (0m40.0s), 006/100 VUs, 1310 complete and 0 interrupted iterations
rampa   [  17% ] 006/100 VUs  0m39.9s/4m0s  57.92 iters/s
running (0m41.0s), 006/100 VUs, 1369 complete and 0 interrupted iterations
rampa   [  17% ] 006/100 VUs  0m40.9s/4m0s  59.18 iters/s
running (0m42.0s), 008/100 VUs, 1427 complete and 0 interrupted iterations
rampa   [  17% ] 008/100 VUs  0m41.9s/4m0s  60.44 iters/s
running (0m43.0s), 008/100 VUs, 1488 complete and 0 interrupted iterations
rampa   [  18% ] 008/100 VUs  0m42.9s/4m0s  61.69 iters/s
running (0m44.0s), 008/100 VUs, 1550 complete and 0 interrupted iterations
rampa   [  18% ] 008/100 VUs  0m43.9s/4m0s  62.93 iters/s
running (0m45.0s), 008/100 VUs, 1614 complete and 0 interrupted iterations
rampa   [  19% ] 008/100 VUs  0m44.9s/4m0s  64.19 iters/s
running (0m46.0s), 008/100 VUs, 1678 complete and 0 interrupted iterations
rampa   [  19% ] 008/100 VUs  0m45.9s/4m0s  65.42 iters/s
running (0m47.0s), 008/100 VUs, 1744 complete and 0 interrupted iterations
rampa   [  20% ] 008/100 VUs  0m46.9s/4m0s  66.69 iters/s
running (0m48.0s), 009/100 VUs, 1811 complete and 0 interrupted iterations
rampa   [  20% ] 009/100 VUs  0m47.9s/4m0s  67.94 iters/s
running (0m49.0s), 008/100 VUs, 1880 complete and 0 interrupted iterations
rampa   [  20% ] 008/100 VUs  0m48.9s/4m0s  69.18 iters/s
running (0m50.0s), 008/100 VUs, 1950 complete and 0 interrupted iterations
rampa   [  21% ] 008/100 VUs  0m49.9s/4m0s  70.43 iters/s
running (0m51.0s), 009/100 VUs, 2020 complete and 0 interrupted iterations
rampa   [  21% ] 009/100 VUs  0m50.9s/4m0s  71.68 iters/s
running (0m52.0s), 009/100 VUs, 2093 complete and 0 interrupted iterations
rampa   [  22% ] 009/100 VUs  0m51.9s/4m0s  72.94 iters/s
running (0m53.0s), 009/100 VUs, 2166 complete and 0 interrupted iterations
rampa   [  22% ] 009/100 VUs  0m52.9s/4m0s  74.18 iters/s
running (0m54.0s), 009/100 VUs, 2241 complete and 0 interrupted iterations
rampa   [  22% ] 009/100 VUs  0m53.9s/4m0s  75.43 iters/s
running (0m55.0s), 009/100 VUs, 2317 complete and 0 interrupted iterations
rampa   [  23% ] 009/100 VUs  0m54.9s/4m0s  76.68 iters/s
running (0m56.0s), 009/100 VUs, 2394 complete and 0 interrupted iterations
rampa   [  23% ] 009/100 VUs  0m55.9s/4m0s  77.93 iters/s
running (0m57.0s), 010/100 VUs, 2472 complete and 0 interrupted iterations
rampa   [  24% ] 010/100 VUs  0m56.9s/4m0s  79.18 iters/s
running (0m58.0s), 010/100 VUs, 2552 complete and 0 interrupted iterations
rampa   [  24% ] 010/100 VUs  0m57.9s/4m0s  80.44 iters/s
running (0m59.0s), 010/100 VUs, 2633 complete and 0 interrupted iterations
rampa   [  25% ] 010/100 VUs  0m58.9s/4m0s  81.69 iters/s
running (1m00.0s), 010/100 VUs, 2715 complete and 0 interrupted iterations
rampa   [  25% ] 010/100 VUs  0m59.9s/4m0s  82.93 iters/s
running (1m01.0s), 009/100 VUs, 2799 complete and 0 interrupted iterations
rampa   [  25% ] 009/100 VUs  1m00.9s/4m0s  83.00 iters/s
running (1m02.0s), 010/100 VUs, 2881 complete and 0 interrupted iterations
rampa   [  26% ] 010/100 VUs  1m01.9s/4m0s  83.00 iters/s
running (1m03.0s), 010/100 VUs, 2964 complete and 0 interrupted iterations
rampa   [  26% ] 010/100 VUs  1m02.9s/4m0s  83.00 iters/s
running (1m04.0s), 010/100 VUs, 3047 complete and 0 interrupted iterations
rampa   [  27% ] 010/100 VUs  1m03.9s/4m0s  83.00 iters/s
running (1m05.0s), 010/100 VUs, 3130 complete and 0 interrupted iterations
rampa   [  27% ] 010/100 VUs  1m04.9s/4m0s  83.00 iters/s
running (1m06.0s), 010/100 VUs, 3213 complete and 0 interrupted iterations
rampa   [  27% ] 010/100 VUs  1m05.9s/4m0s  83.00 iters/s
running (1m07.0s), 010/100 VUs, 3296 complete and 0 interrupted iterations
rampa   [  28% ] 010/100 VUs  1m06.9s/4m0s  83.00 iters/s
running (1m08.0s), 010/100 VUs, 3379 complete and 0 interrupted iterations
rampa   [  28% ] 010/100 VUs  1m07.9s/4m0s  83.00 iters/s
running (1m09.0s), 010/100 VUs, 3462 complete and 0 interrupted iterations
rampa   [  29% ] 010/100 VUs  1m08.9s/4m0s  83.00 iters/s
running (1m10.0s), 010/100 VUs, 3545 complete and 0 interrupted iterations
rampa   [  29% ] 010/100 VUs  1m09.9s/4m0s  83.00 iters/s
running (1m11.0s), 010/100 VUs, 3628 complete and 0 interrupted iterations
rampa   [  30% ] 010/100 VUs  1m10.9s/4m0s  83.00 iters/s
running (1m12.0s), 010/100 VUs, 3711 complete and 0 interrupted iterations
rampa   [  30% ] 010/100 VUs  1m11.9s/4m0s  83.00 iters/s
running (1m13.0s), 010/100 VUs, 3794 complete and 0 interrupted iterations
rampa   [  30% ] 010/100 VUs  1m12.9s/4m0s  83.00 iters/s
running (1m14.0s), 010/100 VUs, 3877 complete and 0 interrupted iterations
rampa   [  31% ] 010/100 VUs  1m13.9s/4m0s  83.00 iters/s
running (1m15.0s), 010/100 VUs, 3960 complete and 0 interrupted iterations
rampa   [  31% ] 010/100 VUs  1m14.9s/4m0s  83.00 iters/s
running (1m16.0s), 010/100 VUs, 4043 complete and 0 interrupted iterations
rampa   [  32% ] 010/100 VUs  1m15.9s/4m0s  83.00 iters/s
running (1m17.0s), 010/100 VUs, 4126 complete and 0 interrupted iterations
rampa   [  32% ] 010/100 VUs  1m16.9s/4m0s  83.00 iters/s
running (1m18.0s), 010/100 VUs, 4209 complete and 0 interrupted iterations
rampa   [  32% ] 010/100 VUs  1m17.9s/4m0s  83.00 iters/s
running (1m19.0s), 010/100 VUs, 4292 complete and 0 interrupted iterations
rampa   [  33% ] 010/100 VUs  1m18.9s/4m0s  83.00 iters/s
running (1m20.0s), 010/100 VUs, 4375 complete and 0 interrupted iterations
rampa   [  33% ] 010/100 VUs  1m19.9s/4m0s  83.00 iters/s
running (1m21.0s), 010/100 VUs, 4458 complete and 0 interrupted iterations
rampa   [  34% ] 010/100 VUs  1m20.9s/4m0s  83.00 iters/s
running (1m22.0s), 010/100 VUs, 4541 complete and 0 interrupted iterations
rampa   [  34% ] 010/100 VUs  1m21.9s/4m0s  83.00 iters/s
running (1m23.0s), 010/100 VUs, 4624 complete and 0 interrupted iterations
rampa   [  35% ] 010/100 VUs  1m22.9s/4m0s  83.00 iters/s
running (1m24.0s), 010/100 VUs, 4707 complete and 0 interrupted iterations
rampa   [  35% ] 010/100 VUs  1m23.9s/4m0s  83.00 iters/s
running (1m25.0s), 010/100 VUs, 4790 complete and 0 interrupted iterations
rampa   [  35% ] 010/100 VUs  1m24.9s/4m0s  83.00 iters/s
running (1m26.0s), 010/100 VUs, 4873 complete and 0 interrupted iterations
rampa   [  36% ] 010/100 VUs  1m25.9s/4m0s  83.00 iters/s
running (1m27.0s), 010/100 VUs, 4956 complete and 0 interrupted iterations
rampa   [  36% ] 010/100 VUs  1m26.9s/4m0s  83.00 iters/s
running (1m28.0s), 010/100 VUs, 5039 complete and 0 interrupted iterations
rampa   [  37% ] 010/100 VUs  1m27.9s/4m0s  83.00 iters/s
running (1m29.0s), 010/100 VUs, 5122 complete and 0 interrupted iterations
rampa   [  37% ] 010/100 VUs  1m28.9s/4m0s  83.00 iters/s
running (1m30.0s), 010/100 VUs, 5205 complete and 0 interrupted iterations
rampa   [  37% ] 010/100 VUs  1m29.9s/4m0s  83.00 iters/s
running (1m31.0s), 010/100 VUs, 5288 complete and 0 interrupted iterations
rampa   [  38% ] 010/100 VUs  1m30.9s/4m0s  83.00 iters/s
running (1m32.0s), 010/100 VUs, 5371 complete and 0 interrupted iterations
rampa   [  38% ] 010/100 VUs  1m31.9s/4m0s  83.00 iters/s
running (1m33.0s), 010/100 VUs, 5454 complete and 0 interrupted iterations
rampa   [  39% ] 010/100 VUs  1m32.9s/4m0s  83.00 iters/s
running (1m34.0s), 010/100 VUs, 5537 complete and 0 interrupted iterations
rampa   [  39% ] 010/100 VUs  1m33.9s/4m0s  83.00 iters/s
running (1m35.0s), 010/100 VUs, 5620 complete and 0 interrupted iterations
rampa   [  40% ] 010/100 VUs  1m34.9s/4m0s  83.00 iters/s
running (1m36.0s), 010/100 VUs, 5703 complete and 0 interrupted iterations
rampa   [  40% ] 010/100 VUs  1m35.9s/4m0s  83.00 iters/s
running (1m37.0s), 010/100 VUs, 5786 complete and 0 interrupted iterations
rampa   [  40% ] 010/100 VUs  1m36.9s/4m0s  83.00 iters/s
running (1m38.0s), 010/100 VUs, 5869 complete and 0 interrupted iterations
rampa   [  41% ] 010/100 VUs  1m37.9s/4m0s  83.00 iters/s
running (1m39.0s), 010/100 VUs, 5952 complete and 0 interrupted iterations
rampa   [  41% ] 010/100 VUs  1m38.9s/4m0s  83.00 iters/s
running (1m40.0s), 010/100 VUs, 6035 complete and 0 interrupted iterations
rampa   [  42% ] 010/100 VUs  1m39.9s/4m0s  83.00 iters/s
running (1m41.0s), 010/100 VUs, 6118 complete and 0 interrupted iterations
rampa   [  42% ] 010/100 VUs  1m40.9s/4m0s  83.00 iters/s
running (1m42.0s), 010/100 VUs, 6201 complete and 0 interrupted iterations
rampa   [  42% ] 010/100 VUs  1m41.9s/4m0s  83.00 iters/s
running (1m43.0s), 009/100 VUs, 6285 complete and 0 interrupted iterations
rampa   [  43% ] 009/100 VUs  1m42.9s/4m0s  83.00 iters/s
running (1m44.0s), 010/100 VUs, 6367 complete and 0 interrupted iterations
rampa   [  43% ] 010/100 VUs  1m43.9s/4m0s  83.00 iters/s
running (1m45.0s), 010/100 VUs, 6450 complete and 0 interrupted iterations
rampa   [  44% ] 010/100 VUs  1m44.9s/4m0s  83.00 iters/s
running (1m46.0s), 009/100 VUs, 6534 complete and 0 interrupted iterations
rampa   [  44% ] 009/100 VUs  1m45.9s/4m0s  83.00 iters/s
running (1m47.0s), 010/100 VUs, 6616 complete and 0 interrupted iterations
rampa   [  45% ] 010/100 VUs  1m46.9s/4m0s  83.00 iters/s
running (1m48.0s), 010/100 VUs, 6699 complete and 0 interrupted iterations
rampa   [  45% ] 010/100 VUs  1m47.9s/4m0s  83.00 iters/s
running (1m49.0s), 010/100 VUs, 6782 complete and 0 interrupted iterations
rampa   [  45% ] 010/100 VUs  1m48.9s/4m0s  83.00 iters/s
running (1m50.0s), 010/100 VUs, 6865 complete and 0 interrupted iterations
rampa   [  46% ] 010/100 VUs  1m49.9s/4m0s  83.00 iters/s
running (1m51.0s), 010/100 VUs, 6948 complete and 0 interrupted iterations
rampa   [  46% ] 010/100 VUs  1m50.9s/4m0s  83.00 iters/s
running (1m52.0s), 010/100 VUs, 7031 complete and 0 interrupted iterations
rampa   [  47% ] 010/100 VUs  1m51.9s/4m0s  83.00 iters/s
running (1m53.0s), 010/100 VUs, 7114 complete and 0 interrupted iterations
rampa   [  47% ] 010/100 VUs  1m52.9s/4m0s  83.00 iters/s
running (1m54.0s), 010/100 VUs, 7197 complete and 0 interrupted iterations
rampa   [  47% ] 010/100 VUs  1m53.9s/4m0s  83.00 iters/s
running (1m55.0s), 009/100 VUs, 7281 complete and 0 interrupted iterations
rampa   [  48% ] 009/100 VUs  1m54.9s/4m0s  83.00 iters/s
running (1m56.0s), 010/100 VUs, 7363 complete and 0 interrupted iterations
rampa   [  48% ] 010/100 VUs  1m55.9s/4m0s  83.00 iters/s
running (1m57.0s), 010/100 VUs, 7446 complete and 0 interrupted iterations
rampa   [  49% ] 010/100 VUs  1m56.9s/4m0s  83.00 iters/s
running (1m58.0s), 010/100 VUs, 7529 complete and 0 interrupted iterations
rampa   [  49% ] 010/100 VUs  1m57.9s/4m0s  83.00 iters/s
running (1m59.0s), 010/100 VUs, 7612 complete and 0 interrupted iterations
rampa   [  50% ] 010/100 VUs  1m58.9s/4m0s  83.00 iters/s
running (2m00.0s), 010/100 VUs, 7695 complete and 0 interrupted iterations
rampa   [  50% ] 010/100 VUs  1m59.9s/4m0s  83.00 iters/s
running (2m01.0s), 010/100 VUs, 7778 complete and 0 interrupted iterations
rampa   [  50% ] 010/100 VUs  2m00.9s/4m0s  83.00 iters/s
running (2m02.0s), 010/100 VUs, 7861 complete and 0 interrupted iterations
rampa   [  51% ] 010/100 VUs  2m01.9s/4m0s  83.00 iters/s
running (2m03.0s), 010/100 VUs, 7944 complete and 0 interrupted iterations
rampa   [  51% ] 010/100 VUs  2m02.9s/4m0s  83.00 iters/s
running (2m04.0s), 010/100 VUs, 8027 complete and 0 interrupted iterations
rampa   [  52% ] 010/100 VUs  2m03.9s/4m0s  83.00 iters/s
running (2m05.0s), 009/100 VUs, 8111 complete and 0 interrupted iterations
rampa   [  52% ] 009/100 VUs  2m04.9s/4m0s  83.00 iters/s
running (2m06.0s), 010/100 VUs, 8193 complete and 0 interrupted iterations
rampa   [  52% ] 010/100 VUs  2m05.9s/4m0s  83.00 iters/s
running (2m07.0s), 010/100 VUs, 8276 complete and 0 interrupted iterations
rampa   [  53% ] 010/100 VUs  2m06.9s/4m0s  83.00 iters/s
running (2m08.0s), 010/100 VUs, 8359 complete and 0 interrupted iterations
rampa   [  53% ] 010/100 VUs  2m07.9s/4m0s  83.00 iters/s
running (2m09.0s), 010/100 VUs, 8442 complete and 0 interrupted iterations
rampa   [  54% ] 010/100 VUs  2m08.9s/4m0s  83.00 iters/s
running (2m10.0s), 010/100 VUs, 8525 complete and 0 interrupted iterations
rampa   [  54% ] 010/100 VUs  2m09.9s/4m0s  83.00 iters/s
running (2m11.0s), 009/100 VUs, 8609 complete and 0 interrupted iterations
rampa   [  55% ] 009/100 VUs  2m10.9s/4m0s  83.00 iters/s
running (2m12.0s), 010/100 VUs, 8691 complete and 0 interrupted iterations
rampa   [  55% ] 010/100 VUs  2m11.9s/4m0s  83.00 iters/s
running (2m13.0s), 010/100 VUs, 8774 complete and 0 interrupted iterations
rampa   [  55% ] 010/100 VUs  2m12.9s/4m0s  83.00 iters/s
running (2m14.0s), 010/100 VUs, 8857 complete and 0 interrupted iterations
rampa   [  56% ] 010/100 VUs  2m13.9s/4m0s  83.00 iters/s
running (2m15.0s), 010/100 VUs, 8940 complete and 0 interrupted iterations
rampa   [  56% ] 010/100 VUs  2m14.9s/4m0s  83.00 iters/s
running (2m16.0s), 009/100 VUs, 9024 complete and 0 interrupted iterations
rampa   [  57% ] 009/100 VUs  2m15.9s/4m0s  83.00 iters/s
running (2m17.0s), 010/100 VUs, 9106 complete and 0 interrupted iterations
rampa   [  57% ] 010/100 VUs  2m16.9s/4m0s  83.00 iters/s
running (2m18.0s), 009/100 VUs, 9190 complete and 0 interrupted iterations
rampa   [  57% ] 009/100 VUs  2m17.9s/4m0s  83.00 iters/s
running (2m19.0s), 010/100 VUs, 9272 complete and 0 interrupted iterations
rampa   [  58% ] 010/100 VUs  2m18.9s/4m0s  83.00 iters/s
running (2m20.0s), 010/100 VUs, 9355 complete and 0 interrupted iterations
rampa   [  58% ] 010/100 VUs  2m19.9s/4m0s  83.00 iters/s
running (2m21.0s), 010/100 VUs, 9438 complete and 0 interrupted iterations
rampa   [  59% ] 010/100 VUs  2m20.9s/4m0s  83.00 iters/s
running (2m22.0s), 009/100 VUs, 9522 complete and 0 interrupted iterations
rampa   [  59% ] 009/100 VUs  2m21.9s/4m0s  83.00 iters/s
running (2m23.0s), 010/100 VUs, 9604 complete and 0 interrupted iterations
rampa   [  60% ] 010/100 VUs  2m22.9s/4m0s  83.00 iters/s
running (2m24.0s), 010/100 VUs, 9687 complete and 0 interrupted iterations
rampa   [  60% ] 010/100 VUs  2m23.9s/4m0s  83.00 iters/s
running (2m25.0s), 010/100 VUs, 9770 complete and 0 interrupted iterations
rampa   [  60% ] 010/100 VUs  2m24.9s/4m0s  83.00 iters/s
running (2m26.0s), 010/100 VUs, 9853 complete and 0 interrupted iterations
rampa   [  61% ] 010/100 VUs  2m25.9s/4m0s  83.00 iters/s
running (2m27.0s), 010/100 VUs, 9936 complete and 0 interrupted iterations
rampa   [  61% ] 010/100 VUs  2m26.9s/4m0s  83.00 iters/s
running (2m28.0s), 010/100 VUs, 10019 complete and 0 interrupted iterations
rampa   [  62% ] 010/100 VUs  2m27.9s/4m0s  83.00 iters/s
running (2m29.0s), 010/100 VUs, 10102 complete and 0 interrupted iterations
rampa   [  62% ] 010/100 VUs  2m28.9s/4m0s  83.00 iters/s
running (2m30.0s), 010/100 VUs, 10185 complete and 0 interrupted iterations
rampa   [  62% ] 010/100 VUs  2m29.9s/4m0s  83.00 iters/s
running (2m31.0s), 010/100 VUs, 10268 complete and 0 interrupted iterations
rampa   [  63% ] 010/100 VUs  2m30.9s/4m0s  83.00 iters/s
running (2m32.0s), 010/100 VUs, 10351 complete and 0 interrupted iterations
rampa   [  63% ] 010/100 VUs  2m31.9s/4m0s  83.00 iters/s
running (2m33.0s), 009/100 VUs, 10435 complete and 0 interrupted iterations
rampa   [  64% ] 009/100 VUs  2m32.9s/4m0s  83.00 iters/s
running (2m34.0s), 010/100 VUs, 10517 complete and 0 interrupted iterations
rampa   [  64% ] 010/100 VUs  2m33.9s/4m0s  83.00 iters/s
running (2m35.0s), 010/100 VUs, 10600 complete and 0 interrupted iterations
rampa   [  65% ] 010/100 VUs  2m34.9s/4m0s  83.00 iters/s
running (2m36.0s), 010/100 VUs, 10683 complete and 0 interrupted iterations
rampa   [  65% ] 010/100 VUs  2m35.9s/4m0s  83.00 iters/s
running (2m37.0s), 010/100 VUs, 10766 complete and 0 interrupted iterations
rampa   [  65% ] 010/100 VUs  2m36.9s/4m0s  83.00 iters/s
running (2m38.0s), 010/100 VUs, 10849 complete and 0 interrupted iterations
rampa   [  66% ] 010/100 VUs  2m37.9s/4m0s  83.00 iters/s
running (2m39.0s), 010/100 VUs, 10932 complete and 0 interrupted iterations
rampa   [  66% ] 010/100 VUs  2m38.9s/4m0s  83.00 iters/s
running (2m40.0s), 010/100 VUs, 11015 complete and 0 interrupted iterations
rampa   [  67% ] 010/100 VUs  2m39.9s/4m0s  83.00 iters/s
running (2m41.0s), 010/100 VUs, 11098 complete and 0 interrupted iterations
rampa   [  67% ] 010/100 VUs  2m40.9s/4m0s  83.00 iters/s
running (2m42.0s), 010/100 VUs, 11181 complete and 0 interrupted iterations
rampa   [  67% ] 010/100 VUs  2m41.9s/4m0s  83.00 iters/s
running (2m43.0s), 010/100 VUs, 11264 complete and 0 interrupted iterations
rampa   [  68% ] 010/100 VUs  2m42.9s/4m0s  83.00 iters/s
running (2m44.0s), 010/100 VUs, 11347 complete and 0 interrupted iterations
rampa   [  68% ] 010/100 VUs  2m43.9s/4m0s  83.00 iters/s
running (2m45.0s), 009/100 VUs, 11431 complete and 0 interrupted iterations
rampa   [  69% ] 009/100 VUs  2m44.9s/4m0s  83.00 iters/s
running (2m46.0s), 009/100 VUs, 11514 complete and 0 interrupted iterations
rampa   [  69% ] 009/100 VUs  2m45.9s/4m0s  83.00 iters/s
running (2m47.0s), 010/100 VUs, 11596 complete and 0 interrupted iterations
rampa   [  70% ] 010/100 VUs  2m46.9s/4m0s  83.00 iters/s
running (2m48.0s), 010/100 VUs, 11679 complete and 0 interrupted iterations
rampa   [  70% ] 010/100 VUs  2m47.9s/4m0s  83.00 iters/s
running (2m49.0s), 010/100 VUs, 11762 complete and 0 interrupted iterations
rampa   [  70% ] 010/100 VUs  2m48.9s/4m0s  83.00 iters/s
running (2m50.0s), 010/100 VUs, 11845 complete and 0 interrupted iterations
rampa   [  71% ] 010/100 VUs  2m49.9s/4m0s  83.00 iters/s
running (2m51.0s), 010/100 VUs, 11928 complete and 0 interrupted iterations
rampa   [  71% ] 010/100 VUs  2m50.9s/4m0s  83.00 iters/s
running (2m52.0s), 010/100 VUs, 12011 complete and 0 interrupted iterations
rampa   [  72% ] 010/100 VUs  2m51.9s/4m0s  83.00 iters/s
running (2m53.0s), 009/100 VUs, 12095 complete and 0 interrupted iterations
rampa   [  72% ] 009/100 VUs  2m52.9s/4m0s  83.00 iters/s
running (2m54.0s), 010/100 VUs, 12177 complete and 0 interrupted iterations
rampa   [  72% ] 010/100 VUs  2m53.9s/4m0s  83.00 iters/s
running (2m55.0s), 010/100 VUs, 12260 complete and 0 interrupted iterations
rampa   [  73% ] 010/100 VUs  2m54.9s/4m0s  83.00 iters/s
running (2m56.0s), 009/100 VUs, 12344 complete and 0 interrupted iterations
rampa   [  73% ] 009/100 VUs  2m55.9s/4m0s  83.00 iters/s
running (2m57.0s), 010/100 VUs, 12426 complete and 0 interrupted iterations
rampa   [  74% ] 010/100 VUs  2m56.9s/4m0s  83.00 iters/s
running (2m58.0s), 010/100 VUs, 12509 complete and 0 interrupted iterations
rampa   [  74% ] 010/100 VUs  2m57.9s/4m0s  83.00 iters/s
running (2m59.0s), 010/100 VUs, 12592 complete and 0 interrupted iterations
rampa   [  75% ] 010/100 VUs  2m58.9s/4m0s  83.00 iters/s
running (3m00.0s), 010/100 VUs, 12675 complete and 0 interrupted iterations
rampa   [  75% ] 010/100 VUs  2m59.9s/4m0s  83.00 iters/s
running (3m01.0s), 010/100 VUs, 12758 complete and 0 interrupted iterations
rampa   [  75% ] 010/100 VUs  3m00.9s/4m0s  83.00 iters/s
running (3m02.0s), 010/100 VUs, 12841 complete and 0 interrupted iterations
rampa   [  76% ] 010/100 VUs  3m01.9s/4m0s  83.00 iters/s
running (3m03.0s), 010/100 VUs, 12924 complete and 0 interrupted iterations
rampa   [  76% ] 010/100 VUs  3m02.9s/4m0s  83.00 iters/s
running (3m04.0s), 010/100 VUs, 13007 complete and 0 interrupted iterations
rampa   [  77% ] 010/100 VUs  3m03.9s/4m0s  83.00 iters/s
running (3m05.0s), 010/100 VUs, 13090 complete and 0 interrupted iterations
rampa   [  77% ] 010/100 VUs  3m04.9s/4m0s  83.00 iters/s
running (3m06.0s), 010/100 VUs, 13173 complete and 0 interrupted iterations
rampa   [  77% ] 010/100 VUs  3m05.9s/4m0s  83.00 iters/s
running (3m07.0s), 010/100 VUs, 13256 complete and 0 interrupted iterations
rampa   [  78% ] 010/100 VUs  3m06.9s/4m0s  83.00 iters/s
running (3m08.0s), 010/100 VUs, 13339 complete and 0 interrupted iterations
rampa   [  78% ] 010/100 VUs  3m07.9s/4m0s  83.00 iters/s
running (3m09.0s), 010/100 VUs, 13422 complete and 0 interrupted iterations
rampa   [  79% ] 010/100 VUs  3m08.9s/4m0s  83.00 iters/s
running (3m10.0s), 010/100 VUs, 13505 complete and 0 interrupted iterations
rampa   [  79% ] 010/100 VUs  3m09.9s/4m0s  83.00 iters/s
running (3m11.0s), 010/100 VUs, 13588 complete and 0 interrupted iterations
rampa   [  80% ] 010/100 VUs  3m10.9s/4m0s  83.00 iters/s
running (3m12.0s), 010/100 VUs, 13671 complete and 0 interrupted iterations
rampa   [  80% ] 010/100 VUs  3m11.9s/4m0s  83.00 iters/s
running (3m13.0s), 010/100 VUs, 13754 complete and 0 interrupted iterations
rampa   [  80% ] 010/100 VUs  3m12.9s/4m0s  83.00 iters/s
running (3m14.0s), 010/100 VUs, 13837 complete and 0 interrupted iterations
rampa   [  81% ] 010/100 VUs  3m13.9s/4m0s  83.00 iters/s
running (3m15.0s), 010/100 VUs, 13920 complete and 0 interrupted iterations
rampa   [  81% ] 010/100 VUs  3m14.9s/4m0s  83.00 iters/s
running (3m16.0s), 010/100 VUs, 14003 complete and 0 interrupted iterations
rampa   [  82% ] 010/100 VUs  3m15.9s/4m0s  83.00 iters/s
running (3m17.0s), 010/100 VUs, 14086 complete and 0 interrupted iterations
rampa   [  82% ] 010/100 VUs  3m16.9s/4m0s  83.00 iters/s
running (3m18.0s), 010/100 VUs, 14169 complete and 0 interrupted iterations
rampa   [  82% ] 010/100 VUs  3m17.9s/4m0s  83.00 iters/s
running (3m19.0s), 010/100 VUs, 14252 complete and 0 interrupted iterations
rampa   [  83% ] 010/100 VUs  3m18.9s/4m0s  83.00 iters/s
running (3m20.0s), 010/100 VUs, 14335 complete and 0 interrupted iterations
rampa   [  83% ] 010/100 VUs  3m19.9s/4m0s  83.00 iters/s
running (3m21.0s), 010/100 VUs, 14418 complete and 0 interrupted iterations
rampa   [  84% ] 010/100 VUs  3m20.9s/4m0s  83.00 iters/s
running (3m22.0s), 010/100 VUs, 14501 complete and 0 interrupted iterations
rampa   [  84% ] 010/100 VUs  3m21.9s/4m0s  83.00 iters/s
running (3m23.0s), 010/100 VUs, 14584 complete and 0 interrupted iterations
rampa   [  85% ] 010/100 VUs  3m22.9s/4m0s  83.00 iters/s
running (3m24.0s), 010/100 VUs, 14667 complete and 0 interrupted iterations
rampa   [  85% ] 010/100 VUs  3m23.9s/4m0s  83.00 iters/s
running (3m25.0s), 010/100 VUs, 14750 complete and 0 interrupted iterations
rampa   [  85% ] 010/100 VUs  3m24.9s/4m0s  83.00 iters/s
running (3m26.0s), 010/100 VUs, 14833 complete and 0 interrupted iterations
rampa   [  86% ] 010/100 VUs  3m25.9s/4m0s  83.00 iters/s
running (3m27.0s), 010/100 VUs, 14916 complete and 0 interrupted iterations
rampa   [  86% ] 010/100 VUs  3m26.9s/4m0s  83.00 iters/s
running (3m28.0s), 010/100 VUs, 14999 complete and 0 interrupted iterations
rampa   [  87% ] 010/100 VUs  3m27.9s/4m0s  83.00 iters/s
running (3m29.0s), 010/100 VUs, 15082 complete and 0 interrupted iterations
rampa   [  87% ] 010/100 VUs  3m28.9s/4m0s  83.00 iters/s
running (3m30.0s), 010/100 VUs, 15165 complete and 0 interrupted iterations
rampa   [  87% ] 010/100 VUs  3m29.9s/4m0s  83.00 iters/s
running (3m31.0s), 009/100 VUs, 15249 complete and 0 interrupted iterations
rampa   [  88% ] 009/100 VUs  3m30.9s/4m0s  83.00 iters/s
running (3m32.0s), 010/100 VUs, 15331 complete and 0 interrupted iterations
rampa   [  88% ] 010/100 VUs  3m31.9s/4m0s  83.00 iters/s
running (3m33.0s), 010/100 VUs, 15414 complete and 0 interrupted iterations
rampa   [  89% ] 010/100 VUs  3m32.9s/4m0s  83.00 iters/s
running (3m34.0s), 010/100 VUs, 15497 complete and 0 interrupted iterations
rampa   [  89% ] 010/100 VUs  3m33.9s/4m0s  83.00 iters/s
running (3m35.0s), 009/100 VUs, 15581 complete and 0 interrupted iterations
rampa   [  90% ] 009/100 VUs  3m34.9s/4m0s  83.00 iters/s
running (3m36.0s), 010/100 VUs, 15663 complete and 0 interrupted iterations
rampa   [  90% ] 010/100 VUs  3m35.9s/4m0s  83.00 iters/s
running (3m37.0s), 010/100 VUs, 15746 complete and 0 interrupted iterations
rampa   [  90% ] 010/100 VUs  3m36.9s/4m0s  83.00 iters/s
running (3m38.0s), 010/100 VUs, 15829 complete and 0 interrupted iterations
rampa   [  91% ] 010/100 VUs  3m37.9s/4m0s  83.00 iters/s
running (3m39.0s), 011/100 VUs, 15911 complete and 0 interrupted iterations
rampa   [  91% ] 011/100 VUs  3m38.9s/4m0s  83.00 iters/s
running (3m40.0s), 010/100 VUs, 15995 complete and 0 interrupted iterations
rampa   [  92% ] 010/100 VUs  3m39.9s/4m0s  83.00 iters/s
running (3m41.0s), 010/100 VUs, 16078 complete and 0 interrupted iterations
rampa   [  92% ] 010/100 VUs  3m40.9s/4m0s  83.00 iters/s
running (3m42.0s), 009/100 VUs, 16162 complete and 0 interrupted iterations
rampa   [  92% ] 009/100 VUs  3m41.9s/4m0s  83.00 iters/s
running (3m43.0s), 010/100 VUs, 16244 complete and 0 interrupted iterations
rampa   [  93% ] 010/100 VUs  3m42.9s/4m0s  83.00 iters/s
running (3m44.0s), 010/100 VUs, 16327 complete and 0 interrupted iterations
rampa   [  93% ] 010/100 VUs  3m43.9s/4m0s  83.00 iters/s
running (3m45.0s), 010/100 VUs, 16410 complete and 0 interrupted iterations
rampa   [  94% ] 010/100 VUs  3m44.9s/4m0s  83.00 iters/s
running (3m46.0s), 010/100 VUs, 16493 complete and 0 interrupted iterations
rampa   [  94% ] 010/100 VUs  3m45.9s/4m0s  83.00 iters/s
running (3m47.0s), 009/100 VUs, 16577 complete and 0 interrupted iterations
rampa   [  95% ] 009/100 VUs  3m46.9s/4m0s  83.00 iters/s
running (3m48.0s), 010/100 VUs, 16659 complete and 0 interrupted iterations
rampa   [  95% ] 010/100 VUs  3m47.9s/4m0s  83.00 iters/s
running (3m49.0s), 010/100 VUs, 16742 complete and 0 interrupted iterations
rampa   [  95% ] 010/100 VUs  3m48.9s/4m0s  83.00 iters/s
running (3m50.0s), 010/100 VUs, 16825 complete and 0 interrupted iterations
rampa   [  96% ] 010/100 VUs  3m49.9s/4m0s  83.00 iters/s
running (3m51.0s), 010/100 VUs, 16908 complete and 0 interrupted iterations
rampa   [  96% ] 010/100 VUs  3m50.9s/4m0s  83.00 iters/s
running (3m52.0s), 010/100 VUs, 16991 complete and 0 interrupted iterations
rampa   [  97% ] 010/100 VUs  3m51.9s/4m0s  83.00 iters/s
running (3m53.0s), 010/100 VUs, 17074 complete and 0 interrupted iterations
rampa   [  97% ] 010/100 VUs  3m52.9s/4m0s  83.00 iters/s
running (3m54.0s), 010/100 VUs, 17157 complete and 0 interrupted iterations
rampa   [  97% ] 010/100 VUs  3m53.9s/4m0s  83.00 iters/s
running (3m55.0s), 010/100 VUs, 17240 complete and 0 interrupted iterations
rampa   [  98% ] 010/100 VUs  3m54.9s/4m0s  83.00 iters/s
running (3m56.0s), 010/100 VUs, 17323 complete and 0 interrupted iterations
rampa   [  98% ] 010/100 VUs  3m55.9s/4m0s  83.00 iters/s
running (3m57.0s), 010/100 VUs, 17406 complete and 0 interrupted iterations
rampa   [  99% ] 010/100 VUs  3m56.9s/4m0s  83.00 iters/s
running (3m58.0s), 010/100 VUs, 17489 complete and 0 interrupted iterations
rampa   [  99% ] 010/100 VUs  3m57.9s/4m0s  83.00 iters/s
running (3m59.0s), 010/100 VUs, 17572 complete and 0 interrupted iterations
rampa   [ 100% ] 010/100 VUs  3m58.9s/4m0s  83.00 iters/s
running (4m00.0s), 010/100 VUs, 17655 complete and 0 interrupted iterations
rampa   [ 100% ] 010/100 VUs  3m59.9s/4m0s  83.00 iters/s
running (4m01.0s), 000/100 VUs, 17669 complete and 0 interrupted iterations
rampa ✓ [ 100% ] 000/100 VUs  4m0s  83.00 iters/s
running (4m02.0s), 000/100 VUs, 17669 complete and 0 interrupted iterations
rampa ✓ [ 100% ] 000/100 VUs  4m0s  83.00 iters/s
time="2026-09-13T12:51:23Z" level=info msg="ESTADO_FINAL {\"cancelaciones_efectivas\":32409,\"conexiones_abiertas\":6,\"conexiones_totales\":32451,\"consultas_en_vuelo\":0,\"corte_dep_ms\":120,\"deadline_ms\":700,\"fuentes\":3,\"goroutines\":116,\"perfiles_calculados\":17669,\"perfiles_parciales\":16611,\"uptime_s\":411}\n" source=console
time="2026-09-13T12:51:23Z" level=info msg="RESUMEN_CORTO p50=121.4ms p95=122.2ms p99=123.5ms max=154ms parciales=92.2% errores=23.02%" source=console
RESUMEN_JSON {"state":{"isStdOutTTY":false,"isStdErrTTY":false,"testRunDurationMs":242120.731806},"metrics":{"checks":{"type":"rate","contains":"default","values":{"rate":0.8848831286433867,"passes":31270,"fails":4068}},"http_req_sending":{"type":"trend","contains":"time","values":{"avg":0.036471308358327306,"min":0.018099,"med":0.034326,"p(90)":0.040002,"p(95)":0.044928499999999996,"p(99)":0.09758909999999998,"max":0.567575}},"http_req_duration{expected_response:true}":{"type":"trend","contains":"time","values":{"avg":119.75900000463083,"min":0.394238,"med":121.44153,"p(90)":122.003937,"p(95)":122.2088777,"p(99)":123.53649759999999,"max":153.786833}},"iteration_duration":{"values":{"med":121.793832,"p(90)":122.3817906,"p(95)":122.6199088,"p(99)":124.04247476,"max":159.10562,"avg":120.5391393915896,"min":31.620829},"type":"trend","contains":"time"},"perfiles_parciales":{"values":{"rate":0.9222116020880817,"passes":12543,"fails":1058},"type":"rate","contains":"default"},"http_req_waiting":{"type":"trend","contains":"time","values":{"p(99)":123.31499179999999,"max":153.671711,"avg":120.00806788659372,"min":0.267055,"med":121.286057,"p(90)":121.841641,"p(95)":122.0410675}},"http_req_failed":{"thresholds":{"rate<0.01":{"ok":false}},"type":"rate","contains":"default","values":{"rate":0.23020768490747553,"passes":4068,"fails":13603}},"data_received":{"type":"counter","contains":"data","values":{"count":7086159,"rate":29267.047671398115}},"vus_max":{"type":"gauge","contains":"default","values":{"value":100,"min":100,"max":100}},"http_req_connecting":{"type":"trend","contains":"time","values":{"min":0,"med":0,"p(90)":0,"p(95)":0,"p(99)":0,"max":36.406038,"avg":0.004303524078999489}},"tramo_rating":{"type":"trend","contains":"time","values":{"min":0,"med":0,"p(90)":0,"p(95)":0,"p(99)":0,"max":0.06,"avg":0.00006282189144829931}},"tramo_fanout":{"contains":"time","values":{"med":120.36,"p(90)":120.86,"p(95)":121.01,"p(99)":121.19,"max":133.15,"avg":119.04355368158654,"min":30.25},"type":"trend"},"http_req_duration":{"values":{"p(99)":123.4865435,"max":153.786833,"avg":120.11956442442359,"min":0.394238,"med":121.394951,"p(90)":121.956776,"p(95)":122.1642635},"thresholds":{"p(95)<400":{"ok":true},"p(99)<800":{"ok":true}},"type":"trend","contains":"time"},"http_req_tls_handshaking":{"type":"trend","contains":"time","values":{"p(95)":0,"p(99)":0,"max":0,"avg":0,"min":0,"med":0,"p(90)":0}},"data_sent":{"type":"counter","contains":"data","values":{"rate":14471.79666881037,"count":3503922}},"http_req_receiving":{"type":"trend","contains":"time","values":{"med":0.070608,"p(90)":0.087947,"p(95)":0.0970335,"p(99)":0.16413459999999983,"max":3.36604,"avg":0.07502522947201702,"min":0.024721}},"http_req_blocked":{"type":"trend","contains":"time","values":{"min":0.004614,"med":0.006778,"p(90)":0.008841,"p(95)":0.009864000000000001,"p(99)":0.029386499999999954,"max":36.51269,"avg":0.012434253635900703}},"iterations":{"type":"counter","contains":"default","values":{"count":17669,"rate":72.97598957431428}},"vus":{"values":{"min":0,"max":11,"value":0},"type":"gauge","contains":"default"},"tramo_agg":{"type":"trend","contains":"time","values":{"min":0,"med":0,"p(90)":0,"p(95)":0,"p(99)":0,"max":0.05,"avg":0.00003961740902145002}},"tramo_cache":{"type":"trend","contains":"time","values":{"p(99)":0.57,"max":25.52,"avg":0.3380859131812916,"min":0.15,"med":0.3,"p(90)":0.38,"p(95)":0.43}},"http_reqs":{"type":"counter","contains":"default","values":{"count":17671,"rate":72.98424991610774}},"desde_cache":{"type":"rate","contains":"default","values":{"passes":0,"fails":13601,"rate":0}}},"setup_data":{"inicio":1789303641440},"root_group":{"name":"","path":"","id":"d41d8cd98f00b204e9800998ecf8427e","groups":[],"checks":[{"name":"HTTP 200","path":"::HTTP 200","id":"b70aee8a9f7a77d66dd70844a901558a","passes":13601,"fails":4068},{"path":"::tiene Server-Timing","id":"858c6c19a8219ab39416f8e3720d3e80","passes":17669,"fails":0,"name":"tiene Server-Timing"}]},"options":{"summaryTrendStats":["avg","min","med","p(90)","p(95)","p(99)","max"],"summaryTimeUnit":"","noColor":false}}
running (4m02.1s), 000/100 VUs, 17669 complete and 0 interrupted iterations
rampa ✓ [ 100% ] 000/100 VUs  4m0s  83.00 iters/s
time="2026-09-13T12:51:23Z" level=error msg="thresholds on metrics 'http_req_failed' have been crossed"
