         /\      Grafana   /‾‾/  
    /\  /  \     |\  __   /  /   
   /  \/    \    | |/ /  /   ‾‾\ 
  /          \   |   (  |  (‾)  |
 / __________ \  |_|\_\  \_____/ 
     execution: local
        script: /matriz.js
        output: -
     scenarios: (100.00%) 1 scenario, 400 max VUs, 4m30s max duration (incl. graceful stop):
              * rampa: Up to 83.00 iterations/s for 4m0s over 2 stages (maxVUs: 100-400, gracefulStop: 30s)
Run     [ 100% ] setup()
rampa   [   0% ]
Run     [ 100% ] setup()
rampa   [   0% ]
Run     [ 100% ] setup()
rampa   [   0% ]
Run     [ 100% ] setup()
rampa   [   0% ]
Run     [ 100% ] setup()
rampa   [   0% ]
Run     [ 100% ] setup()
rampa   [   0% ]
Run     [ 100% ] setup()
rampa   [   0% ]
Run     [ 100% ] setup()
rampa   [   0% ]
Run     [ 100% ] setup()
rampa   [   0% ]
Run     [ 100% ] setup()
rampa   [   0% ]
Run     [ 100% ] setup()
rampa   [   0% ]
Run     [ 100% ] setup()
rampa   [   0% ]
Run     [ 100% ] setup()
rampa   [   0% ]
Run     [ 100% ] setup()
rampa   [   0% ]
Run     [ 100% ] setup()
rampa   [   0% ]
Run     [ 100% ] setup()
rampa   [   0% ]
Run     [ 100% ] setup()
rampa   [   0% ]
Run     [ 100% ] setup()
rampa   [   0% ]
Run     [ 100% ] setup()
rampa   [   0% ]
Run     [ 100% ] setup()
rampa   [   0% ]
time="2026-09-13T12:29:05Z" level=info msg="ESTADO_INICIAL {\"cancelaciones_efectivas\":31017,\"conexiones_abiertas\":3,\"conexiones_totales\":31199,\"consultas_en_vuelo\":0,\"corte_dep_ms\":120,\"deadline_ms\":700,\"fuentes\":3,\"goroutines\":9,\"perfiles_calculados\":59156,\"perfiles_parciales\":25863,\"uptime_s\":1552}\n" source=console
running (0m21.0s), 000/100 VUs, 8 complete and 0 interrupted iterations
rampa   [   0% ] 000/100 VUs  0m01.0s/4m0s  09.23 iters/s
running (0m22.0s), 002/100 VUs, 16 complete and 0 interrupted iterations
rampa   [   1% ] 002/100 VUs  0m02.0s/4m0s  10.50 iters/s
running (0m23.0s), 001/100 VUs, 28 complete and 0 interrupted iterations
rampa   [   1% ] 001/100 VUs  0m03.0s/4m0s  11.74 iters/s
running (0m24.0s), 000/100 VUs, 41 complete and 0 interrupted iterations
rampa   [   2% ] 000/100 VUs  0m04.0s/4m0s  12.95 iters/s
running (0m25.0s), 001/100 VUs, 53 complete and 0 interrupted iterations
rampa   [   2% ] 001/100 VUs  0m05.0s/4m0s  14.15 iters/s
running (0m26.0s), 001/100 VUs, 68 complete and 0 interrupted iterations
rampa   [   2% ] 001/100 VUs  0m06.0s/4m0s  15.42 iters/s
running (0m27.0s), 000/100 VUs, 85 complete and 0 interrupted iterations
rampa   [   3% ] 000/100 VUs  0m07.0s/4m0s  16.67 iters/s
running (0m28.0s), 001/100 VUs, 102 complete and 0 interrupted iterations
rampa   [   3% ] 001/100 VUs  0m08.0s/4m0s  17.97 iters/s
running (0m29.0s), 001/100 VUs, 120 complete and 0 interrupted iterations
rampa   [   4% ] 001/100 VUs  0m09.0s/4m0s  19.18 iters/s
running (0m30.0s), 001/100 VUs, 140 complete and 0 interrupted iterations
rampa   [   4% ] 001/100 VUs  0m10.0s/4m0s  20.44 iters/s
running (0m31.0s), 002/100 VUs, 160 complete and 0 interrupted iterations
rampa   [   5% ] 002/100 VUs  0m11.0s/4m0s  21.69 iters/s
running (0m32.0s), 002/100 VUs, 182 complete and 0 interrupted iterations
rampa   [   5% ] 002/100 VUs  0m12.0s/4m0s  22.92 iters/s
running (0m33.0s), 003/100 VUs, 205 complete and 0 interrupted iterations
rampa   [   5% ] 003/100 VUs  0m13.0s/4m0s  24.19 iters/s
running (0m34.0s), 001/100 VUs, 232 complete and 0 interrupted iterations
rampa   [   6% ] 001/100 VUs  0m14.0s/4m0s  25.45 iters/s
running (0m35.0s), 001/100 VUs, 258 complete and 0 interrupted iterations
rampa   [   6% ] 001/100 VUs  0m15.0s/4m0s  26.70 iters/s
running (0m36.0s), 001/100 VUs, 285 complete and 0 interrupted iterations
rampa   [   7% ] 001/100 VUs  0m16.0s/4m0s  27.93 iters/s
running (0m37.0s), 002/100 VUs, 313 complete and 0 interrupted iterations
rampa   [   7% ] 002/100 VUs  0m17.0s/4m0s  29.20 iters/s
running (0m38.0s), 000/100 VUs, 345 complete and 0 interrupted iterations
rampa   [   7% ] 000/100 VUs  0m18.0s/4m0s  30.46 iters/s
running (0m39.0s), 000/100 VUs, 376 complete and 0 interrupted iterations
rampa   [   8% ] 000/100 VUs  0m19.0s/4m0s  31.71 iters/s
running (0m40.0s), 002/100 VUs, 406 complete and 0 interrupted iterations
rampa   [   8% ] 002/100 VUs  0m20.0s/4m0s  32.94 iters/s
running (0m41.0s), 004/100 VUs, 438 complete and 0 interrupted iterations
rampa   [   9% ] 004/100 VUs  0m21.0s/4m0s  34.21 iters/s
running (0m42.0s), 001/100 VUs, 475 complete and 0 interrupted iterations
rampa   [   9% ] 001/100 VUs  0m22.0s/4m0s  35.43 iters/s
running (0m43.0s), 001/100 VUs, 511 complete and 0 interrupted iterations
rampa   [  10% ] 001/100 VUs  0m23.0s/4m0s  36.68 iters/s
running (0m44.0s), 003/100 VUs, 547 complete and 0 interrupted iterations
rampa   [  10% ] 003/100 VUs  0m24.0s/4m0s  37.95 iters/s
running (0m45.0s), 003/100 VUs, 585 complete and 0 interrupted iterations
rampa   [  10% ] 003/100 VUs  0m25.0s/4m0s  39.18 iters/s
running (0m46.0s), 002/100 VUs, 626 complete and 0 interrupted iterations
rampa   [  11% ] 002/100 VUs  0m26.0s/4m0s  40.44 iters/s
running (0m47.0s), 000/100 VUs, 669 complete and 0 interrupted iterations
rampa   [  11% ] 000/100 VUs  0m27.0s/4m0s  41.69 iters/s
running (0m48.0s), 003/100 VUs, 709 complete and 0 interrupted iterations
rampa   [  12% ] 003/100 VUs  0m28.0s/4m0s  42.96 iters/s
running (0m49.0s), 001/100 VUs, 754 complete and 0 interrupted iterations
rampa   [  12% ] 001/100 VUs  0m29.0s/4m0s  44.19 iters/s
running (0m50.0s), 003/100 VUs, 797 complete and 0 interrupted iterations
rampa   [  12% ] 003/100 VUs  0m30.0s/4m0s  45.45 iters/s
running (0m51.0s), 003/100 VUs, 843 complete and 0 interrupted iterations
rampa   [  13% ] 003/100 VUs  0m31.0s/4m0s  46.69 iters/s
running (0m52.0s), 002/100 VUs, 891 complete and 0 interrupted iterations
rampa   [  13% ] 002/100 VUs  0m32.0s/4m0s  47.93 iters/s
running (0m53.0s), 004/100 VUs, 938 complete and 0 interrupted iterations
rampa   [  14% ] 004/100 VUs  0m33.0s/4m0s  49.20 iters/s
running (0m54.0s), 001/100 VUs, 991 complete and 0 interrupted iterations
rampa   [  14% ] 001/100 VUs  0m34.0s/4m0s  50.45 iters/s
running (0m55.0s), 001/100 VUs, 1042 complete and 0 interrupted iterations
rampa   [  15% ] 001/100 VUs  0m35.0s/4m0s  51.70 iters/s
running (0m56.0s), 002/100 VUs, 1093 complete and 0 interrupted iterations
rampa   [  15% ] 002/100 VUs  0m36.0s/4m0s  52.94 iters/s
running (0m57.0s), 003/100 VUs, 1146 complete and 0 interrupted iterations
rampa   [  15% ] 003/100 VUs  0m37.0s/4m0s  54.20 iters/s
running (0m58.0s), 002/100 VUs, 1201 complete and 0 interrupted iterations
rampa   [  16% ] 002/100 VUs  0m38.0s/4m0s  55.43 iters/s
running (0m59.0s), 002/100 VUs, 1257 complete and 0 interrupted iterations
rampa   [  16% ] 002/100 VUs  0m39.0s/4m0s  56.70 iters/s
running (1m00.0s), 001/100 VUs, 1316 complete and 0 interrupted iterations
rampa   [  17% ] 001/100 VUs  0m40.0s/4m0s  57.95 iters/s
running (1m01.0s), 001/100 VUs, 1374 complete and 0 interrupted iterations
rampa   [  17% ] 001/100 VUs  0m41.0s/4m0s  59.18 iters/s
running (1m02.0s), 002/100 VUs, 1433 complete and 0 interrupted iterations
rampa   [  17% ] 002/100 VUs  0m42.0s/4m0s  60.44 iters/s
running (1m03.0s), 002/100 VUs, 1494 complete and 0 interrupted iterations
rampa   [  18% ] 002/100 VUs  0m43.0s/4m0s  61.69 iters/s
running (1m04.0s), 005/100 VUs, 1554 complete and 0 interrupted iterations
rampa   [  18% ] 005/100 VUs  0m44.0s/4m0s  62.95 iters/s
running (1m05.0s), 006/100 VUs, 1616 complete and 0 interrupted iterations
rampa   [  19% ] 006/100 VUs  0m45.0s/4m0s  64.19 iters/s
running (1m06.0s), 001/100 VUs, 1686 complete and 0 interrupted iterations
rampa   [  19% ] 001/100 VUs  0m46.0s/4m0s  65.44 iters/s
running (1m07.0s), 001/100 VUs, 1752 complete and 0 interrupted iterations
rampa   [  20% ] 001/100 VUs  0m47.0s/4m0s  66.69 iters/s
running (1m08.0s), 000/100 VUs, 1820 complete and 0 interrupted iterations
rampa   [  20% ] 000/100 VUs  0m48.0s/4m0s  67.94 iters/s
running (1m09.0s), 003/100 VUs, 1886 complete and 0 interrupted iterations
rampa   [  20% ] 003/100 VUs  0m49.0s/4m0s  69.19 iters/s
running (1m10.0s), 006/100 VUs, 1953 complete and 0 interrupted iterations
rampa   [  21% ] 006/100 VUs  0m50.0s/4m0s  70.45 iters/s
running (1m11.0s), 005/100 VUs, 2025 complete and 0 interrupted iterations
rampa   [  21% ] 005/100 VUs  0m51.0s/4m0s  71.70 iters/s
running (1m12.0s), 004/100 VUs, 2098 complete and 0 interrupted iterations
rampa   [  22% ] 004/100 VUs  0m52.0s/4m0s  72.94 iters/s
running (1m13.0s), 002/100 VUs, 2174 complete and 0 interrupted iterations
rampa   [  22% ] 002/100 VUs  0m53.0s/4m0s  74.20 iters/s
running (1m14.0s), 000/100 VUs, 2250 complete and 0 interrupted iterations
rampa   [  22% ] 000/100 VUs  0m54.0s/4m0s  75.45 iters/s
running (1m15.0s), 006/100 VUs, 2321 complete and 0 interrupted iterations
rampa   [  23% ] 006/100 VUs  0m55.0s/4m0s  76.70 iters/s
running (1m16.0s), 005/100 VUs, 2399 complete and 0 interrupted iterations
rampa   [  23% ] 005/100 VUs  0m56.0s/4m0s  77.94 iters/s
running (1m17.0s), 004/100 VUs, 2478 complete and 0 interrupted iterations
rampa   [  24% ] 004/100 VUs  0m57.0s/4m0s  79.18 iters/s
running (1m18.0s), 004/100 VUs, 2558 complete and 0 interrupted iterations
rampa   [  24% ] 004/100 VUs  0m58.0s/4m0s  80.44 iters/s
running (1m19.0s), 005/100 VUs, 2638 complete and 0 interrupted iterations
rampa   [  25% ] 005/100 VUs  0m59.0s/4m0s  81.69 iters/s
running (1m20.0s), 006/100 VUs, 2720 complete and 0 interrupted iterations
rampa   [  25% ] 006/100 VUs  1m00.0s/4m0s  82.95 iters/s
running (1m21.0s), 004/100 VUs, 2805 complete and 0 interrupted iterations
rampa   [  25% ] 004/100 VUs  1m01.0s/4m0s  83.00 iters/s
running (1m22.0s), 005/100 VUs, 2887 complete and 0 interrupted iterations
rampa   [  26% ] 005/100 VUs  1m02.0s/4m0s  83.00 iters/s
running (1m23.0s), 003/100 VUs, 2972 complete and 0 interrupted iterations
rampa   [  26% ] 003/100 VUs  1m03.0s/4m0s  83.00 iters/s
running (1m24.0s), 003/100 VUs, 3055 complete and 0 interrupted iterations
rampa   [  27% ] 003/100 VUs  1m04.0s/4m0s  83.00 iters/s
running (1m25.0s), 003/100 VUs, 3138 complete and 0 interrupted iterations
rampa   [  27% ] 003/100 VUs  1m05.0s/4m0s  83.00 iters/s
running (1m26.0s), 005/100 VUs, 3219 complete and 0 interrupted iterations
rampa   [  27% ] 005/100 VUs  1m06.0s/4m0s  83.00 iters/s
running (1m27.0s), 005/100 VUs, 3302 complete and 0 interrupted iterations
rampa   [  28% ] 005/100 VUs  1m07.0s/4m0s  83.00 iters/s
running (1m28.0s), 002/100 VUs, 3388 complete and 0 interrupted iterations
rampa   [  28% ] 002/100 VUs  1m08.0s/4m0s  83.00 iters/s
running (1m29.0s), 004/100 VUs, 3469 complete and 0 interrupted iterations
rampa   [  29% ] 004/100 VUs  1m09.0s/4m0s  83.00 iters/s
running (1m30.0s), 005/100 VUs, 3551 complete and 0 interrupted iterations
rampa   [  29% ] 005/100 VUs  1m10.0s/4m0s  83.00 iters/s
running (1m31.0s), 005/100 VUs, 3634 complete and 0 interrupted iterations
rampa   [  30% ] 005/100 VUs  1m11.0s/4m0s  83.00 iters/s
running (1m32.0s), 003/100 VUs, 3719 complete and 0 interrupted iterations
rampa   [  30% ] 003/100 VUs  1m12.0s/4m0s  83.00 iters/s
running (1m33.0s), 004/100 VUs, 3801 complete and 0 interrupted iterations
rampa   [  30% ] 004/100 VUs  1m13.0s/4m0s  83.00 iters/s
running (1m34.0s), 004/100 VUs, 3884 complete and 0 interrupted iterations
rampa   [  31% ] 004/100 VUs  1m14.0s/4m0s  83.00 iters/s
running (1m35.0s), 005/100 VUs, 3966 complete and 0 interrupted iterations
rampa   [  31% ] 005/100 VUs  1m15.0s/4m0s  83.00 iters/s
running (1m36.0s), 005/100 VUs, 4049 complete and 0 interrupted iterations
rampa   [  32% ] 005/100 VUs  1m16.0s/4m0s  83.00 iters/s
running (1m37.0s), 004/100 VUs, 4133 complete and 0 interrupted iterations
rampa   [  32% ] 004/100 VUs  1m17.0s/4m0s  83.00 iters/s
running (1m38.0s), 003/100 VUs, 4217 complete and 0 interrupted iterations
rampa   [  32% ] 003/100 VUs  1m18.0s/4m0s  83.00 iters/s
running (1m39.0s), 002/100 VUs, 4301 complete and 0 interrupted iterations
rampa   [  33% ] 002/100 VUs  1m19.0s/4m0s  83.00 iters/s
running (1m40.0s), 003/100 VUs, 4383 complete and 0 interrupted iterations
rampa   [  33% ] 003/100 VUs  1m20.0s/4m0s  83.00 iters/s
running (1m41.0s), 002/100 VUs, 4467 complete and 0 interrupted iterations
rampa   [  34% ] 002/100 VUs  1m21.0s/4m0s  83.00 iters/s
running (1m42.0s), 004/100 VUs, 4548 complete and 0 interrupted iterations
rampa   [  34% ] 004/100 VUs  1m22.0s/4m0s  83.00 iters/s
running (1m43.0s), 006/100 VUs, 4629 complete and 0 interrupted iterations
rampa   [  35% ] 006/100 VUs  1m23.0s/4m0s  83.00 iters/s
running (1m44.0s), 002/100 VUs, 4716 complete and 0 interrupted iterations
rampa   [  35% ] 002/100 VUs  1m24.0s/4m0s  83.00 iters/s
running (1m45.0s), 006/100 VUs, 4795 complete and 0 interrupted iterations
rampa   [  35% ] 006/100 VUs  1m25.0s/4m0s  83.00 iters/s
running (1m46.0s), 006/100 VUs, 4878 complete and 0 interrupted iterations
rampa   [  36% ] 006/100 VUs  1m26.0s/4m0s  83.00 iters/s
running (1m47.0s), 006/100 VUs, 4961 complete and 0 interrupted iterations
rampa   [  36% ] 006/100 VUs  1m27.0s/4m0s  83.00 iters/s
running (1m48.0s), 005/100 VUs, 5045 complete and 0 interrupted iterations
rampa   [  37% ] 005/100 VUs  1m28.0s/4m0s  83.00 iters/s
running (1m49.0s), 004/100 VUs, 5129 complete and 0 interrupted iterations
rampa   [  37% ] 004/100 VUs  1m29.0s/4m0s  83.00 iters/s
running (1m50.0s), 004/100 VUs, 5212 complete and 0 interrupted iterations
rampa   [  37% ] 004/100 VUs  1m30.0s/4m0s  83.00 iters/s
running (1m51.0s), 001/100 VUs, 5298 complete and 0 interrupted iterations
rampa   [  38% ] 001/100 VUs  1m31.0s/4m0s  83.00 iters/s
running (1m52.0s), 004/100 VUs, 5378 complete and 0 interrupted iterations
rampa   [  38% ] 004/100 VUs  1m32.0s/4m0s  83.00 iters/s
running (1m53.0s), 007/100 VUs, 5458 complete and 0 interrupted iterations
rampa   [  39% ] 007/100 VUs  1m33.0s/4m0s  83.00 iters/s
running (1m54.0s), 003/100 VUs, 5545 complete and 0 interrupted iterations
rampa   [  39% ] 003/100 VUs  1m34.0s/4m0s  83.00 iters/s
running (1m55.0s), 004/100 VUs, 5627 complete and 0 interrupted iterations
rampa   [  40% ] 004/100 VUs  1m35.0s/4m0s  83.00 iters/s
running (1m56.0s), 002/100 VUs, 5712 complete and 0 interrupted iterations
rampa   [  40% ] 002/100 VUs  1m36.0s/4m0s  83.00 iters/s
running (1m57.0s), 003/100 VUs, 5794 complete and 0 interrupted iterations
rampa   [  40% ] 003/100 VUs  1m37.0s/4m0s  83.00 iters/s
running (1m58.0s), 004/100 VUs, 5876 complete and 0 interrupted iterations
rampa   [  41% ] 004/100 VUs  1m38.0s/4m0s  83.00 iters/s
running (1m59.0s), 004/100 VUs, 5959 complete and 0 interrupted iterations
rampa   [  41% ] 004/100 VUs  1m39.0s/4m0s  83.00 iters/s
running (2m00.0s), 003/100 VUs, 6043 complete and 0 interrupted iterations
rampa   [  42% ] 003/100 VUs  1m40.0s/4m0s  83.00 iters/s
running (2m01.0s), 003/100 VUs, 6126 complete and 0 interrupted iterations
rampa   [  42% ] 003/100 VUs  1m41.0s/4m0s  83.00 iters/s
running (2m02.0s), 002/100 VUs, 6210 complete and 0 interrupted iterations
rampa   [  42% ] 002/100 VUs  1m42.0s/4m0s  83.00 iters/s
running (2m03.0s), 003/100 VUs, 6292 complete and 0 interrupted iterations
rampa   [  43% ] 003/100 VUs  1m43.0s/4m0s  83.00 iters/s
running (2m04.0s), 004/100 VUs, 6374 complete and 0 interrupted iterations
rampa   [  43% ] 004/100 VUs  1m44.0s/4m0s  83.00 iters/s
running (2m05.0s), 004/100 VUs, 6457 complete and 0 interrupted iterations
rampa   [  44% ] 004/100 VUs  1m45.0s/4m0s  83.00 iters/s
running (2m06.0s), 005/100 VUs, 6539 complete and 0 interrupted iterations
rampa   [  44% ] 005/100 VUs  1m46.0s/4m0s  83.00 iters/s
running (2m07.0s), 005/100 VUs, 6622 complete and 0 interrupted iterations
rampa   [  45% ] 005/100 VUs  1m47.0s/4m0s  83.00 iters/s
running (2m08.0s), 001/100 VUs, 6709 complete and 0 interrupted iterations
rampa   [  45% ] 001/100 VUs  1m48.0s/4m0s  83.00 iters/s
running (2m09.0s), 005/100 VUs, 6788 complete and 0 interrupted iterations
rampa   [  45% ] 005/100 VUs  1m49.0s/4m0s  83.00 iters/s
running (2m10.0s), 005/100 VUs, 6871 complete and 0 interrupted iterations
rampa   [  46% ] 005/100 VUs  1m50.0s/4m0s  83.00 iters/s
running (2m11.0s), 005/100 VUs, 6954 complete and 0 interrupted iterations
rampa   [  46% ] 005/100 VUs  1m51.0s/4m0s  83.00 iters/s
running (2m12.0s), 006/100 VUs, 7036 complete and 0 interrupted iterations
rampa   [  47% ] 006/100 VUs  1m52.0s/4m0s  83.00 iters/s
running (2m13.0s), 005/100 VUs, 7120 complete and 0 interrupted iterations
rampa   [  47% ] 005/100 VUs  1m53.0s/4m0s  83.00 iters/s
running (2m14.0s), 004/100 VUs, 7204 complete and 0 interrupted iterations
rampa   [  47% ] 004/100 VUs  1m54.0s/4m0s  83.00 iters/s
running (2m15.0s), 005/100 VUs, 7286 complete and 0 interrupted iterations
rampa   [  48% ] 005/100 VUs  1m55.0s/4m0s  83.00 iters/s
running (2m16.0s), 004/100 VUs, 7370 complete and 0 interrupted iterations
rampa   [  48% ] 004/100 VUs  1m56.0s/4m0s  83.00 iters/s
running (2m17.0s), 002/100 VUs, 7455 complete and 0 interrupted iterations
rampa   [  49% ] 002/100 VUs  1m57.0s/4m0s  83.00 iters/s
running (2m18.0s), 002/100 VUs, 7538 complete and 0 interrupted iterations
rampa   [  49% ] 002/100 VUs  1m58.0s/4m0s  83.00 iters/s
running (2m19.0s), 004/100 VUs, 7619 complete and 0 interrupted iterations
rampa   [  50% ] 004/100 VUs  1m59.0s/4m0s  83.00 iters/s
running (2m20.0s), 004/100 VUs, 7702 complete and 0 interrupted iterations
rampa   [  50% ] 004/100 VUs  2m00.0s/4m0s  83.00 iters/s
running (2m21.0s), 002/100 VUs, 7787 complete and 0 interrupted iterations
rampa   [  50% ] 002/100 VUs  2m01.0s/4m0s  83.00 iters/s
running (2m22.0s), 008/100 VUs, 7864 complete and 0 interrupted iterations
rampa   [  51% ] 008/100 VUs  2m02.0s/4m0s  83.00 iters/s
running (2m23.0s), 005/100 VUs, 7950 complete and 0 interrupted iterations
rampa   [  51% ] 005/100 VUs  2m03.0s/4m0s  83.00 iters/s
running (2m24.0s), 004/100 VUs, 8034 complete and 0 interrupted iterations
rampa   [  52% ] 004/100 VUs  2m04.0s/4m0s  83.00 iters/s
running (2m25.0s), 003/100 VUs, 8118 complete and 0 interrupted iterations
rampa   [  52% ] 003/100 VUs  2m05.0s/4m0s  83.00 iters/s
running (2m26.0s), 004/100 VUs, 8200 complete and 0 interrupted iterations
rampa   [  52% ] 004/100 VUs  2m06.0s/4m0s  83.00 iters/s
running (2m27.0s), 006/100 VUs, 8281 complete and 0 interrupted iterations
rampa   [  53% ] 006/100 VUs  2m07.0s/4m0s  83.00 iters/s
running (2m28.0s), 001/100 VUs, 8369 complete and 0 interrupted iterations
rampa   [  53% ] 001/100 VUs  2m08.0s/4m0s  83.00 iters/s
running (2m29.0s), 004/100 VUs, 8449 complete and 0 interrupted iterations
rampa   [  54% ] 004/100 VUs  2m09.0s/4m0s  83.00 iters/s
running (2m30.0s), 004/100 VUs, 8532 complete and 0 interrupted iterations
rampa   [  54% ] 004/100 VUs  2m10.0s/4m0s  83.00 iters/s
running (2m31.0s), 005/100 VUs, 8614 complete and 0 interrupted iterations
rampa   [  55% ] 005/100 VUs  2m11.0s/4m0s  83.00 iters/s
running (2m32.0s), 001/100 VUs, 8701 complete and 0 interrupted iterations
rampa   [  55% ] 001/100 VUs  2m12.0s/4m0s  83.00 iters/s
running (2m33.0s), 004/100 VUs, 8781 complete and 0 interrupted iterations
rampa   [  55% ] 004/100 VUs  2m13.0s/4m0s  83.00 iters/s
running (2m34.0s), 005/100 VUs, 8863 complete and 0 interrupted iterations
rampa   [  56% ] 005/100 VUs  2m14.0s/4m0s  83.00 iters/s
running (2m35.0s), 002/100 VUs, 8949 complete and 0 interrupted iterations
rampa   [  56% ] 002/100 VUs  2m15.0s/4m0s  83.00 iters/s
running (2m36.0s), 003/100 VUs, 9031 complete and 0 interrupted iterations
rampa   [  57% ] 003/100 VUs  2m16.0s/4m0s  83.00 iters/s
running (2m37.0s), 004/100 VUs, 9113 complete and 0 interrupted iterations
rampa   [  57% ] 004/100 VUs  2m17.0s/4m0s  83.00 iters/s
running (2m38.0s), 004/100 VUs, 9196 complete and 0 interrupted iterations
rampa   [  57% ] 004/100 VUs  2m18.0s/4m0s  83.00 iters/s
running (2m39.0s), 003/100 VUs, 9280 complete and 0 interrupted iterations
rampa   [  58% ] 003/100 VUs  2m19.0s/4m0s  83.00 iters/s
running (2m40.0s), 003/100 VUs, 9363 complete and 0 interrupted iterations
rampa   [  58% ] 003/100 VUs  2m20.0s/4m0s  83.00 iters/s
running (2m41.0s), 002/100 VUs, 9447 complete and 0 interrupted iterations
rampa   [  59% ] 002/100 VUs  2m21.0s/4m0s  83.00 iters/s
running (2m42.0s), 002/100 VUs, 9530 complete and 0 interrupted iterations
rampa   [  59% ] 002/100 VUs  2m22.0s/4m0s  83.00 iters/s
running (2m43.0s), 003/100 VUs, 9612 complete and 0 interrupted iterations
rampa   [  60% ] 003/100 VUs  2m23.0s/4m0s  83.00 iters/s
running (2m44.0s), 005/100 VUs, 9693 complete and 0 interrupted iterations
rampa   [  60% ] 005/100 VUs  2m24.0s/4m0s  83.00 iters/s
running (2m45.0s), 001/100 VUs, 9780 complete and 0 interrupted iterations
rampa   [  60% ] 001/100 VUs  2m25.0s/4m0s  83.00 iters/s
running (2m46.0s), 004/100 VUs, 9860 complete and 0 interrupted iterations
rampa   [  61% ] 004/100 VUs  2m26.0s/4m0s  83.00 iters/s
running (2m47.0s), 005/100 VUs, 9942 complete and 0 interrupted iterations
rampa   [  61% ] 005/100 VUs  2m27.0s/4m0s  83.00 iters/s
running (2m48.0s), 007/100 VUs, 10023 complete and 0 interrupted iterations
rampa   [  62% ] 007/100 VUs  2m28.0s/4m0s  83.00 iters/s
running (2m49.0s), 004/100 VUs, 10109 complete and 0 interrupted iterations
rampa   [  62% ] 004/100 VUs  2m29.0s/4m0s  83.00 iters/s
running (2m50.0s), 007/100 VUs, 10189 complete and 0 interrupted iterations
rampa   [  62% ] 007/100 VUs  2m30.0s/4m0s  83.00 iters/s
running (2m51.0s), 004/100 VUs, 10275 complete and 0 interrupted iterations
rampa   [  63% ] 004/100 VUs  2m31.0s/4m0s  83.00 iters/s
running (2m52.0s), 002/100 VUs, 10360 complete and 0 interrupted iterations
rampa   [  63% ] 002/100 VUs  2m32.0s/4m0s  83.00 iters/s
running (2m53.0s), 002/100 VUs, 10443 complete and 0 interrupted iterations
rampa   [  64% ] 002/100 VUs  2m33.0s/4m0s  83.00 iters/s
running (2m54.0s), 003/100 VUs, 10525 complete and 0 interrupted iterations
rampa   [  64% ] 003/100 VUs  2m34.0s/4m0s  83.00 iters/s
running (2m55.0s), 001/100 VUs, 10610 complete and 0 interrupted iterations
rampa   [  65% ] 001/100 VUs  2m35.0s/4m0s  83.00 iters/s
running (2m56.0s), 002/100 VUs, 10692 complete and 0 interrupted iterations
rampa   [  65% ] 002/100 VUs  2m36.0s/4m0s  83.00 iters/s
running (2m57.0s), 004/100 VUs, 10773 complete and 0 interrupted iterations
rampa   [  65% ] 004/100 VUs  2m37.0s/4m0s  83.00 iters/s
running (2m58.0s), 002/100 VUs, 10858 complete and 0 interrupted iterations
rampa   [  66% ] 002/100 VUs  2m38.0s/4m0s  83.00 iters/s
running (2m59.0s), 004/100 VUs, 10939 complete and 0 interrupted iterations
rampa   [  66% ] 004/100 VUs  2m39.0s/4m0s  83.00 iters/s
running (3m00.0s), 003/100 VUs, 11023 complete and 0 interrupted iterations
rampa   [  67% ] 003/100 VUs  2m40.0s/4m0s  83.00 iters/s
running (3m01.0s), 004/100 VUs, 11105 complete and 0 interrupted iterations
rampa   [  67% ] 004/100 VUs  2m41.0s/4m0s  83.00 iters/s
running (3m02.0s), 004/100 VUs, 11188 complete and 0 interrupted iterations
rampa   [  67% ] 004/100 VUs  2m42.0s/4m0s  83.00 iters/s
running (3m03.0s), 006/100 VUs, 11269 complete and 0 interrupted iterations
rampa   [  68% ] 006/100 VUs  2m43.0s/4m0s  83.00 iters/s
running (3m04.0s), 007/100 VUs, 11351 complete and 0 interrupted iterations
rampa   [  68% ] 007/100 VUs  2m44.0s/4m0s  83.00 iters/s
running (3m05.0s), 004/100 VUs, 11437 complete and 0 interrupted iterations
rampa   [  69% ] 004/100 VUs  2m45.0s/4m0s  83.00 iters/s
running (3m06.0s), 006/100 VUs, 11518 complete and 0 interrupted iterations
rampa   [  69% ] 006/100 VUs  2m46.0s/4m0s  83.00 iters/s
running (3m07.0s), 006/100 VUs, 11601 complete and 0 interrupted iterations
rampa   [  70% ] 006/100 VUs  2m47.0s/4m0s  83.00 iters/s
running (3m08.0s), 003/100 VUs, 11687 complete and 0 interrupted iterations
rampa   [  70% ] 003/100 VUs  2m48.0s/4m0s  83.00 iters/s
running (3m09.0s), 001/100 VUs, 11772 complete and 0 interrupted iterations
rampa   [  70% ] 001/100 VUs  2m49.0s/4m0s  83.00 iters/s
running (3m10.0s), 004/100 VUs, 11852 complete and 0 interrupted iterations
rampa   [  71% ] 004/100 VUs  2m50.0s/4m0s  83.00 iters/s
running (3m11.0s), 002/100 VUs, 11937 complete and 0 interrupted iterations
rampa   [  71% ] 002/100 VUs  2m51.0s/4m0s  83.00 iters/s
running (3m12.0s), 004/100 VUs, 12018 complete and 0 interrupted iterations
rampa   [  72% ] 004/100 VUs  2m52.0s/4m0s  83.00 iters/s
running (3m13.0s), 003/100 VUs, 12102 complete and 0 interrupted iterations
rampa   [  72% ] 003/100 VUs  2m53.0s/4m0s  83.00 iters/s
running (3m14.0s), 002/100 VUs, 12186 complete and 0 interrupted iterations
rampa   [  72% ] 002/100 VUs  2m54.0s/4m0s  83.00 iters/s
running (3m15.0s), 007/100 VUs, 12264 complete and 0 interrupted iterations
rampa   [  73% ] 007/100 VUs  2m55.0s/4m0s  83.00 iters/s
running (3m16.0s), 006/100 VUs, 12348 complete and 0 interrupted iterations
rampa   [  73% ] 006/100 VUs  2m56.0s/4m0s  83.00 iters/s
running (3m17.0s), 005/100 VUs, 12432 complete and 0 interrupted iterations
rampa   [  74% ] 005/100 VUs  2m57.0s/4m0s  83.00 iters/s
running (3m18.0s), 003/100 VUs, 12517 complete and 0 interrupted iterations
rampa   [  74% ] 003/100 VUs  2m58.0s/4m0s  83.00 iters/s
running (3m19.0s), 002/100 VUs, 12601 complete and 0 interrupted iterations
rampa   [  75% ] 002/100 VUs  2m59.0s/4m0s  83.00 iters/s
running (3m20.0s), 003/100 VUs, 12683 complete and 0 interrupted iterations
rampa   [  75% ] 003/100 VUs  3m00.0s/4m0s  83.00 iters/s
running (3m21.0s), 004/100 VUs, 12765 complete and 0 interrupted iterations
rampa   [  75% ] 004/100 VUs  3m01.0s/4m0s  83.00 iters/s
running (3m22.0s), 007/100 VUs, 12845 complete and 0 interrupted iterations
rampa   [  76% ] 007/100 VUs  3m02.0s/4m0s  83.00 iters/s
running (3m23.0s), 003/100 VUs, 12932 complete and 0 interrupted iterations
rampa   [  76% ] 003/100 VUs  3m03.0s/4m0s  83.00 iters/s
running (3m24.0s), 003/100 VUs, 13015 complete and 0 interrupted iterations
rampa   [  77% ] 003/100 VUs  3m04.0s/4m0s  83.00 iters/s
running (3m25.0s), 004/100 VUs, 13097 complete and 0 interrupted iterations
rampa   [  77% ] 004/100 VUs  3m05.0s/4m0s  83.00 iters/s
running (3m26.0s), 002/100 VUs, 13182 complete and 0 interrupted iterations
rampa   [  77% ] 002/100 VUs  3m06.0s/4m0s  83.00 iters/s
running (3m27.0s), 004/100 VUs, 13263 complete and 0 interrupted iterations
rampa   [  78% ] 004/100 VUs  3m07.0s/4m0s  83.00 iters/s
running (3m28.0s), 003/100 VUs, 13347 complete and 0 interrupted iterations
rampa   [  78% ] 003/100 VUs  3m08.0s/4m0s  83.00 iters/s
running (3m29.0s), 005/100 VUs, 13428 complete and 0 interrupted iterations
rampa   [  79% ] 005/100 VUs  3m09.0s/4m0s  83.00 iters/s
running (3m30.0s), 004/100 VUs, 13512 complete and 0 interrupted iterations
rampa   [  79% ] 004/100 VUs  3m10.0s/4m0s  83.00 iters/s
running (3m31.0s), 002/100 VUs, 13597 complete and 0 interrupted iterations
rampa   [  80% ] 002/100 VUs  3m11.0s/4m0s  83.00 iters/s
running (3m32.0s), 002/100 VUs, 13680 complete and 0 interrupted iterations
rampa   [  80% ] 002/100 VUs  3m12.0s/4m0s  83.00 iters/s
running (3m33.0s), 001/100 VUs, 13764 complete and 0 interrupted iterations
rampa   [  80% ] 001/100 VUs  3m13.0s/4m0s  83.00 iters/s
running (3m34.0s), 003/100 VUs, 13845 complete and 0 interrupted iterations
rampa   [  81% ] 003/100 VUs  3m14.0s/4m0s  83.00 iters/s
running (3m35.0s), 005/100 VUs, 13926 complete and 0 interrupted iterations
rampa   [  81% ] 005/100 VUs  3m15.0s/4m0s  83.00 iters/s
running (3m36.0s), 004/100 VUs, 14010 complete and 0 interrupted iterations
rampa   [  82% ] 004/100 VUs  3m16.0s/4m0s  83.00 iters/s
running (3m37.0s), 007/100 VUs, 14090 complete and 0 interrupted iterations
rampa   [  82% ] 007/100 VUs  3m17.0s/4m0s  83.00 iters/s
running (3m38.0s), 003/100 VUs, 14177 complete and 0 interrupted iterations
rampa   [  82% ] 003/100 VUs  3m18.0s/4m0s  83.00 iters/s
running (3m39.0s), 003/100 VUs, 14260 complete and 0 interrupted iterations
rampa   [  83% ] 003/100 VUs  3m19.0s/4m0s  83.00 iters/s
running (3m40.0s), 004/100 VUs, 14342 complete and 0 interrupted iterations
rampa   [  83% ] 004/100 VUs  3m20.0s/4m0s  83.00 iters/s
running (3m41.0s), 005/100 VUs, 14424 complete and 0 interrupted iterations
rampa   [  84% ] 005/100 VUs  3m21.0s/4m0s  83.00 iters/s
running (3m42.0s), 006/100 VUs, 14506 complete and 0 interrupted iterations
rampa   [  84% ] 006/100 VUs  3m22.0s/4m0s  83.00 iters/s
running (3m43.0s), 003/100 VUs, 14592 complete and 0 interrupted iterations
rampa   [  85% ] 003/100 VUs  3m23.0s/4m0s  83.00 iters/s
running (3m44.0s), 003/100 VUs, 14675 complete and 0 interrupted iterations
rampa   [  85% ] 003/100 VUs  3m24.0s/4m0s  83.00 iters/s
running (3m45.0s), 001/100 VUs, 14760 complete and 0 interrupted iterations
rampa   [  85% ] 001/100 VUs  3m25.0s/4m0s  83.00 iters/s
running (3m46.0s), 002/100 VUs, 14842 complete and 0 interrupted iterations
rampa   [  86% ] 002/100 VUs  3m26.0s/4m0s  83.00 iters/s
running (3m47.0s), 004/100 VUs, 14923 complete and 0 interrupted iterations
rampa   [  86% ] 004/100 VUs  3m27.0s/4m0s  83.00 iters/s
running (3m48.0s), 005/100 VUs, 15005 complete and 0 interrupted iterations
rampa   [  87% ] 005/100 VUs  3m28.0s/4m0s  83.00 iters/s
running (3m49.0s), 002/100 VUs, 15091 complete and 0 interrupted iterations
rampa   [  87% ] 002/100 VUs  3m29.0s/4m0s  83.00 iters/s
running (3m50.0s), 003/100 VUs, 15173 complete and 0 interrupted iterations
rampa   [  87% ] 003/100 VUs  3m30.0s/4m0s  83.00 iters/s
running (3m51.0s), 002/100 VUs, 15257 complete and 0 interrupted iterations
rampa   [  88% ] 002/100 VUs  3m31.0s/4m0s  83.00 iters/s
running (3m52.0s), 003/100 VUs, 15339 complete and 0 interrupted iterations
rampa   [  88% ] 003/100 VUs  3m32.0s/4m0s  83.00 iters/s
running (3m53.0s), 004/100 VUs, 15421 complete and 0 interrupted iterations
rampa   [  89% ] 004/100 VUs  3m33.0s/4m0s  83.00 iters/s
running (3m54.0s), 005/100 VUs, 15503 complete and 0 interrupted iterations
rampa   [  89% ] 005/100 VUs  3m34.0s/4m0s  83.00 iters/s
running (3m55.0s), 003/100 VUs, 15588 complete and 0 interrupted iterations
rampa   [  90% ] 003/100 VUs  3m35.0s/4m0s  83.00 iters/s
running (3m56.0s), 003/100 VUs, 15671 complete and 0 interrupted iterations
rampa   [  90% ] 003/100 VUs  3m36.0s/4m0s  83.00 iters/s
running (3m57.0s), 003/100 VUs, 15754 complete and 0 interrupted iterations
rampa   [  90% ] 003/100 VUs  3m37.0s/4m0s  83.00 iters/s
running (3m58.0s), 005/100 VUs, 15835 complete and 0 interrupted iterations
rampa   [  91% ] 005/100 VUs  3m38.0s/4m0s  83.00 iters/s
running (3m59.0s), 003/100 VUs, 15920 complete and 0 interrupted iterations
rampa   [  91% ] 003/100 VUs  3m39.0s/4m0s  83.00 iters/s
running (4m00.0s), 004/100 VUs, 16002 complete and 0 interrupted iterations
rampa   [  92% ] 004/100 VUs  3m40.0s/4m0s  83.00 iters/s
running (4m01.0s), 005/100 VUs, 16084 complete and 0 interrupted iterations
rampa   [  92% ] 005/100 VUs  3m41.0s/4m0s  83.00 iters/s
running (4m02.0s), 005/100 VUs, 16167 complete and 0 interrupted iterations
rampa   [  92% ] 005/100 VUs  3m42.0s/4m0s  83.00 iters/s
running (4m03.0s), 003/100 VUs, 16252 complete and 0 interrupted iterations
rampa   [  93% ] 003/100 VUs  3m43.0s/4m0s  83.00 iters/s
running (4m04.0s), 007/100 VUs, 16331 complete and 0 interrupted iterations
rampa   [  93% ] 007/100 VUs  3m44.0s/4m0s  83.00 iters/s
running (4m05.0s), 007/100 VUs, 16414 complete and 0 interrupted iterations
rampa   [  94% ] 007/100 VUs  3m45.0s/4m0s  83.00 iters/s
running (4m06.0s), 006/100 VUs, 16498 complete and 0 interrupted iterations
rampa   [  94% ] 006/100 VUs  3m46.0s/4m0s  83.00 iters/s
running (4m07.0s), 006/100 VUs, 16581 complete and 0 interrupted iterations
rampa   [  95% ] 006/100 VUs  3m47.0s/4m0s  83.00 iters/s
running (4m08.0s), 005/100 VUs, 16665 complete and 0 interrupted iterations
rampa   [  95% ] 005/100 VUs  3m48.0s/4m0s  83.00 iters/s
running (4m09.0s), 004/100 VUs, 16749 complete and 0 interrupted iterations
rampa   [  95% ] 004/100 VUs  3m49.0s/4m0s  83.00 iters/s
running (4m10.0s), 004/100 VUs, 16832 complete and 0 interrupted iterations
rampa   [  96% ] 004/100 VUs  3m50.0s/4m0s  83.00 iters/s
running (4m11.0s), 004/100 VUs, 16915 complete and 0 interrupted iterations
rampa   [  96% ] 004/100 VUs  3m51.0s/4m0s  83.00 iters/s
running (4m12.0s), 001/100 VUs, 17001 complete and 0 interrupted iterations
rampa   [  97% ] 001/100 VUs  3m52.0s/4m0s  83.00 iters/s
running (4m13.0s), 002/100 VUs, 17083 complete and 0 interrupted iterations
rampa   [  97% ] 002/100 VUs  3m53.0s/4m0s  83.00 iters/s
running (4m14.0s), 007/100 VUs, 17161 complete and 0 interrupted iterations
rampa   [  97% ] 007/100 VUs  3m54.0s/4m0s  83.00 iters/s
running (4m15.0s), 009/100 VUs, 17242 complete and 0 interrupted iterations
rampa   [  98% ] 009/100 VUs  3m55.0s/4m0s  83.00 iters/s
running (4m16.0s), 002/100 VUs, 17332 complete and 0 interrupted iterations
rampa   [  98% ] 002/100 VUs  3m56.0s/4m0s  83.00 iters/s
running (4m17.0s), 004/100 VUs, 17413 complete and 0 interrupted iterations
rampa   [  99% ] 004/100 VUs  3m57.0s/4m0s  83.00 iters/s
running (4m18.0s), 003/100 VUs, 17497 complete and 0 interrupted iterations
rampa   [  99% ] 003/100 VUs  3m58.0s/4m0s  83.00 iters/s
running (4m19.0s), 001/100 VUs, 17582 complete and 0 interrupted iterations
rampa   [ 100% ] 001/100 VUs  3m59.0s/4m0s  83.00 iters/s
running (4m20.0s), 003/100 VUs, 17663 complete and 0 interrupted iterations
rampa   [ 100% ] 003/100 VUs  4m00.0s/4m0s  83.00 iters/s
running (4m21.0s), 000/100 VUs, 17669 complete and 0 interrupted iterations
rampa ✓ [ 100% ] 000/100 VUs  4m0s  83.00 iters/s
running (4m22.0s), 000/100 VUs, 17669 complete and 0 interrupted iterations
rampa ✓ [ 100% ] 000/100 VUs  4m0s  83.00 iters/s
time="2026-09-13T12:33:07Z" level=info msg="ESTADO_FINAL {\"cancelaciones_efectivas\":34682,\"conexiones_abiertas\":7,\"conexiones_totales\":34887,\"consultas_en_vuelo\":0,\"corte_dep_ms\":120,\"deadline_ms\":700,\"fuentes\":3,\"goroutines\":118,\"perfiles_calculados\":66161,\"perfiles_parciales\":28906,\"uptime_s\":1794}\n" source=console
time="2026-09-13T12:33:07Z" level=info msg="RESUMEN_CORTO p50=1.2ms p95=122.2ms p99=125.3ms max=174ms parciales=43.1% errores=0.18%" source=console
RESUMEN_JSON {"setup_data":{"inicio":1789302545383},"root_group":{"checks":[{"passes":17638,"fails":31,"name":"HTTP 200","path":"::HTTP 200","id":"b70aee8a9f7a77d66dd70844a901558a"},{"name":"tiene Server-Timing","path":"::tiene Server-Timing","id":"858c6c19a8219ab39416f8e3720d3e80","passes":17669,"fails":0}],"name":"","path":"","id":"d41d8cd98f00b204e9800998ecf8427e","groups":[]},"options":{"summaryTrendStats":["avg","min","med","p(90)","p(95)","p(99)","max"],"summaryTimeUnit":"","noColor":false},"state":{"isStdOutTTY":false,"isStdErrTTY":false,"testRunDurationMs":262116.622065},"metrics":{"data_sent":{"type":"counter","contains":"data","values":{"count":3403851,"rate":12986.017342905894}},"checks":{"type":"rate","contains":"default","values":{"rate":0.9991227573716679,"passes":35307,"fails":31}},"tramo_cache":{"type":"trend","contains":"time","values":{"avg":0.5053551417737341,"min":0.16,"med":0.37,"p(90)":0.6,"p(95)":0.93,"p(99)":3.463199999999997,"max":28.8}},"tramo_agg":{"type":"trend","contains":"time","values":{"p(95)":0,"p(99)":0,"max":0.19,"avg":0.00004131529797951215,"min":0,"med":0,"p(90)":0}},"vus":{"type":"gauge","contains":"default","values":{"value":0,"min":0,"max":9}},"perfiles_parciales":{"type":"rate","contains":"default","values":{"passes":7597,"fails":10041,"rate":0.4307177684544733}},"data_received":{"contains":"data","values":{"count":7288881,"rate":27807.778623793245},"type":"counter"},"tramo_rating":{"type":"trend","contains":"time","values":{"p(90)":0,"p(95)":0,"p(99)":0,"max":0.82,"avg":0.00023317675024053398,"min":0,"med":0}},"http_req_receiving":{"type":"trend","contains":"time","values":{"min":0.009926,"med":0.042052,"p(90)":0.06335,"p(95)":0.0722725,"p(99)":0.08714249999999998,"max":0.464581,"avg":0.044262894913547034}},"tramo_fanout":{"contains":"time","values":{"max":150.23,"avg":39.068388703378744,"min":0,"med":0,"p(90)":120.41,"p(95)":120.73,"p(99)":121.38},"type":"trend"},"http_req_blocked":{"type":"trend","contains":"time","values":{"avg":0.011254157909462225,"min":0.003255,"med":0.00599,"p(90)":0.00735,"p(95)":0.008097,"p(99)":0.01500209999999998,"max":38.526351}},"http_req_duration":{"contains":"time","values":{"avg":41.133388602428695,"min":0.327238,"med":1.237939,"p(90)":121.706048,"p(95)":122.2053155,"p(99)":125.2589885,"max":173.800265},"thresholds":{"p(99)<800":{"ok":true},"p(95)<400":{"ok":true}},"type":"trend"},"http_req_duration{expected_response:true}":{"contains":"time","values":{"avg":40.988277340882476,"min":0.327238,"med":1.232681,"p(90)":121.703795,"p(95)":122.1993635,"p(99)":125.2567439,"max":173.800265},"type":"trend"},"http_req_connecting":{"type":"trend","contains":"time","values":{"med":0,"p(90)":0,"p(95)":0,"p(99)":0,"max":38.428374,"avg":0.004614958592132507,"min":0}},"iterations":{"type":"counter","contains":"default","values":{"count":17669,"rate":67.40892607573136}},"http_req_tls_handshaking":{"contains":"time","values":{"p(99)":0,"max":0,"avg":0,"min":0,"med":0,"p(90)":0,"p(95)":0},"type":"trend"},"http_req_sending":{"type":"trend","contains":"time","values":{"p(95)":0.0304485,"p(99)":0.04501259999999998,"max":0.18826,"avg":0.024115612780482257,"min":0.010995,"med":0.023478,"p(90)":0.028406}},"http_req_failed":{"type":"rate","contains":"default","values":{"rate":0.0017906104862626601,"passes":32,"fails":17839},"thresholds":{"rate<0.01":{"ok":true}}},"vus_max":{"contains":"default","values":{"value":100,"min":100,"max":100},"type":"gauge"},"http_reqs":{"type":"counter","contains":"default","values":{"count":17871,"rate":68.17957540887402}},"desde_cache":{"type":"rate","contains":"default","values":{"rate":0.6046036965642363,"passes":10664,"fails":6974}},"http_req_waiting":{"type":"trend","contains":"time","values":{"max":173.687015,"avg":41.0650100947345,"min":0.286019,"med":1.167771,"p(90)":121.642586,"p(95)":122.12923,"p(99)":125.1863025}},"iteration_duration":{"type":"trend","contains":"time","values":{"p(90)":121.9570986,"p(95)":122.45467119999999,"p(99)":125.41181288,"max":161.16502,"avg":40.757261227064326,"min":0.667694,"med":1.520104}}}}
running (4m22.1s), 000/100 VUs, 17669 complete and 0 interrupted iterations
rampa ✓ [ 100% ] 000/100 VUs  4m0s  83.00 iters/s
