Attaching to fuentes-1, k6-1, orquestador-1, redis-1
redis-1    | 1:C 12 Sep 2026 16:49:21.478 * oO0OoO0OoO0Oo Redis is starting oO0OoO0OoO0Oo
redis-1    | 1:C 12 Sep 2026 16:49:21.478 * Redis version=7.4.11, bits=64, commit=00000000, modified=0, pid=1, just started
redis-1    | 1:C 12 Sep 2026 16:49:21.478 * Configuration loaded
redis-1    | 1:M 12 Sep 2026 16:49:21.478 * monotonic clock: POSIX clock_gettime
redis-1    | 1:M 12 Sep 2026 16:49:21.481 * Running mode=standalone, port=6379.
redis-1    | 1:M 12 Sep 2026 16:49:21.482 * Server initialized
redis-1    | 1:M 12 Sep 2026 16:49:21.482 * Ready to accept connections tcp
k6-1           | 
k6-1           |          /\      Grafana   /‾‾/  
k6-1           |     /\  /  \     |\  __   /  /   
k6-1           |    /  \/    \    | |/ /  /   ‾‾\ 
k6-1           |   /          \   |   (  |  (‾)  |
k6-1           |  / __________ \  |_|\_\  \_____/ 
k6-1           | 
k6-1           |      execution: local
k6-1           |         script: /scripts/matriz.js
k6-1           |         output: -
k6-1           | 
k6-1           |      scenarios: (100.00%) 1 scenario, 400 max VUs, 4m30s max duration (incl. graceful stop):
k6-1           |               * rampa: Up to 83.00 iterations/s for 4m0s over 2 stages (maxVUs: 100-400, gracefulStop: 30s)
k6-1           | 
k6-1           | 
k6-1           | running (0m01.0s), 001/100 VUs, 7 complete and 0 interrupted iterations
k6-1           | rampa   [   0% ] 001/100 VUs  0m01.0s/4m0s  09.23 iters/s
k6-1           | 
k6-1           | running (0m02.0s), 001/100 VUs, 17 complete and 0 interrupted iterations
k6-1           | rampa   [   1% ] 001/100 VUs  0m02.0s/4m0s  10.50 iters/s
k6-1           | 
k6-1           | running (0m03.0s), 002/100 VUs, 27 complete and 0 interrupted iterations
k6-1           | rampa   [   1% ] 002/100 VUs  0m03.0s/4m0s  11.74 iters/s
k6-1           | 
k6-1           | running (0m04.0s), 001/100 VUs, 40 complete and 0 interrupted iterations
k6-1           | rampa   [   2% ] 001/100 VUs  0m04.0s/4m0s  12.95 iters/s
k6-1           | 
k6-1           | running (0m05.0s), 002/100 VUs, 53 complete and 0 interrupted iterations
k6-1           | rampa   [   2% ] 002/100 VUs  0m05.0s/4m0s  14.24 iters/s
k6-1           | 
k6-1           | running (0m06.0s), 002/100 VUs, 68 complete and 0 interrupted iterations
k6-1           | rampa   [   2% ] 002/100 VUs  0m06.0s/4m0s  15.50 iters/s
k6-1           | 
k6-1           | running (0m07.0s), 002/100 VUs, 84 complete and 0 interrupted iterations
k6-1           | rampa   [   3% ] 002/100 VUs  0m07.0s/4m0s  16.74 iters/s
k6-1           | 
k6-1           | running (0m08.0s), 001/100 VUs, 102 complete and 0 interrupted iterations
k6-1           | rampa   [   3% ] 001/100 VUs  0m08.0s/4m0s  17.97 iters/s
k6-1           | 
k6-1           | running (0m09.0s), 003/100 VUs, 119 complete and 0 interrupted iterations
k6-1           | rampa   [   4% ] 003/100 VUs  0m09.0s/4m0s  19.24 iters/s
k6-1           | 
k6-1           | running (0m10.0s), 003/100 VUs, 139 complete and 0 interrupted iterations
k6-1           | rampa   [   4% ] 003/100 VUs  0m10.0s/4m0s  20.50 iters/s
k6-1           | 
k6-1           | running (0m11.0s), 002/100 VUs, 161 complete and 0 interrupted iterations
k6-1           | rampa   [   5% ] 002/100 VUs  0m11.0s/4m0s  21.74 iters/s
k6-1           | 
k6-1           | running (0m12.0s), 002/100 VUs, 183 complete and 0 interrupted iterations
k6-1           | rampa   [   5% ] 002/100 VUs  0m12.0s/4m0s  22.97 iters/s
k6-1           | 
k6-1           | running (0m13.0s), 003/100 VUs, 206 complete and 0 interrupted iterations
k6-1           | rampa   [   5% ] 003/100 VUs  0m13.0s/4m0s  24.24 iters/s
k6-1           | 
k6-1           | running (0m14.0s), 002/100 VUs, 231 complete and 0 interrupted iterations
k6-1           | rampa   [   6% ] 002/100 VUs  0m14.0s/4m0s  25.45 iters/s
k6-1           | 
k6-1           | running (0m15.0s), 004/100 VUs, 256 complete and 0 interrupted iterations
k6-1           | rampa   [   6% ] 004/100 VUs  0m15.0s/4m0s  26.74 iters/s
k6-1           | 
k6-1           | running (0m16.0s), 003/100 VUs, 284 complete and 0 interrupted iterations
k6-1           | rampa   [   7% ] 003/100 VUs  0m16.0s/4m0s  27.98 iters/s
k6-1           | 
k6-1           | running (0m17.0s), 003/100 VUs, 313 complete and 0 interrupted iterations
k6-1           | rampa   [   7% ] 003/100 VUs  0m17.0s/4m0s  29.24 iters/s
k6-1           | 
k6-1           | running (0m18.0s), 003/100 VUs, 342 complete and 0 interrupted iterations
k6-1           | rampa   [   7% ] 003/100 VUs  0m18.0s/4m0s  30.46 iters/s
k6-1           | 
k6-1           | running (0m19.0s), 003/100 VUs, 373 complete and 0 interrupted iterations
k6-1           | rampa   [   8% ] 003/100 VUs  0m19.0s/4m0s  31.71 iters/s
k6-1           | 
k6-1           | running (0m20.0s), 004/100 VUs, 405 complete and 0 interrupted iterations
k6-1           | rampa   [   8% ] 004/100 VUs  0m20.0s/4m0s  32.98 iters/s
k6-1           | 
k6-1           | running (0m21.0s), 003/100 VUs, 439 complete and 0 interrupted iterations
k6-1           | rampa   [   9% ] 003/100 VUs  0m21.0s/4m0s  34.21 iters/s
k6-1           | 
k6-1           | running (0m22.0s), 003/100 VUs, 474 complete and 0 interrupted iterations
k6-1           | rampa   [   9% ] 003/100 VUs  0m22.0s/4m0s  35.46 iters/s
k6-1           | 
k6-1           | running (0m23.0s), 003/100 VUs, 510 complete and 0 interrupted iterations
k6-1           | rampa   [  10% ] 003/100 VUs  0m23.0s/4m0s  36.71 iters/s
k6-1           | 
k6-1           | running (0m24.0s), 005/100 VUs, 546 complete and 0 interrupted iterations
k6-1           | rampa   [  10% ] 005/100 VUs  0m24.0s/4m0s  37.98 iters/s
k6-1           | 
k6-1           | running (0m25.0s), 003/100 VUs, 586 complete and 0 interrupted iterations
k6-1           | rampa   [  10% ] 003/100 VUs  0m25.0s/4m0s  39.21 iters/s
k6-1           | 
k6-1           | running (0m26.0s), 004/100 VUs, 625 complete and 0 interrupted iterations
k6-1           | rampa   [  11% ] 004/100 VUs  0m26.0s/4m0s  40.47 iters/s
k6-1           | 
k6-1           | running (0m27.0s), 004/100 VUs, 666 complete and 0 interrupted iterations
k6-1           | rampa   [  11% ] 004/100 VUs  0m27.0s/4m0s  41.72 iters/s
k6-1           | 
k6-1           | running (0m28.0s), 006/100 VUs, 707 complete and 0 interrupted iterations
k6-1           | rampa   [  12% ] 006/100 VUs  0m28.0s/4m0s  42.99 iters/s
k6-1           | 
k6-1           | running (0m29.0s), 005/100 VUs, 751 complete and 0 interrupted iterations
k6-1           | rampa   [  12% ] 005/100 VUs  0m29.0s/4m0s  44.22 iters/s
k6-1           | 
k6-1           | running (0m30.0s), 005/100 VUs, 796 complete and 0 interrupted iterations
k6-1           | rampa   [  12% ] 005/100 VUs  0m30.0s/4m0s  45.47 iters/s
k6-1           | 
k6-1           | running (0m31.0s), 005/100 VUs, 842 complete and 0 interrupted iterations
k6-1           | rampa   [  13% ] 005/100 VUs  0m31.0s/4m0s  46.72 iters/s
k6-1           | 
k6-1           | running (0m32.0s), 006/100 VUs, 889 complete and 0 interrupted iterations
k6-1           | rampa   [  13% ] 006/100 VUs  0m32.0s/4m0s  47.99 iters/s
k6-1           | 
k6-1           | running (0m33.0s), 006/100 VUs, 937 complete and 0 interrupted iterations
k6-1           | rampa   [  14% ] 006/100 VUs  0m33.0s/4m0s  49.22 iters/s
k6-1           | 
k6-1           | running (0m34.0s), 006/100 VUs, 987 complete and 0 interrupted iterations
k6-1           | rampa   [  14% ] 006/100 VUs  0m34.0s/4m0s  50.48 iters/s
k6-1           | 
k6-1           | running (0m35.0s), 006/100 VUs, 1038 complete and 0 interrupted iterations
k6-1           | rampa   [  15% ] 006/100 VUs  0m35.0s/4m0s  51.72 iters/s
k6-1           | 
k6-1           | running (0m36.0s), 005/100 VUs, 1091 complete and 0 interrupted iterations
k6-1           | rampa   [  15% ] 005/100 VUs  0m36.0s/4m0s  52.96 iters/s
k6-1           | 
k6-1           | running (0m37.0s), 005/100 VUs, 1145 complete and 0 interrupted iterations
k6-1           | rampa   [  15% ] 005/100 VUs  0m37.0s/4m0s  54.22 iters/s
k6-1           | 
k6-1           | running (0m38.0s), 007/100 VUs, 1198 complete and 0 interrupted iterations
k6-1           | rampa   [  16% ] 007/100 VUs  0m38.0s/4m0s  55.48 iters/s
k6-1           | 
k6-1           | running (0m39.0s), 007/100 VUs, 1254 complete and 0 interrupted iterations
k6-1           | rampa   [  16% ] 007/100 VUs  0m39.0s/4m0s  56.73 iters/s
k6-1           | 
k6-1           | running (0m40.0s), 007/100 VUs, 1311 complete and 0 interrupted iterations
k6-1           | rampa   [  17% ] 007/100 VUs  0m40.0s/4m0s  57.97 iters/s
k6-1           | 
k6-1           | running (0m41.0s), 007/100 VUs, 1370 complete and 0 interrupted iterations
k6-1           | rampa   [  17% ] 007/100 VUs  0m41.0s/4m0s  59.23 iters/s
k6-1           | 
k6-1           | running (0m42.0s), 006/100 VUs, 1431 complete and 0 interrupted iterations
k6-1           | rampa   [  17% ] 006/100 VUs  0m42.0s/4m0s  60.48 iters/s
k6-1           | 
k6-1           | running (0m43.0s), 008/100 VUs, 1490 complete and 0 interrupted iterations
k6-1           | rampa   [  18% ] 008/100 VUs  0m43.0s/4m0s  61.73 iters/s
k6-1           | 
k6-1           | running (0m44.0s), 006/100 VUs, 1554 complete and 0 interrupted iterations
k6-1           | rampa   [  18% ] 006/100 VUs  0m44.0s/4m0s  62.97 iters/s
k6-1           | 
k6-1           | running (0m45.0s), 008/100 VUs, 1616 complete and 0 interrupted iterations
k6-1           | rampa   [  19% ] 008/100 VUs  0m45.0s/4m0s  64.23 iters/s
k6-1           | 
k6-1           | running (0m46.0s), 007/100 VUs, 1682 complete and 0 interrupted iterations
k6-1           | rampa   [  19% ] 007/100 VUs  0m46.0s/4m0s  65.48 iters/s
k6-1           | 
k6-1           | running (0m47.0s), 007/100 VUs, 1748 complete and 0 interrupted iterations
k6-1           | rampa   [  20% ] 007/100 VUs  0m47.0s/4m0s  66.73 iters/s
k6-1           | 
k6-1           | running (0m48.1s), 008/100 VUs, 1814 complete and 0 interrupted iterations
k6-1           | rampa   [  20% ] 008/100 VUs  0m48.0s/4m0s  67.97 iters/s
k6-1           | 
k6-1           | running (0m49.1s), 008/100 VUs, 1883 complete and 0 interrupted iterations
k6-1           | rampa   [  20% ] 008/100 VUs  0m49.0s/4m0s  69.23 iters/s
k6-1           | 
k6-1           | running (0m50.1s), 009/100 VUs, 1952 complete and 0 interrupted iterations
k6-1           | rampa   [  21% ] 009/100 VUs  0m50.0s/4m0s  70.48 iters/s
k6-1           | 
k6-1           | running (0m51.1s), 009/100 VUs, 2023 complete and 0 interrupted iterations
k6-1           | rampa   [  21% ] 009/100 VUs  0m51.0s/4m0s  71.73 iters/s
k6-1           | 
k6-1           | running (0m52.1s), 007/100 VUs, 2097 complete and 0 interrupted iterations
k6-1           | rampa   [  22% ] 007/100 VUs  0m52.0s/4m0s  72.97 iters/s
k6-1           | 
k6-1           | running (0m53.1s), 009/100 VUs, 2169 complete and 0 interrupted iterations
k6-1           | rampa   [  22% ] 009/100 VUs  0m53.0s/4m0s  74.23 iters/s
k6-1           | 
k6-1           | running (0m54.1s), 009/100 VUs, 2243 complete and 0 interrupted iterations
k6-1           | rampa   [  22% ] 009/100 VUs  0m54.0s/4m0s  75.48 iters/s
k6-1           | 
k6-1           | running (0m55.1s), 008/100 VUs, 2320 complete and 0 interrupted iterations
k6-1           | rampa   [  23% ] 008/100 VUs  0m55.0s/4m0s  76.72 iters/s
k6-1           | 
k6-1           | running (0m56.1s), 008/100 VUs, 2398 complete and 0 interrupted iterations
k6-1           | rampa   [  23% ] 008/100 VUs  0m56.0s/4m0s  77.98 iters/s
k6-1           | 
k6-1           | running (0m57.1s), 009/100 VUs, 2476 complete and 0 interrupted iterations
k6-1           | rampa   [  24% ] 009/100 VUs  0m57.0s/4m0s  79.23 iters/s
k6-1           | 
k6-1           | running (0m58.1s), 008/100 VUs, 2556 complete and 0 interrupted iterations
k6-1           | rampa   [  24% ] 008/100 VUs  0m58.0s/4m0s  80.47 iters/s
k6-1           | 
k6-1           | running (0m59.1s), 009/100 VUs, 2636 complete and 0 interrupted iterations
k6-1           | rampa   [  25% ] 009/100 VUs  0m59.0s/4m0s  81.72 iters/s
k6-1           | 
k6-1           | running (1m00.1s), 010/100 VUs, 2718 complete and 0 interrupted iterations
k6-1           | rampa   [  25% ] 010/100 VUs  1m00.0s/4m0s  82.98 iters/s
k6-1           | 
k6-1           | running (1m01.1s), 009/100 VUs, 2802 complete and 0 interrupted iterations
k6-1           | rampa   [  25% ] 009/100 VUs  1m01.0s/4m0s  83.00 iters/s
k6-1           | 
k6-1           | running (1m02.1s), 008/100 VUs, 2886 complete and 0 interrupted iterations
k6-1           | rampa   [  26% ] 008/100 VUs  1m02.0s/4m0s  83.00 iters/s
k6-1           | 
k6-1           | running (1m03.1s), 010/100 VUs, 2967 complete and 0 interrupted iterations
k6-1           | rampa   [  26% ] 010/100 VUs  1m03.0s/4m0s  83.00 iters/s
k6-1           | 
k6-1           | running (1m04.1s), 010/100 VUs, 3050 complete and 0 interrupted iterations
k6-1           | rampa   [  27% ] 010/100 VUs  1m04.0s/4m0s  83.00 iters/s
k6-1           | 
k6-1           | running (1m05.1s), 009/100 VUs, 3134 complete and 0 interrupted iterations
k6-1           | rampa   [  27% ] 009/100 VUs  1m05.0s/4m0s  83.00 iters/s
k6-1           | 
k6-1           | running (1m06.1s), 009/100 VUs, 3217 complete and 0 interrupted iterations
k6-1           | rampa   [  27% ] 009/100 VUs  1m06.0s/4m0s  83.00 iters/s
k6-1           | 
k6-1           | running (1m07.1s), 007/100 VUs, 3302 complete and 0 interrupted iterations
k6-1           | rampa   [  28% ] 007/100 VUs  1m07.0s/4m0s  83.00 iters/s
k6-1           | 
k6-1           | running (1m08.1s), 010/100 VUs, 3382 complete and 0 interrupted iterations
k6-1           | rampa   [  28% ] 010/100 VUs  1m08.0s/4m0s  83.00 iters/s
k6-1           | 
k6-1           | running (1m09.1s), 009/100 VUs, 3466 complete and 0 interrupted iterations
k6-1           | rampa   [  29% ] 009/100 VUs  1m09.0s/4m0s  83.00 iters/s
k6-1           | 
k6-1           | running (1m10.1s), 010/100 VUs, 3548 complete and 0 interrupted iterations
k6-1           | rampa   [  29% ] 010/100 VUs  1m10.0s/4m0s  83.00 iters/s
k6-1           | 
k6-1           | running (1m11.1s), 010/100 VUs, 3631 complete and 0 interrupted iterations
k6-1           | rampa   [  30% ] 010/100 VUs  1m11.0s/4m0s  83.00 iters/s
k6-1           | 
k6-1           | running (1m12.1s), 009/100 VUs, 3715 complete and 0 interrupted iterations
k6-1           | rampa   [  30% ] 009/100 VUs  1m12.0s/4m0s  83.00 iters/s
k6-1           | 
k6-1           | running (1m13.1s), 010/100 VUs, 3797 complete and 0 interrupted iterations
k6-1           | rampa   [  30% ] 010/100 VUs  1m13.0s/4m0s  83.00 iters/s
k6-1           | 
k6-1           | running (1m14.1s), 010/100 VUs, 3880 complete and 0 interrupted iterations
k6-1           | rampa   [  31% ] 010/100 VUs  1m14.0s/4m0s  83.00 iters/s
k6-1           | 
k6-1           | running (1m15.1s), 010/100 VUs, 3963 complete and 0 interrupted iterations
k6-1           | rampa   [  31% ] 010/100 VUs  1m15.0s/4m0s  83.00 iters/s
k6-1           | 
k6-1           | running (1m16.1s), 009/100 VUs, 4047 complete and 0 interrupted iterations
k6-1           | rampa   [  32% ] 009/100 VUs  1m16.0s/4m0s  83.00 iters/s
k6-1           | 
k6-1           | running (1m17.1s), 009/100 VUs, 4130 complete and 0 interrupted iterations
k6-1           | rampa   [  32% ] 009/100 VUs  1m17.0s/4m0s  83.00 iters/s
k6-1           | 
k6-1           | running (1m18.2s), 010/100 VUs, 4212 complete and 0 interrupted iterations
k6-1           | rampa   [  32% ] 010/100 VUs  1m18.0s/4m0s  83.00 iters/s
k6-1           | 
k6-1           | running (1m19.2s), 008/100 VUs, 4297 complete and 0 interrupted iterations
k6-1           | rampa   [  33% ] 008/100 VUs  1m19.0s/4m0s  83.00 iters/s
k6-1           | 
k6-1           | running (1m20.2s), 009/100 VUs, 4379 complete and 0 interrupted iterations
k6-1           | rampa   [  33% ] 009/100 VUs  1m20.0s/4m0s  83.00 iters/s
k6-1           | 
k6-1           | running (1m21.2s), 009/100 VUs, 4462 complete and 0 interrupted iterations
k6-1           | rampa   [  34% ] 009/100 VUs  1m21.0s/4m0s  83.00 iters/s
k6-1           | 
k6-1           | running (1m22.2s), 009/100 VUs, 4545 complete and 0 interrupted iterations
k6-1           | rampa   [  34% ] 009/100 VUs  1m22.0s/4m0s  83.00 iters/s
k6-1           | 
k6-1           | running (1m23.2s), 009/100 VUs, 4628 complete and 0 interrupted iterations
k6-1           | rampa   [  35% ] 009/100 VUs  1m23.0s/4m0s  83.00 iters/s
k6-1           | 
k6-1           | running (1m24.2s), 010/100 VUs, 4710 complete and 0 interrupted iterations
k6-1           | rampa   [  35% ] 010/100 VUs  1m24.0s/4m0s  83.00 iters/s
k6-1           | 
k6-1           | running (1m25.2s), 010/100 VUs, 4793 complete and 0 interrupted iterations
k6-1           | rampa   [  35% ] 010/100 VUs  1m25.0s/4m0s  83.00 iters/s
k6-1           | 
k6-1           | running (1m26.2s), 010/100 VUs, 4876 complete and 0 interrupted iterations
k6-1           | rampa   [  36% ] 010/100 VUs  1m26.0s/4m0s  83.00 iters/s
k6-1           | 
k6-1           | running (1m27.2s), 008/100 VUs, 4961 complete and 0 interrupted iterations
k6-1           | rampa   [  36% ] 008/100 VUs  1m27.0s/4m0s  83.00 iters/s
k6-1           | 
k6-1           | running (1m28.2s), 009/100 VUs, 5043 complete and 0 interrupted iterations
k6-1           | rampa   [  37% ] 009/100 VUs  1m28.0s/4m0s  83.00 iters/s
k6-1           | 
k6-1           | running (1m29.2s), 010/100 VUs, 5125 complete and 0 interrupted iterations
k6-1           | rampa   [  37% ] 010/100 VUs  1m29.0s/4m0s  83.00 iters/s
k6-1           | 
k6-1           | running (1m30.2s), 009/100 VUs, 5209 complete and 0 interrupted iterations
k6-1           | rampa   [  37% ] 009/100 VUs  1m30.0s/4m0s  83.00 iters/s
k6-1           | 
k6-1           | running (1m31.2s), 009/100 VUs, 5292 complete and 0 interrupted iterations
k6-1           | rampa   [  38% ] 009/100 VUs  1m31.0s/4m0s  83.00 iters/s
k6-1           | 
k6-1           | running (1m32.2s), 010/100 VUs, 5374 complete and 0 interrupted iterations
k6-1           | rampa   [  38% ] 010/100 VUs  1m32.0s/4m0s  83.00 iters/s
k6-1           | 
k6-1           | running (1m33.2s), 009/100 VUs, 5458 complete and 0 interrupted iterations
k6-1           | rampa   [  39% ] 009/100 VUs  1m33.0s/4m0s  83.00 iters/s
k6-1           | 
k6-1           | running (1m34.2s), 008/100 VUs, 5542 complete and 0 interrupted iterations
k6-1           | rampa   [  39% ] 008/100 VUs  1m34.0s/4m0s  83.00 iters/s
k6-1           | 
k6-1           | running (1m35.2s), 009/100 VUs, 5624 complete and 0 interrupted iterations
k6-1           | rampa   [  40% ] 009/100 VUs  1m35.0s/4m0s  83.00 iters/s
k6-1           | 
k6-1           | running (1m36.2s), 010/100 VUs, 5706 complete and 0 interrupted iterations
k6-1           | rampa   [  40% ] 010/100 VUs  1m36.0s/4m0s  83.00 iters/s
k6-1           | 
k6-1           | running (1m37.2s), 010/100 VUs, 5789 complete and 0 interrupted iterations
k6-1           | rampa   [  40% ] 010/100 VUs  1m37.0s/4m0s  83.00 iters/s
k6-1           | 
k6-1           | running (1m38.2s), 010/100 VUs, 5872 complete and 0 interrupted iterations
k6-1           | rampa   [  41% ] 010/100 VUs  1m38.0s/4m0s  83.00 iters/s
k6-1           | 
k6-1           | running (1m39.2s), 008/100 VUs, 5957 complete and 0 interrupted iterations
k6-1           | rampa   [  41% ] 008/100 VUs  1m39.0s/4m0s  83.00 iters/s
k6-1           | 
k6-1           | running (1m40.2s), 009/100 VUs, 6039 complete and 0 interrupted iterations
k6-1           | rampa   [  42% ] 009/100 VUs  1m40.0s/4m0s  83.00 iters/s
k6-1           | 
k6-1           | running (1m41.2s), 010/100 VUs, 6121 complete and 0 interrupted iterations
k6-1           | rampa   [  42% ] 010/100 VUs  1m41.0s/4m0s  83.00 iters/s
k6-1           | 
k6-1           | running (1m42.2s), 009/100 VUs, 6205 complete and 0 interrupted iterations
k6-1           | rampa   [  42% ] 009/100 VUs  1m42.0s/4m0s  83.00 iters/s
k6-1           | 
k6-1           | running (1m43.2s), 009/100 VUs, 6288 complete and 0 interrupted iterations
k6-1           | rampa   [  43% ] 009/100 VUs  1m43.0s/4m0s  83.00 iters/s
k6-1           | 
k6-1           | running (1m44.2s), 009/100 VUs, 6371 complete and 0 interrupted iterations
k6-1           | rampa   [  43% ] 009/100 VUs  1m44.0s/4m0s  83.00 iters/s
k6-1           | 
k6-1           | running (1m45.2s), 010/100 VUs, 6453 complete and 0 interrupted iterations
k6-1           | rampa   [  44% ] 010/100 VUs  1m45.0s/4m0s  83.00 iters/s
k6-1           | 
k6-1           | running (1m46.2s), 008/100 VUs, 6538 complete and 0 interrupted iterations
k6-1           | rampa   [  44% ] 008/100 VUs  1m46.0s/4m0s  83.00 iters/s
k6-1           | 
k6-1           | running (1m47.2s), 009/100 VUs, 6620 complete and 0 interrupted iterations
k6-1           | rampa   [  45% ] 009/100 VUs  1m47.0s/4m0s  83.00 iters/s
k6-1           | 
k6-1           | running (1m48.2s), 009/100 VUs, 6703 complete and 0 interrupted iterations
k6-1           | rampa   [  45% ] 009/100 VUs  1m48.0s/4m0s  83.00 iters/s
k6-1           | 
k6-1           | running (1m49.2s), 009/100 VUs, 6786 complete and 0 interrupted iterations
k6-1           | rampa   [  45% ] 009/100 VUs  1m49.0s/4m0s  83.00 iters/s
k6-1           | 
k6-1           | running (1m50.2s), 009/100 VUs, 6869 complete and 0 interrupted iterations
k6-1           | rampa   [  46% ] 009/100 VUs  1m50.0s/4m0s  83.00 iters/s
k6-1           | 
k6-1           | running (1m51.2s), 009/100 VUs, 6952 complete and 0 interrupted iterations
k6-1           | rampa   [  46% ] 009/100 VUs  1m51.0s/4m0s  83.00 iters/s
k6-1           | 
k6-1           | running (1m52.2s), 009/100 VUs, 7035 complete and 0 interrupted iterations
k6-1           | rampa   [  47% ] 009/100 VUs  1m52.0s/4m0s  83.00 iters/s
k6-1           | 
k6-1           | running (1m53.2s), 008/100 VUs, 7119 complete and 0 interrupted iterations
k6-1           | rampa   [  47% ] 008/100 VUs  1m53.0s/4m0s  83.00 iters/s
k6-1           | 
k6-1           | running (1m54.2s), 009/100 VUs, 7201 complete and 0 interrupted iterations
k6-1           | rampa   [  47% ] 009/100 VUs  1m54.0s/4m0s  83.00 iters/s
k6-1           | 
k6-1           | running (1m55.2s), 010/100 VUs, 7283 complete and 0 interrupted iterations
k6-1           | rampa   [  48% ] 010/100 VUs  1m55.0s/4m0s  83.00 iters/s
k6-1           | 
k6-1           | running (1m56.2s), 009/100 VUs, 7367 complete and 0 interrupted iterations
k6-1           | rampa   [  48% ] 009/100 VUs  1m56.0s/4m0s  83.00 iters/s
k6-1           | 
k6-1           | running (1m57.2s), 010/100 VUs, 7449 complete and 0 interrupted iterations
k6-1           | rampa   [  49% ] 010/100 VUs  1m57.0s/4m0s  83.00 iters/s
k6-1           | 
k6-1           | running (1m58.2s), 009/100 VUs, 7533 complete and 0 interrupted iterations
k6-1           | rampa   [  49% ] 009/100 VUs  1m58.0s/4m0s  83.00 iters/s
k6-1           | 
k6-1           | running (1m59.2s), 010/100 VUs, 7615 complete and 0 interrupted iterations
k6-1           | rampa   [  50% ] 010/100 VUs  1m59.0s/4m0s  83.00 iters/s
k6-1           | 
k6-1           | running (2m00.2s), 009/100 VUs, 7699 complete and 0 interrupted iterations
k6-1           | rampa   [  50% ] 009/100 VUs  2m00.0s/4m0s  83.00 iters/s
k6-1           | 
k6-1           | running (2m01.2s), 010/100 VUs, 7781 complete and 0 interrupted iterations
k6-1           | rampa   [  50% ] 010/100 VUs  2m01.0s/4m0s  83.00 iters/s
k6-1           | 
k6-1           | running (2m02.2s), 010/100 VUs, 7864 complete and 0 interrupted iterations
k6-1           | rampa   [  51% ] 010/100 VUs  2m02.0s/4m0s  83.00 iters/s
k6-1           | 
k6-1           | running (2m03.2s), 009/100 VUs, 7948 complete and 0 interrupted iterations
k6-1           | rampa   [  51% ] 009/100 VUs  2m03.0s/4m0s  83.00 iters/s
k6-1           | 
k6-1           | running (2m04.2s), 007/100 VUs, 8033 complete and 0 interrupted iterations
k6-1           | rampa   [  52% ] 007/100 VUs  2m04.0s/4m0s  83.00 iters/s
k6-1           | 
k6-1           | running (2m05.2s), 009/100 VUs, 8114 complete and 0 interrupted iterations
k6-1           | rampa   [  52% ] 009/100 VUs  2m05.0s/4m0s  83.00 iters/s
k6-1           | 
k6-1           | running (2m06.2s), 010/100 VUs, 8196 complete and 0 interrupted iterations
k6-1           | rampa   [  52% ] 010/100 VUs  2m06.0s/4m0s  83.00 iters/s
k6-1           | 
k6-1           | running (2m07.2s), 009/100 VUs, 8280 complete and 0 interrupted iterations
k6-1           | rampa   [  53% ] 009/100 VUs  2m07.0s/4m0s  83.00 iters/s
k6-1           | 
k6-1           | running (2m08.2s), 008/100 VUs, 8364 complete and 0 interrupted iterations
k6-1           | rampa   [  53% ] 008/100 VUs  2m08.0s/4m0s  83.00 iters/s
k6-1           | 
k6-1           | running (2m09.2s), 010/100 VUs, 8445 complete and 0 interrupted iterations
k6-1           | rampa   [  54% ] 010/100 VUs  2m09.0s/4m0s  83.00 iters/s
k6-1           | 
k6-1           | running (2m10.2s), 008/100 VUs, 8530 complete and 0 interrupted iterations
k6-1           | rampa   [  54% ] 008/100 VUs  2m10.0s/4m0s  83.00 iters/s
k6-1           | 
k6-1           | running (2m11.2s), 009/100 VUs, 8612 complete and 0 interrupted iterations
k6-1           | rampa   [  55% ] 009/100 VUs  2m11.0s/4m0s  83.00 iters/s
k6-1           | 
k6-1           | running (2m12.2s), 009/100 VUs, 8695 complete and 0 interrupted iterations
k6-1           | rampa   [  55% ] 009/100 VUs  2m12.0s/4m0s  83.00 iters/s
k6-1           | 
k6-1           | running (2m13.2s), 010/100 VUs, 8777 complete and 0 interrupted iterations
k6-1           | rampa   [  55% ] 010/100 VUs  2m13.0s/4m0s  83.00 iters/s
k6-1           | 
k6-1           | running (2m14.2s), 009/100 VUs, 8861 complete and 0 interrupted iterations
k6-1           | rampa   [  56% ] 009/100 VUs  2m14.0s/4m0s  83.00 iters/s
k6-1           | 
k6-1           | running (2m15.2s), 010/100 VUs, 8943 complete and 0 interrupted iterations
k6-1           | rampa   [  56% ] 010/100 VUs  2m15.0s/4m0s  83.00 iters/s
k6-1           | 
k6-1           | running (2m16.2s), 010/100 VUs, 9026 complete and 0 interrupted iterations
k6-1           | rampa   [  57% ] 010/100 VUs  2m16.0s/4m0s  83.00 iters/s
k6-1           | 
k6-1           | running (2m17.2s), 008/100 VUs, 9111 complete and 0 interrupted iterations
k6-1           | rampa   [  57% ] 008/100 VUs  2m17.0s/4m0s  83.00 iters/s
k6-1           | 
k6-1           | running (2m18.3s), 009/100 VUs, 9193 complete and 0 interrupted iterations
k6-1           | rampa   [  57% ] 009/100 VUs  2m18.0s/4m0s  83.00 iters/s
k6-1           | 
k6-1           | running (2m19.3s), 008/100 VUs, 9277 complete and 0 interrupted iterations
k6-1           | rampa   [  58% ] 008/100 VUs  2m19.0s/4m0s  83.00 iters/s
k6-1           | 
k6-1           | running (2m20.3s), 010/100 VUs, 9358 complete and 0 interrupted iterations
k6-1           | rampa   [  58% ] 010/100 VUs  2m20.0s/4m0s  83.00 iters/s
k6-1           | 
k6-1           | running (2m21.3s), 009/100 VUs, 9442 complete and 0 interrupted iterations
k6-1           | rampa   [  59% ] 009/100 VUs  2m21.0s/4m0s  83.00 iters/s
k6-1           | 
k6-1           | running (2m22.3s), 008/100 VUs, 9526 complete and 0 interrupted iterations
k6-1           | rampa   [  59% ] 008/100 VUs  2m22.0s/4m0s  83.00 iters/s
k6-1           | 
k6-1           | running (2m23.3s), 008/100 VUs, 9609 complete and 0 interrupted iterations
k6-1           | rampa   [  60% ] 008/100 VUs  2m23.0s/4m0s  83.00 iters/s
k6-1           | 
k6-1           | running (2m24.3s), 009/100 VUs, 9691 complete and 0 interrupted iterations
k6-1           | rampa   [  60% ] 009/100 VUs  2m24.0s/4m0s  83.00 iters/s
k6-1           | 
k6-1           | running (2m25.3s), 009/100 VUs, 9774 complete and 0 interrupted iterations
k6-1           | rampa   [  60% ] 009/100 VUs  2m25.0s/4m0s  83.00 iters/s
k6-1           | 
k6-1           | running (2m26.3s), 009/100 VUs, 9857 complete and 0 interrupted iterations
k6-1           | rampa   [  61% ] 009/100 VUs  2m26.0s/4m0s  83.00 iters/s
k6-1           | 
k6-1           | running (2m27.3s), 009/100 VUs, 9940 complete and 0 interrupted iterations
k6-1           | rampa   [  61% ] 009/100 VUs  2m27.0s/4m0s  83.00 iters/s
k6-1           | 
k6-1           | running (2m28.3s), 009/100 VUs, 10023 complete and 0 interrupted iterations
k6-1           | rampa   [  62% ] 009/100 VUs  2m28.0s/4m0s  83.00 iters/s
k6-1           | 
k6-1           | running (2m29.3s), 008/100 VUs, 10107 complete and 0 interrupted iterations
k6-1           | rampa   [  62% ] 008/100 VUs  2m29.0s/4m0s  83.00 iters/s
k6-1           | 
k6-1           | running (2m30.3s), 009/100 VUs, 10189 complete and 0 interrupted iterations
k6-1           | rampa   [  62% ] 009/100 VUs  2m30.0s/4m0s  83.00 iters/s
k6-1           | 
k6-1           | running (2m31.3s), 009/100 VUs, 10272 complete and 0 interrupted iterations
k6-1           | rampa   [  63% ] 009/100 VUs  2m31.0s/4m0s  83.00 iters/s
k6-1           | 
k6-1           | running (2m32.3s), 010/100 VUs, 10354 complete and 0 interrupted iterations
k6-1           | rampa   [  63% ] 010/100 VUs  2m32.0s/4m0s  83.00 iters/s
k6-1           | 
k6-1           | running (2m33.3s), 009/100 VUs, 10438 complete and 0 interrupted iterations
k6-1           | rampa   [  64% ] 009/100 VUs  2m33.0s/4m0s  83.00 iters/s
k6-1           | 
k6-1           | running (2m34.3s), 010/100 VUs, 10520 complete and 0 interrupted iterations
k6-1           | rampa   [  64% ] 010/100 VUs  2m34.0s/4m0s  83.00 iters/s
k6-1           | 
k6-1           | running (2m35.3s), 010/100 VUs, 10603 complete and 0 interrupted iterations
k6-1           | rampa   [  65% ] 010/100 VUs  2m35.0s/4m0s  83.00 iters/s
k6-1           | 
k6-1           | running (2m36.3s), 010/100 VUs, 10686 complete and 0 interrupted iterations
k6-1           | rampa   [  65% ] 010/100 VUs  2m36.0s/4m0s  83.00 iters/s
k6-1           | 
k6-1           | running (2m37.3s), 010/100 VUs, 10769 complete and 0 interrupted iterations
k6-1           | rampa   [  65% ] 010/100 VUs  2m37.0s/4m0s  83.00 iters/s
k6-1           | 
k6-1           | running (2m38.3s), 008/100 VUs, 10854 complete and 0 interrupted iterations
k6-1           | rampa   [  66% ] 008/100 VUs  2m38.0s/4m0s  83.00 iters/s
k6-1           | 
k6-1           | running (2m39.3s), 009/100 VUs, 10936 complete and 0 interrupted iterations
k6-1           | rampa   [  66% ] 009/100 VUs  2m39.0s/4m0s  83.00 iters/s
k6-1           | 
k6-1           | running (2m40.3s), 009/100 VUs, 11019 complete and 0 interrupted iterations
k6-1           | rampa   [  67% ] 009/100 VUs  2m40.0s/4m0s  83.00 iters/s
k6-1           | 
k6-1           | running (2m41.3s), 010/100 VUs, 11101 complete and 0 interrupted iterations
k6-1           | rampa   [  67% ] 010/100 VUs  2m41.0s/4m0s  83.00 iters/s
k6-1           | 
k6-1           | running (2m42.3s), 009/100 VUs, 11185 complete and 0 interrupted iterations
k6-1           | rampa   [  67% ] 009/100 VUs  2m42.0s/4m0s  83.00 iters/s
k6-1           | 
k6-1           | running (2m43.3s), 010/100 VUs, 11267 complete and 0 interrupted iterations
k6-1           | rampa   [  68% ] 010/100 VUs  2m43.0s/4m0s  83.00 iters/s
k6-1           | 
k6-1           | running (2m44.3s), 009/100 VUs, 11351 complete and 0 interrupted iterations
k6-1           | rampa   [  68% ] 009/100 VUs  2m44.0s/4m0s  83.00 iters/s
k6-1           | 
k6-1           | running (2m45.3s), 010/100 VUs, 11433 complete and 0 interrupted iterations
k6-1           | rampa   [  69% ] 010/100 VUs  2m45.0s/4m0s  83.00 iters/s
k6-1           | 
k6-1           | running (2m46.3s), 009/100 VUs, 11517 complete and 0 interrupted iterations
k6-1           | rampa   [  69% ] 009/100 VUs  2m46.0s/4m0s  83.00 iters/s
k6-1           | 
k6-1           | running (2m47.3s), 009/100 VUs, 11600 complete and 0 interrupted iterations
k6-1           | rampa   [  70% ] 009/100 VUs  2m47.0s/4m0s  83.00 iters/s
k6-1           | 
k6-1           | running (2m48.5s), 010/100 VUs, 11682 complete and 0 interrupted iterations
k6-1           | rampa   [  70% ] 010/100 VUs  2m48.0s/4m0s  83.00 iters/s
k6-1           | 
k6-1           | running (2m49.5s), 010/100 VUs, 11765 complete and 0 interrupted iterations
k6-1           | rampa   [  70% ] 010/100 VUs  2m49.0s/4m0s  83.00 iters/s
k6-1           | 
k6-1           | running (2m50.5s), 010/100 VUs, 11848 complete and 0 interrupted iterations
k6-1           | rampa   [  71% ] 010/100 VUs  2m50.0s/4m0s  83.00 iters/s
k6-1           | 
k6-1           | running (2m51.5s), 010/100 VUs, 11931 complete and 0 interrupted iterations
k6-1           | rampa   [  71% ] 010/100 VUs  2m51.0s/4m0s  83.00 iters/s
k6-1           | 
k6-1           | running (2m52.5s), 009/100 VUs, 12015 complete and 0 interrupted iterations
k6-1           | rampa   [  72% ] 009/100 VUs  2m52.0s/4m0s  83.00 iters/s
k6-1           | 
k6-1           | running (2m53.5s), 010/100 VUs, 12097 complete and 0 interrupted iterations
k6-1           | rampa   [  72% ] 010/100 VUs  2m53.0s/4m0s  83.00 iters/s
k6-1           | 
k6-1           | running (2m54.5s), 009/100 VUs, 12181 complete and 0 interrupted iterations
k6-1           | rampa   [  72% ] 009/100 VUs  2m54.0s/4m0s  83.00 iters/s
k6-1           | 
k6-1           | running (2m55.5s), 008/100 VUs, 12265 complete and 0 interrupted iterations
k6-1           | rampa   [  73% ] 008/100 VUs  2m55.0s/4m0s  83.00 iters/s
k6-1           | 
k6-1           | running (2m56.5s), 010/100 VUs, 12346 complete and 0 interrupted iterations
k6-1           | rampa   [  73% ] 010/100 VUs  2m56.0s/4m0s  83.00 iters/s
k6-1           | 
k6-1           | running (2m57.5s), 010/100 VUs, 12429 complete and 0 interrupted iterations
k6-1           | rampa   [  74% ] 010/100 VUs  2m57.0s/4m0s  83.00 iters/s
k6-1           | 
k6-1           | running (2m58.5s), 010/100 VUs, 12512 complete and 0 interrupted iterations
k6-1           | rampa   [  74% ] 010/100 VUs  2m58.0s/4m0s  83.00 iters/s
k6-1           | 
k6-1           | running (2m59.5s), 008/100 VUs, 12597 complete and 0 interrupted iterations
k6-1           | rampa   [  75% ] 008/100 VUs  2m59.0s/4m0s  83.00 iters/s
k6-1           | 
k6-1           | running (3m00.5s), 011/100 VUs, 12677 complete and 0 interrupted iterations
k6-1           | rampa   [  75% ] 011/100 VUs  3m00.0s/4m0s  83.00 iters/s
k6-1           | 
k6-1           | running (3m01.5s), 010/100 VUs, 12761 complete and 0 interrupted iterations
k6-1           | rampa   [  75% ] 010/100 VUs  3m01.0s/4m0s  83.00 iters/s
k6-1           | 
k6-1           | running (3m02.5s), 009/100 VUs, 12845 complete and 0 interrupted iterations
k6-1           | rampa   [  76% ] 009/100 VUs  3m02.0s/4m0s  83.00 iters/s
k6-1           | 
k6-1           | running (3m03.5s), 010/100 VUs, 12927 complete and 0 interrupted iterations
k6-1           | rampa   [  76% ] 010/100 VUs  3m03.0s/4m0s  83.00 iters/s
k6-1           | 
k6-1           | running (3m04.5s), 008/100 VUs, 13012 complete and 0 interrupted iterations
k6-1           | rampa   [  77% ] 008/100 VUs  3m04.0s/4m0s  83.00 iters/s
k6-1           | 
k6-1           | running (3m05.5s), 010/100 VUs, 13093 complete and 0 interrupted iterations
k6-1           | rampa   [  77% ] 010/100 VUs  3m05.0s/4m0s  83.00 iters/s
k6-1           | 
k6-1           | running (3m06.5s), 009/100 VUs, 13177 complete and 0 interrupted iterations
k6-1           | rampa   [  77% ] 009/100 VUs  3m06.0s/4m0s  83.00 iters/s
k6-1           | 
k6-1           | running (3m07.5s), 010/100 VUs, 13259 complete and 0 interrupted iterations
k6-1           | rampa   [  78% ] 010/100 VUs  3m07.0s/4m0s  83.00 iters/s
k6-1           | 
k6-1           | running (3m08.5s), 008/100 VUs, 13344 complete and 0 interrupted iterations
k6-1           | rampa   [  78% ] 008/100 VUs  3m08.0s/4m0s  83.00 iters/s
k6-1           | 
k6-1           | running (3m09.5s), 010/100 VUs, 13425 complete and 0 interrupted iterations
k6-1           | rampa   [  79% ] 010/100 VUs  3m09.0s/4m0s  83.00 iters/s
k6-1           | 
k6-1           | running (3m10.5s), 008/100 VUs, 13510 complete and 0 interrupted iterations
k6-1           | rampa   [  79% ] 008/100 VUs  3m10.0s/4m0s  83.00 iters/s
k6-1           | 
k6-1           | running (3m11.5s), 010/100 VUs, 13591 complete and 0 interrupted iterations
k6-1           | rampa   [  80% ] 010/100 VUs  3m11.0s/4m0s  83.00 iters/s
k6-1           | 
k6-1           | running (3m12.5s), 009/100 VUs, 13675 complete and 0 interrupted iterations
k6-1           | rampa   [  80% ] 009/100 VUs  3m12.0s/4m0s  83.00 iters/s
k6-1           | 
k6-1           | running (3m13.5s), 010/100 VUs, 13757 complete and 0 interrupted iterations
k6-1           | rampa   [  80% ] 010/100 VUs  3m13.0s/4m0s  83.00 iters/s
k6-1           | 
k6-1           | running (3m14.5s), 010/100 VUs, 13840 complete and 0 interrupted iterations
k6-1           | rampa   [  81% ] 010/100 VUs  3m14.0s/4m0s  83.00 iters/s
k6-1           | 
k6-1           | running (3m15.5s), 010/100 VUs, 13923 complete and 0 interrupted iterations
k6-1           | rampa   [  81% ] 010/100 VUs  3m15.0s/4m0s  83.00 iters/s
k6-1           | 
k6-1           | running (3m16.5s), 009/100 VUs, 14007 complete and 0 interrupted iterations
k6-1           | rampa   [  82% ] 009/100 VUs  3m16.0s/4m0s  83.00 iters/s
k6-1           | 
k6-1           | running (3m17.5s), 009/100 VUs, 14090 complete and 0 interrupted iterations
k6-1           | rampa   [  82% ] 009/100 VUs  3m17.0s/4m0s  83.00 iters/s
k6-1           | 
k6-1           | running (3m18.6s), 008/100 VUs, 14174 complete and 0 interrupted iterations
k6-1           | rampa   [  82% ] 008/100 VUs  3m18.0s/4m0s  83.00 iters/s
k6-1           | 
k6-1           | running (3m19.6s), 008/100 VUs, 14257 complete and 0 interrupted iterations
k6-1           | rampa   [  83% ] 008/100 VUs  3m19.0s/4m0s  83.00 iters/s
k6-1           | 
k6-1           | running (3m20.6s), 010/100 VUs, 14338 complete and 0 interrupted iterations
k6-1           | rampa   [  83% ] 010/100 VUs  3m20.0s/4m0s  83.00 iters/s
k6-1           | 
k6-1           | running (3m21.6s), 009/100 VUs, 14422 complete and 0 interrupted iterations
k6-1           | rampa   [  84% ] 009/100 VUs  3m21.0s/4m0s  83.00 iters/s
k6-1           | 
k6-1           | running (3m22.6s), 010/100 VUs, 14504 complete and 0 interrupted iterations
k6-1           | rampa   [  84% ] 010/100 VUs  3m22.0s/4m0s  83.00 iters/s
k6-1           | 
k6-1           | running (3m23.6s), 009/100 VUs, 14588 complete and 0 interrupted iterations
k6-1           | rampa   [  85% ] 009/100 VUs  3m23.0s/4m0s  83.00 iters/s
k6-1           | 
k6-1           | running (3m24.6s), 009/100 VUs, 14671 complete and 0 interrupted iterations
k6-1           | rampa   [  85% ] 009/100 VUs  3m24.0s/4m0s  83.00 iters/s
k6-1           | 
k6-1           | running (3m25.6s), 010/100 VUs, 14753 complete and 0 interrupted iterations
k6-1           | rampa   [  85% ] 010/100 VUs  3m25.0s/4m0s  83.00 iters/s
k6-1           | 
k6-1           | running (3m26.6s), 010/100 VUs, 14836 complete and 0 interrupted iterations
k6-1           | rampa   [  86% ] 010/100 VUs  3m26.0s/4m0s  83.00 iters/s
k6-1           | 
k6-1           | running (3m27.6s), 010/100 VUs, 14919 complete and 0 interrupted iterations
k6-1           | rampa   [  86% ] 010/100 VUs  3m27.0s/4m0s  83.00 iters/s
k6-1           | 
k6-1           | running (3m28.6s), 009/100 VUs, 15003 complete and 0 interrupted iterations
k6-1           | rampa   [  87% ] 009/100 VUs  3m28.0s/4m0s  83.00 iters/s
k6-1           | 
k6-1           | running (3m29.6s), 009/100 VUs, 15086 complete and 0 interrupted iterations
k6-1           | rampa   [  87% ] 009/100 VUs  3m29.0s/4m0s  83.00 iters/s
k6-1           | 
k6-1           | running (3m30.6s), 008/100 VUs, 15170 complete and 0 interrupted iterations
k6-1           | rampa   [  87% ] 008/100 VUs  3m30.0s/4m0s  83.00 iters/s
k6-1           | 
k6-1           | running (3m31.6s), 008/100 VUs, 15253 complete and 0 interrupted iterations
k6-1           | rampa   [  88% ] 008/100 VUs  3m31.0s/4m0s  83.00 iters/s
k6-1           | 
k6-1           | running (3m32.6s), 010/100 VUs, 15334 complete and 0 interrupted iterations
k6-1           | rampa   [  88% ] 010/100 VUs  3m32.0s/4m0s  83.00 iters/s
k6-1           | 
k6-1           | running (3m33.6s), 009/100 VUs, 15418 complete and 0 interrupted iterations
k6-1           | rampa   [  89% ] 009/100 VUs  3m33.0s/4m0s  83.00 iters/s
k6-1           | 
k6-1           | running (3m34.6s), 007/100 VUs, 15503 complete and 0 interrupted iterations
k6-1           | rampa   [  89% ] 007/100 VUs  3m34.0s/4m0s  83.00 iters/s
k6-1           | 
k6-1           | running (3m35.6s), 010/100 VUs, 15583 complete and 0 interrupted iterations
k6-1           | rampa   [  90% ] 010/100 VUs  3m35.0s/4m0s  83.00 iters/s
k6-1           | 
k6-1           | running (3m36.6s), 010/100 VUs, 15666 complete and 0 interrupted iterations
k6-1           | rampa   [  90% ] 010/100 VUs  3m36.0s/4m0s  83.00 iters/s
k6-1           | 
k6-1           | running (3m37.6s), 010/100 VUs, 15749 complete and 0 interrupted iterations
k6-1           | rampa   [  90% ] 010/100 VUs  3m37.0s/4m0s  83.00 iters/s
k6-1           | 
k6-1           | running (3m38.6s), 008/100 VUs, 15834 complete and 0 interrupted iterations
k6-1           | rampa   [  91% ] 008/100 VUs  3m38.0s/4m0s  83.00 iters/s
k6-1           | 
k6-1           | running (3m39.6s), 009/100 VUs, 15916 complete and 0 interrupted iterations
k6-1           | rampa   [  91% ] 009/100 VUs  3m39.0s/4m0s  83.00 iters/s
k6-1           | 
k6-1           | running (3m40.6s), 010/100 VUs, 15998 complete and 0 interrupted iterations
k6-1           | rampa   [  92% ] 010/100 VUs  3m40.0s/4m0s  83.00 iters/s
k6-1           | 
k6-1           | running (3m41.6s), 010/100 VUs, 16081 complete and 0 interrupted iterations
k6-1           | rampa   [  92% ] 010/100 VUs  3m41.0s/4m0s  83.00 iters/s
k6-1           | 
k6-1           | running (3m42.6s), 010/100 VUs, 16164 complete and 0 interrupted iterations
k6-1           | rampa   [  92% ] 010/100 VUs  3m42.0s/4m0s  83.00 iters/s
k6-1           | 
k6-1           | running (3m43.6s), 008/100 VUs, 16249 complete and 0 interrupted iterations
k6-1           | rampa   [  93% ] 008/100 VUs  3m43.0s/4m0s  83.00 iters/s
k6-1           | 
k6-1           | running (3m44.6s), 010/100 VUs, 16330 complete and 0 interrupted iterations
k6-1           | rampa   [  93% ] 010/100 VUs  3m44.0s/4m0s  83.00 iters/s
k6-1           | 
k6-1           | running (3m45.6s), 009/100 VUs, 16414 complete and 0 interrupted iterations
k6-1           | rampa   [  94% ] 009/100 VUs  3m45.0s/4m0s  83.00 iters/s
k6-1           | 
k6-1           | running (3m46.6s), 008/100 VUs, 16498 complete and 0 interrupted iterations
k6-1           | rampa   [  94% ] 008/100 VUs  3m46.0s/4m0s  83.00 iters/s
k6-1           | 
k6-1           | running (3m47.6s), 009/100 VUs, 16580 complete and 0 interrupted iterations
k6-1           | rampa   [  95% ] 009/100 VUs  3m47.0s/4m0s  83.00 iters/s
k6-1           | 
k6-1           | running (3m48.8s), 009/100 VUs, 16663 complete and 0 interrupted iterations
k6-1           | rampa   [  95% ] 009/100 VUs  3m48.0s/4m0s  83.00 iters/s
k6-1           | 
k6-1           | running (3m49.8s), 009/100 VUs, 16746 complete and 0 interrupted iterations
k6-1           | rampa   [  95% ] 009/100 VUs  3m49.0s/4m0s  83.00 iters/s
k6-1           | 
k6-1           | running (3m50.8s), 009/100 VUs, 16829 complete and 0 interrupted iterations
k6-1           | rampa   [  96% ] 009/100 VUs  3m50.0s/4m0s  83.00 iters/s
k6-1           | 
k6-1           | running (3m51.8s), 009/100 VUs, 16912 complete and 0 interrupted iterations
k6-1           | rampa   [  96% ] 009/100 VUs  3m51.0s/4m0s  83.00 iters/s
k6-1           | 
k6-1           | running (3m52.8s), 009/100 VUs, 16995 complete and 0 interrupted iterations
k6-1           | rampa   [  97% ] 009/100 VUs  3m52.0s/4m0s  83.00 iters/s
k6-1           | 
k6-1           | running (3m53.8s), 008/100 VUs, 17079 complete and 0 interrupted iterations
k6-1           | rampa   [  97% ] 008/100 VUs  3m53.0s/4m0s  83.00 iters/s
k6-1           | 
k6-1           | running (3m54.8s), 010/100 VUs, 17160 complete and 0 interrupted iterations
k6-1           | rampa   [  97% ] 010/100 VUs  3m54.0s/4m0s  83.00 iters/s
k6-1           | 
k6-1           | running (3m55.8s), 007/100 VUs, 17246 complete and 0 interrupted iterations
k6-1           | rampa   [  98% ] 007/100 VUs  3m55.0s/4m0s  83.00 iters/s
k6-1           | 
k6-1           | running (3m56.8s), 008/100 VUs, 17328 complete and 0 interrupted iterations
k6-1           | rampa   [  98% ] 008/100 VUs  3m56.0s/4m0s  83.00 iters/s
k6-1           | 
k6-1           | running (3m57.8s), 008/100 VUs, 17411 complete and 0 interrupted iterations
k6-1           | rampa   [  99% ] 008/100 VUs  3m57.0s/4m0s  83.00 iters/s
k6-1           | 
k6-1           | running (3m58.8s), 010/100 VUs, 17492 complete and 0 interrupted iterations
k6-1           | rampa   [  99% ] 010/100 VUs  3m58.0s/4m0s  83.00 iters/s
k6-1           | 
k6-1           | running (3m59.8s), 009/100 VUs, 17576 complete and 0 interrupted iterations
k6-1           | rampa   [ 100% ] 009/100 VUs  3m59.0s/4m0s  83.00 iters/s
k6-1           | 
k6-1           | running (4m00.8s), 009/100 VUs, 17659 complete and 0 interrupted iterations
k6-1           | rampa   [ 100% ] 009/100 VUs  4m00.0s/4m0s  83.00 iters/s
k6-1           | 
k6-1           | running (4m01.8s), 000/100 VUs, 17669 complete and 0 interrupted iterations
k6-1           | rampa ✓ [ 100% ] 000/100 VUs  4m0s  83.00 iters/s
k6-1           | 
k6-1           | running (4m02.8s), 000/100 VUs, 17669 complete and 0 interrupted iterations
k6-1           | rampa ✓ [ 100% ] 000/100 VUs  4m0s  83.00 iters/s
k6-1           | 
k6-1           |      ✗ HTTP 200
k6-1           |       ↳  99% — ✓ 17667 / ✗ 2
k6-1           |      ✓ tiene Server-Timing
k6-1           | 
k6-1           |      checks.........................: 99.99% 35336 out of 35338
k6-1           |      data_received..................: 7.5 MB 31 kB/s
k6-1           |      data_sent......................: 3.3 MB 14 kB/s
k6-1           |      desde_cache....................: 0.00%  0 out of 17667
k6-1           |      http_req_blocked...............: avg=12.12µs  min=2.68µs   med=6.11µs   p(90)=10.06µs  p(95)=11.94µs  p(99)=35.45µs  max=18.01ms 
k6-1           |      http_req_connecting............: avg=3.66µs   min=0s       med=0s       p(90)=0s       p(95)=0s       p(99)=0s       max=17.86ms 
k6-1           |    ✓ http_req_duration..............: avg=110.57ms min=736.12µs med=121.03ms p(90)=121.79ms p(95)=122.02ms p(99)=122.87ms max=292.76ms
k6-1           |        { expected_response:true }...: avg=110.57ms min=736.12µs med=121.03ms p(90)=121.79ms p(95)=122.02ms p(99)=122.87ms max=292.76ms
k6-1           |    ✓ http_req_failed................: 0.01%  2 out of 17671
k6-1           |      http_req_receiving.............: avg=87µs     min=12.86µs  med=82.54µs  p(90)=122.02µs p(95)=140.3µs  p(99)=208.01µs max=872.12µs
k6-1           |      http_req_sending...............: avg=44.07µs  min=10.16µs  med=39.52µs  p(90)=60.09µs  p(95)=70.15µs  p(99)=109.17µs max=6.69ms  
k6-1           |      http_req_tls_handshaking.......: avg=0s       min=0s       med=0s       p(90)=0s       p(95)=0s       p(99)=0s       max=0s      
k6-1           |      http_req_waiting...............: avg=110.44ms min=460.95µs med=120.91ms p(90)=121.66ms p(95)=121.88ms p(99)=122.62ms max=292.64ms
k6-1           |      http_reqs......................: 17671  72.74625/s
k6-1           |      iteration_duration.............: avg=110.53ms min=30.55ms  med=121.35ms p(90)=122.17ms p(95)=122.43ms p(99)=123.31ms max=152.5ms 
k6-1           |      iterations.....................: 17669  72.738017/s
k6-1           |      perfiles_parciales.............: 62.08% 10968 out of 17667
k6-1           |      tramo_agg......................: avg=30ns     min=0s       med=0s       p(90)=0s       p(95)=0s       p(99)=0s       max=20µs    
k6-1           |      tramo_cache....................: avg=199.39µs min=60µs     med=180µs    p(90)=280µs    p(95)=340µs    p(99)=533.19µs max=30.04ms 
k6-1           |      tramo_fanout...................: avg=109.34ms min=29.56ms  med=120.29ms p(90)=120.94ms p(95)=121.11ms p(99)=121.35ms max=144.59ms
k6-1           |      tramo_rating...................: avg=89ns     min=0s       med=0s       p(90)=0s       p(95)=0s       p(99)=0s       max=70µs    
k6-1           |      vus............................: 0      min=0              max=11 
k6-1           |      vus_max........................: 100    min=100            max=100
k6-1           | 
k6-1           | 
k6-1           | running (4m02.9s), 000/100 VUs, 17669 complete and 0 interrupted iterations
k6-1           | rampa ✓ [ 100% ] 000/100 VUs  4m0s  83.00 iters/s
[Kk6-1 exited with code 0
[Korquestador-1 exited with code 2
redis-1        | 1:signal-handler (1789232008) Received SIGTERM scheduling shutdown...
redis-1        | 1:M 12 Sep 2026 16:53:28.395 * User requested shutdown...
redis-1        | 1:M 12 Sep 2026 16:53:28.395 # Redis is now ready to exit, bye bye...
[Kfuentes-1 exited with code 2
[Kredis-1 exited with code 0

# --- ESTADO extraido del log global ---
k6-1           | time="2026-09-12T16:49:24Z" level=info msg="ESTADO_INICIAL {\"cancelaciones_efectivas\":0,\"conexiones_abiertas\":0,\"conexiones_totales\":0,\"corte_dep_ms\":120,\"deadline_ms\":700,\"fuentes\":5,\"goroutines\":3,\"perfiles_calculados\":0,\"perfiles_parciales\":0,\"uptime_s\":0}\n" source=console
k6-1           | time="2026-09-12T16:53:26Z" level=info msg="ESTADO_FINAL {\"cancelaciones_efectivas\":15457,\"conexiones_abiertas\":25,\"conexiones_totales\":15499,\"corte_dep_ms\":120,\"deadline_ms\":700,\"fuentes\":5,\"goroutines\":154,\"perfiles_calculados\":17669,\"perfiles_parciales\":10970,\"uptime_s\":242}\n" source=console
