         /\      Grafana   /‾‾/  
    /\  /  \     |\  __   /  /   
   /  \/    \    | |/ /  /   ‾‾\ 
  /          \   |   (  |  (‾)  |
 / __________ \  |_|\_\  \_____/ 
     execution: local
        script: /matriz.js
        output: -
     scenarios: (100.00%) 1 scenario, 400 max VUs, 4m30s max duration (incl. graceful stop):
              * rampa: Up to 83.00 iterations/s for 4m0s over 2 stages (maxVUs: 100-400, gracefulStop: 30s)
time="2026-09-13T12:15:43Z" level=info msg="ESTADO_INICIAL {\"cancelaciones_efectivas\":12565,\"conexiones_abiertas\":0,\"conexiones_totales\":12639,\"consultas_en_vuelo\":0,\"corte_dep_ms\":120,\"deadline_ms\":700,\"fuentes\":3,\"goroutines\":3,\"perfiles_calculados\":23618,\"perfiles_parciales\":10418,\"uptime_s\":750}\n" source=console
running (0m00.9s), 000/100 VUs, 7 complete and 0 interrupted iterations
rampa   [   0% ] 000/100 VUs  0m00.9s/4m0s  09.10 iters/s
running (0m01.9s), 000/100 VUs, 17 complete and 0 interrupted iterations
rampa   [   1% ] 000/100 VUs  0m01.9s/4m0s  10.38 iters/s
running (0m02.9s), 001/100 VUs, 27 complete and 0 interrupted iterations
rampa   [   1% ] 001/100 VUs  0m02.9s/4m0s  11.63 iters/s
running (0m03.9s), 002/100 VUs, 39 complete and 0 interrupted iterations
rampa   [   2% ] 002/100 VUs  0m03.9s/4m0s  12.95 iters/s
running (0m04.9s), 001/100 VUs, 53 complete and 0 interrupted iterations
rampa   [   2% ] 001/100 VUs  0m04.9s/4m0s  14.15 iters/s
running (0m05.9s), 001/100 VUs, 68 complete and 0 interrupted iterations
rampa   [   2% ] 001/100 VUs  0m05.9s/4m0s  15.42 iters/s
running (0m06.9s), 002/100 VUs, 83 complete and 0 interrupted iterations
rampa   [   3% ] 002/100 VUs  0m06.9s/4m0s  16.67 iters/s
running (0m07.9s), 001/100 VUs, 101 complete and 0 interrupted iterations
rampa   [   3% ] 001/100 VUs  0m07.9s/4m0s  17.90 iters/s
running (0m08.9s), 002/100 VUs, 119 complete and 0 interrupted iterations
rampa   [   4% ] 002/100 VUs  0m08.9s/4m0s  19.18 iters/s
running (0m09.9s), 002/100 VUs, 139 complete and 0 interrupted iterations
rampa   [   4% ] 002/100 VUs  0m09.9s/4m0s  20.44 iters/s
running (0m10.9s), 003/100 VUs, 159 complete and 0 interrupted iterations
rampa   [   5% ] 003/100 VUs  0m10.9s/4m0s  21.69 iters/s
running (0m11.9s), 002/100 VUs, 182 complete and 0 interrupted iterations
rampa   [   5% ] 002/100 VUs  0m11.9s/4m0s  22.92 iters/s
running (0m12.9s), 002/100 VUs, 205 complete and 0 interrupted iterations
rampa   [   5% ] 002/100 VUs  0m12.9s/4m0s  24.14 iters/s
running (0m13.9s), 003/100 VUs, 229 complete and 0 interrupted iterations
rampa   [   6% ] 003/100 VUs  0m13.9s/4m0s  25.40 iters/s
running (0m14.9s), 002/100 VUs, 256 complete and 0 interrupted iterations
rampa   [   6% ] 002/100 VUs  0m14.9s/4m0s  26.65 iters/s
running (0m15.9s), 003/100 VUs, 283 complete and 0 interrupted iterations
rampa   [   7% ] 003/100 VUs  0m15.9s/4m0s  27.93 iters/s
running (0m16.9s), 003/100 VUs, 311 complete and 0 interrupted iterations
rampa   [   7% ] 003/100 VUs  0m16.9s/4m0s  29.16 iters/s
running (0m17.9s), 004/100 VUs, 340 complete and 0 interrupted iterations
rampa   [   7% ] 004/100 VUs  0m17.9s/4m0s  30.42 iters/s
running (0m18.9s), 003/100 VUs, 372 complete and 0 interrupted iterations
rampa   [   8% ] 003/100 VUs  0m18.9s/4m0s  31.67 iters/s
running (0m19.9s), 003/100 VUs, 404 complete and 0 interrupted iterations
rampa   [   8% ] 003/100 VUs  0m19.9s/4m0s  32.91 iters/s
running (0m20.9s), 004/100 VUs, 437 complete and 0 interrupted iterations
rampa   [   9% ] 004/100 VUs  0m20.9s/4m0s  34.17 iters/s
running (0m21.9s), 004/100 VUs, 472 complete and 0 interrupted iterations
rampa   [   9% ] 004/100 VUs  0m21.9s/4m0s  35.43 iters/s
running (0m22.9s), 005/100 VUs, 507 complete and 0 interrupted iterations
rampa   [  10% ] 005/100 VUs  0m22.9s/4m0s  36.68 iters/s
running (0m23.9s), 004/100 VUs, 545 complete and 0 interrupted iterations
rampa   [  10% ] 004/100 VUs  0m23.9s/4m0s  37.92 iters/s
running (0m24.9s), 004/100 VUs, 583 complete and 0 interrupted iterations
rampa   [  10% ] 004/100 VUs  0m24.9s/4m0s  39.15 iters/s
running (0m25.9s), 004/100 VUs, 623 complete and 0 interrupted iterations
rampa   [  11% ] 004/100 VUs  0m25.9s/4m0s  40.41 iters/s
running (0m26.9s), 003/100 VUs, 665 complete and 0 interrupted iterations
rampa   [  11% ] 003/100 VUs  0m26.9s/4m0s  41.66 iters/s
running (0m27.9s), 005/100 VUs, 706 complete and 0 interrupted iterations
rampa   [  12% ] 005/100 VUs  0m27.9s/4m0s  42.93 iters/s
running (0m28.9s), 005/100 VUs, 749 complete and 0 interrupted iterations
rampa   [  12% ] 005/100 VUs  0m28.9s/4m0s  44.16 iters/s
running (0m29.9s), 004/100 VUs, 795 complete and 0 interrupted iterations
rampa   [  12% ] 004/100 VUs  0m29.9s/4m0s  45.42 iters/s
running (0m30.9s), 005/100 VUs, 840 complete and 0 interrupted iterations
rampa   [  13% ] 005/100 VUs  0m30.9s/4m0s  46.67 iters/s
running (0m31.9s), 005/100 VUs, 887 complete and 0 interrupted iterations
rampa   [  13% ] 005/100 VUs  0m31.9s/4m0s  47.91 iters/s
running (0m32.9s), 006/100 VUs, 935 complete and 0 interrupted iterations
rampa   [  14% ] 006/100 VUs  0m32.9s/4m0s  49.17 iters/s
running (0m33.9s), 006/100 VUs, 985 complete and 0 interrupted iterations
rampa   [  14% ] 006/100 VUs  0m33.9s/4m0s  50.43 iters/s
running (0m34.9s), 005/100 VUs, 1037 complete and 0 interrupted iterations
rampa   [  15% ] 005/100 VUs  0m34.9s/4m0s  51.67 iters/s
running (0m35.9s), 005/100 VUs, 1089 complete and 0 interrupted iterations
rampa   [  15% ] 005/100 VUs  0m35.9s/4m0s  52.92 iters/s
running (0m36.9s), 006/100 VUs, 1141 complete and 0 interrupted iterations
rampa   [  15% ] 006/100 VUs  0m36.9s/4m0s  54.15 iters/s
running (0m37.9s), 006/100 VUs, 1196 complete and 0 interrupted iterations
rampa   [  16% ] 006/100 VUs  0m37.9s/4m0s  55.41 iters/s
running (0m38.9s), 007/100 VUs, 1251 complete and 0 interrupted iterations
rampa   [  16% ] 007/100 VUs  0m38.9s/4m0s  56.66 iters/s
running (0m39.9s), 004/100 VUs, 1311 complete and 0 interrupted iterations
rampa   [  17% ] 004/100 VUs  0m39.9s/4m0s  57.90 iters/s
running (0m40.9s), 007/100 VUs, 1367 complete and 0 interrupted iterations
rampa   [  17% ] 007/100 VUs  0m40.9s/4m0s  59.16 iters/s
running (0m41.9s), 006/100 VUs, 1428 complete and 0 interrupted iterations
rampa   [  17% ] 006/100 VUs  0m41.9s/4m0s  60.42 iters/s
running (0m42.9s), 008/100 VUs, 1487 complete and 0 interrupted iterations
rampa   [  18% ] 008/100 VUs  0m42.9s/4m0s  61.67 iters/s
running (0m43.9s), 007/100 VUs, 1550 complete and 0 interrupted iterations
rampa   [  18% ] 007/100 VUs  0m43.9s/4m0s  62.91 iters/s
running (0m44.9s), 007/100 VUs, 1614 complete and 0 interrupted iterations
rampa   [  19% ] 007/100 VUs  0m44.9s/4m0s  64.17 iters/s
running (0m45.9s), 007/100 VUs, 1679 complete and 0 interrupted iterations
rampa   [  19% ] 007/100 VUs  0m45.9s/4m0s  65.42 iters/s
running (0m46.9s), 007/100 VUs, 1744 complete and 0 interrupted iterations
rampa   [  20% ] 007/100 VUs  0m46.9s/4m0s  66.67 iters/s
running (0m47.9s), 005/100 VUs, 1814 complete and 0 interrupted iterations
rampa   [  20% ] 005/100 VUs  0m47.9s/4m0s  67.92 iters/s
running (0m48.9s), 005/100 VUs, 1882 complete and 0 interrupted iterations
rampa   [  20% ] 005/100 VUs  0m48.9s/4m0s  69.16 iters/s
running (0m49.9s), 008/100 VUs, 1949 complete and 0 interrupted iterations
rampa   [  21% ] 008/100 VUs  0m49.9s/4m0s  70.41 iters/s
running (0m50.9s), 009/100 VUs, 2019 complete and 0 interrupted iterations
rampa   [  21% ] 009/100 VUs  0m50.9s/4m0s  71.66 iters/s
running (0m51.9s), 008/100 VUs, 2093 complete and 0 interrupted iterations
rampa   [  22% ] 008/100 VUs  0m51.9s/4m0s  72.92 iters/s
running (0m52.9s), 006/100 VUs, 2168 complete and 0 interrupted iterations
rampa   [  22% ] 006/100 VUs  0m52.9s/4m0s  74.16 iters/s
running (0m53.9s), 008/100 VUs, 2241 complete and 0 interrupted iterations
rampa   [  22% ] 008/100 VUs  0m53.9s/4m0s  75.42 iters/s
running (0m54.9s), 008/100 VUs, 2317 complete and 0 interrupted iterations
rampa   [  23% ] 008/100 VUs  0m54.9s/4m0s  76.67 iters/s
running (0m55.9s), 008/100 VUs, 2394 complete and 0 interrupted iterations
rampa   [  23% ] 008/100 VUs  0m55.9s/4m0s  77.91 iters/s
running (0m56.9s), 007/100 VUs, 2474 complete and 0 interrupted iterations
rampa   [  24% ] 007/100 VUs  0m56.9s/4m0s  79.17 iters/s
running (0m57.9s), 008/100 VUs, 2553 complete and 0 interrupted iterations
rampa   [  24% ] 008/100 VUs  0m57.9s/4m0s  80.42 iters/s
running (0m58.9s), 008/100 VUs, 2634 complete and 0 interrupted iterations
rampa   [  25% ] 007/100 VUs  0m58.9s/4m0s  81.67 iters/s
running (0m59.9s), 010/100 VUs, 2714 complete and 0 interrupted iterations
rampa   [  25% ] 010/100 VUs  0m59.9s/4m0s  82.92 iters/s
running (1m00.9s), 009/100 VUs, 2798 complete and 0 interrupted iterations
rampa   [  25% ] 009/100 VUs  1m00.9s/4m0s  83.00 iters/s
running (1m01.9s), 009/100 VUs, 2881 complete and 0 interrupted iterations
rampa   [  26% ] 009/100 VUs  1m01.9s/4m0s  83.00 iters/s
running (1m02.9s), 010/100 VUs, 2963 complete and 0 interrupted iterations
rampa   [  26% ] 010/100 VUs  1m02.9s/4m0s  83.00 iters/s
running (1m03.9s), 010/100 VUs, 3046 complete and 0 interrupted iterations
rampa   [  27% ] 010/100 VUs  1m03.9s/4m0s  83.00 iters/s
running (1m04.9s), 008/100 VUs, 3131 complete and 0 interrupted iterations
rampa   [  27% ] 008/100 VUs  1m04.9s/4m0s  83.00 iters/s
running (1m05.9s), 009/100 VUs, 3213 complete and 0 interrupted iterations
rampa   [  27% ] 009/100 VUs  1m05.9s/4m0s  83.00 iters/s
running (1m06.9s), 009/100 VUs, 3296 complete and 0 interrupted iterations
rampa   [  28% ] 009/100 VUs  1m06.9s/4m0s  83.00 iters/s
running (1m07.9s), 008/100 VUs, 3380 complete and 0 interrupted iterations
rampa   [  28% ] 008/100 VUs  1m07.9s/4m0s  83.00 iters/s
running (1m08.9s), 009/100 VUs, 3462 complete and 0 interrupted iterations
rampa   [  29% ] 009/100 VUs  1m08.9s/4m0s  83.00 iters/s
running (1m09.9s), 007/100 VUs, 3547 complete and 0 interrupted iterations
rampa   [  29% ] 007/100 VUs  1m09.9s/4m0s  83.00 iters/s
running (1m10.9s), 008/100 VUs, 3629 complete and 0 interrupted iterations
rampa   [  30% ] 008/100 VUs  1m10.9s/4m0s  83.00 iters/s
running (1m11.9s), 009/100 VUs, 3711 complete and 0 interrupted iterations
rampa   [  30% ] 009/100 VUs  1m11.9s/4m0s  83.00 iters/s
running (1m12.9s), 009/100 VUs, 3794 complete and 0 interrupted iterations
rampa   [  30% ] 009/100 VUs  1m12.9s/4m0s  83.00 iters/s
running (1m13.9s), 007/100 VUs, 3879 complete and 0 interrupted iterations
rampa   [  31% ] 007/100 VUs  1m13.9s/4m0s  83.00 iters/s
running (1m14.9s), 010/100 VUs, 3959 complete and 0 interrupted iterations
rampa   [  31% ] 010/100 VUs  1m14.9s/4m0s  83.00 iters/s
running (1m15.9s), 009/100 VUs, 4043 complete and 0 interrupted iterations
rampa   [  32% ] 009/100 VUs  1m15.9s/4m0s  83.00 iters/s
running (1m16.9s), 009/100 VUs, 4126 complete and 0 interrupted iterations
rampa   [  32% ] 009/100 VUs  1m16.9s/4m0s  83.00 iters/s
running (1m17.9s), 008/100 VUs, 4210 complete and 0 interrupted iterations
rampa   [  32% ] 008/100 VUs  1m17.9s/4m0s  83.00 iters/s
running (1m18.9s), 010/100 VUs, 4291 complete and 0 interrupted iterations
rampa   [  33% ] 010/100 VUs  1m18.9s/4m0s  83.00 iters/s
running (1m19.9s), 008/100 VUs, 4376 complete and 0 interrupted iterations
rampa   [  33% ] 008/100 VUs  1m19.9s/4m0s  83.00 iters/s
running (1m20.9s), 009/100 VUs, 4458 complete and 0 interrupted iterations
rampa   [  34% ] 009/100 VUs  1m20.9s/4m0s  83.00 iters/s
running (1m21.9s), 009/100 VUs, 4541 complete and 0 interrupted iterations
rampa   [  34% ] 009/100 VUs  1m21.9s/4m0s  83.00 iters/s
running (1m22.9s), 010/100 VUs, 4623 complete and 0 interrupted iterations
rampa   [  35% ] 010/100 VUs  1m22.9s/4m0s  83.00 iters/s
running (1m23.9s), 009/100 VUs, 4707 complete and 0 interrupted iterations
rampa   [  35% ] 009/100 VUs  1m23.9s/4m0s  83.00 iters/s
running (1m24.9s), 009/100 VUs, 4790 complete and 0 interrupted iterations
rampa   [  35% ] 009/100 VUs  1m24.9s/4m0s  83.00 iters/s
running (1m25.9s), 010/100 VUs, 4872 complete and 0 interrupted iterations
rampa   [  36% ] 010/100 VUs  1m25.9s/4m0s  83.00 iters/s
running (1m26.9s), 007/100 VUs, 4958 complete and 0 interrupted iterations
rampa   [  36% ] 007/100 VUs  1m26.9s/4m0s  83.00 iters/s
running (1m27.9s), 008/100 VUs, 5040 complete and 0 interrupted iterations
rampa   [  37% ] 008/100 VUs  1m27.9s/4m0s  83.00 iters/s
running (1m28.9s), 008/100 VUs, 5123 complete and 0 interrupted iterations
rampa   [  37% ] 008/100 VUs  1m28.9s/4m0s  83.00 iters/s
running (1m29.9s), 007/100 VUs, 5207 complete and 0 interrupted iterations
rampa   [  37% ] 007/100 VUs  1m29.9s/4m0s  83.00 iters/s
running (1m30.9s), 008/100 VUs, 5289 complete and 0 interrupted iterations
rampa   [  38% ] 008/100 VUs  1m30.9s/4m0s  83.00 iters/s
running (1m31.9s), 009/100 VUs, 5371 complete and 0 interrupted iterations
rampa   [  38% ] 009/100 VUs  1m31.9s/4m0s  83.00 iters/s
running (1m32.9s), 008/100 VUs, 5455 complete and 0 interrupted iterations
rampa   [  39% ] 008/100 VUs  1m32.9s/4m0s  83.00 iters/s
running (1m33.9s), 010/100 VUs, 5536 complete and 0 interrupted iterations
rampa   [  39% ] 010/100 VUs  1m33.9s/4m0s  83.00 iters/s
running (1m34.9s), 010/100 VUs, 5619 complete and 0 interrupted iterations
rampa   [  40% ] 010/100 VUs  1m34.9s/4m0s  83.00 iters/s
running (1m35.9s), 008/100 VUs, 5704 complete and 0 interrupted iterations
rampa   [  40% ] 008/100 VUs  1m35.9s/4m0s  83.00 iters/s
running (1m36.9s), 009/100 VUs, 5786 complete and 0 interrupted iterations
rampa   [  40% ] 009/100 VUs  1m36.9s/4m0s  83.00 iters/s
running (1m37.9s), 009/100 VUs, 5869 complete and 0 interrupted iterations
rampa   [  41% ] 009/100 VUs  1m37.9s/4m0s  83.00 iters/s
running (1m38.9s), 009/100 VUs, 5952 complete and 0 interrupted iterations
rampa   [  41% ] 009/100 VUs  1m38.9s/4m0s  83.00 iters/s
running (1m39.9s), 009/100 VUs, 6035 complete and 0 interrupted iterations
rampa   [  42% ] 009/100 VUs  1m39.9s/4m0s  83.00 iters/s
running (1m40.9s), 008/100 VUs, 6119 complete and 0 interrupted iterations
rampa   [  42% ] 008/100 VUs  1m40.9s/4m0s  83.00 iters/s
running (1m41.9s), 010/100 VUs, 6200 complete and 0 interrupted iterations
rampa   [  42% ] 010/100 VUs  1m41.9s/4m0s  83.00 iters/s
running (1m42.9s), 009/100 VUs, 6284 complete and 0 interrupted iterations
rampa   [  43% ] 009/100 VUs  1m42.9s/4m0s  83.00 iters/s
running (1m43.9s), 009/100 VUs, 6367 complete and 0 interrupted iterations
rampa   [  43% ] 009/100 VUs  1m43.9s/4m0s  83.00 iters/s
running (1m44.9s), 009/100 VUs, 6450 complete and 0 interrupted iterations
rampa   [  44% ] 009/100 VUs  1m44.9s/4m0s  83.00 iters/s
running (1m45.9s), 009/100 VUs, 6533 complete and 0 interrupted iterations
rampa   [  44% ] 009/100 VUs  1m45.9s/4m0s  83.00 iters/s
running (1m46.9s), 008/100 VUs, 6617 complete and 0 interrupted iterations
rampa   [  45% ] 008/100 VUs  1m46.9s/4m0s  83.00 iters/s
running (1m47.9s), 008/100 VUs, 6700 complete and 0 interrupted iterations
rampa   [  45% ] 008/100 VUs  1m47.9s/4m0s  83.00 iters/s
running (1m48.9s), 008/100 VUs, 6783 complete and 0 interrupted iterations
rampa   [  45% ] 008/100 VUs  1m48.9s/4m0s  83.00 iters/s
running (1m49.9s), 008/100 VUs, 6866 complete and 0 interrupted iterations
rampa   [  46% ] 008/100 VUs  1m49.9s/4m0s  83.00 iters/s
running (1m50.9s), 008/100 VUs, 6949 complete and 0 interrupted iterations
rampa   [  46% ] 008/100 VUs  1m50.9s/4m0s  83.00 iters/s
running (1m51.9s), 009/100 VUs, 7031 complete and 0 interrupted iterations
rampa   [  47% ] 009/100 VUs  1m51.9s/4m0s  83.00 iters/s
running (1m52.9s), 008/100 VUs, 7115 complete and 0 interrupted iterations
rampa   [  47% ] 008/100 VUs  1m52.9s/4m0s  83.00 iters/s
running (1m53.9s), 007/100 VUs, 7199 complete and 0 interrupted iterations
rampa   [  47% ] 007/100 VUs  1m53.9s/4m0s  83.00 iters/s
running (1m54.9s), 007/100 VUs, 7282 complete and 0 interrupted iterations
rampa   [  48% ] 007/100 VUs  1m54.9s/4m0s  83.00 iters/s
running (1m55.9s), 008/100 VUs, 7364 complete and 0 interrupted iterations
rampa   [  48% ] 008/100 VUs  1m55.9s/4m0s  83.00 iters/s
running (1m56.9s), 008/100 VUs, 7447 complete and 0 interrupted iterations
rampa   [  49% ] 008/100 VUs  1m56.9s/4m0s  83.00 iters/s
running (1m57.9s), 008/100 VUs, 7530 complete and 0 interrupted iterations
rampa   [  49% ] 008/100 VUs  1m57.9s/4m0s  83.00 iters/s
running (1m58.9s), 009/100 VUs, 7612 complete and 0 interrupted iterations
rampa   [  50% ] 009/100 VUs  1m58.9s/4m0s  83.00 iters/s
running (1m59.9s), 009/100 VUs, 7695 complete and 0 interrupted iterations
rampa   [  50% ] 009/100 VUs  1m59.9s/4m0s  83.00 iters/s
running (2m00.9s), 009/100 VUs, 7778 complete and 0 interrupted iterations
rampa   [  50% ] 009/100 VUs  2m00.9s/4m0s  83.00 iters/s
running (2m01.9s), 008/100 VUs, 7862 complete and 0 interrupted iterations
rampa   [  51% ] 008/100 VUs  2m01.9s/4m0s  83.00 iters/s
running (2m02.9s), 008/100 VUs, 7945 complete and 0 interrupted iterations
rampa   [  51% ] 008/100 VUs  2m02.9s/4m0s  83.00 iters/s
running (2m03.9s), 008/100 VUs, 8028 complete and 0 interrupted iterations
rampa   [  52% ] 008/100 VUs  2m03.9s/4m0s  83.00 iters/s
running (2m04.9s), 009/100 VUs, 8110 complete and 0 interrupted iterations
rampa   [  52% ] 009/100 VUs  2m04.9s/4m0s  83.00 iters/s
running (2m05.9s), 008/100 VUs, 8194 complete and 0 interrupted iterations
rampa   [  52% ] 008/100 VUs  2m05.9s/4m0s  83.00 iters/s
running (2m06.9s), 009/100 VUs, 8276 complete and 0 interrupted iterations
rampa   [  53% ] 009/100 VUs  2m06.9s/4m0s  83.00 iters/s
running (2m07.9s), 010/100 VUs, 8358 complete and 0 interrupted iterations
rampa   [  53% ] 010/100 VUs  2m07.9s/4m0s  83.00 iters/s
running (2m08.9s), 008/100 VUs, 8443 complete and 0 interrupted iterations
rampa   [  54% ] 008/100 VUs  2m08.9s/4m0s  83.00 iters/s
running (2m09.9s), 008/100 VUs, 8526 complete and 0 interrupted iterations
rampa   [  54% ] 008/100 VUs  2m09.9s/4m0s  83.00 iters/s
running (2m10.9s), 009/100 VUs, 8608 complete and 0 interrupted iterations
rampa   [  55% ] 009/100 VUs  2m10.9s/4m0s  83.00 iters/s
running (2m11.9s), 007/100 VUs, 8693 complete and 0 interrupted iterations
rampa   [  55% ] 007/100 VUs  2m11.9s/4m0s  83.00 iters/s
running (2m12.9s), 006/100 VUs, 8777 complete and 0 interrupted iterations
rampa   [  55% ] 006/100 VUs  2m12.9s/4m0s  83.00 iters/s
running (2m13.9s), 009/100 VUs, 8857 complete and 0 interrupted iterations
rampa   [  56% ] 009/100 VUs  2m13.9s/4m0s  83.00 iters/s
running (2m14.9s), 008/100 VUs, 8941 complete and 0 interrupted iterations
rampa   [  56% ] 008/100 VUs  2m14.9s/4m0s  83.00 iters/s
running (2m15.9s), 008/100 VUs, 9024 complete and 0 interrupted iterations
rampa   [  57% ] 008/100 VUs  2m15.9s/4m0s  83.00 iters/s
running (2m16.9s), 009/100 VUs, 9106 complete and 0 interrupted iterations
rampa   [  57% ] 009/100 VUs  2m16.9s/4m0s  83.00 iters/s
running (2m17.9s), 009/100 VUs, 9189 complete and 0 interrupted iterations
rampa   [  57% ] 009/100 VUs  2m17.9s/4m0s  83.00 iters/s
running (2m18.9s), 009/100 VUs, 9272 complete and 0 interrupted iterations
rampa   [  58% ] 009/100 VUs  2m18.9s/4m0s  83.00 iters/s
running (2m19.9s), 009/100 VUs, 9355 complete and 0 interrupted iterations
rampa   [  58% ] 009/100 VUs  2m19.9s/4m0s  83.00 iters/s
running (2m20.9s), 009/100 VUs, 9438 complete and 0 interrupted iterations
rampa   [  59% ] 009/100 VUs  2m20.9s/4m0s  83.00 iters/s
running (2m21.9s), 010/100 VUs, 9520 complete and 0 interrupted iterations
rampa   [  59% ] 010/100 VUs  2m21.9s/4m0s  83.00 iters/s
running (2m22.9s), 008/100 VUs, 9605 complete and 0 interrupted iterations
rampa   [  60% ] 008/100 VUs  2m22.9s/4m0s  83.00 iters/s
running (2m23.9s), 009/100 VUs, 9687 complete and 0 interrupted iterations
rampa   [  60% ] 009/100 VUs  2m23.9s/4m0s  83.00 iters/s
running (2m24.9s), 009/100 VUs, 9770 complete and 0 interrupted iterations
rampa   [  60% ] 009/100 VUs  2m24.9s/4m0s  83.00 iters/s
running (2m25.9s), 008/100 VUs, 9854 complete and 0 interrupted iterations
rampa   [  61% ] 008/100 VUs  2m25.9s/4m0s  83.00 iters/s
running (2m26.9s), 008/100 VUs, 9937 complete and 0 interrupted iterations
rampa   [  61% ] 008/100 VUs  2m26.9s/4m0s  83.00 iters/s
running (2m27.9s), 008/100 VUs, 10020 complete and 0 interrupted iterations
rampa   [  62% ] 008/100 VUs  2m27.9s/4m0s  83.00 iters/s
running (2m28.9s), 009/100 VUs, 10102 complete and 0 interrupted iterations
rampa   [  62% ] 009/100 VUs  2m28.9s/4m0s  83.00 iters/s
running (2m29.9s), 008/100 VUs, 10186 complete and 0 interrupted iterations
rampa   [  62% ] 008/100 VUs  2m29.9s/4m0s  83.00 iters/s
running (2m30.9s), 008/100 VUs, 10269 complete and 0 interrupted iterations
rampa   [  63% ] 008/100 VUs  2m30.9s/4m0s  83.00 iters/s
running (2m31.9s), 008/100 VUs, 10352 complete and 0 interrupted iterations
rampa   [  63% ] 008/100 VUs  2m31.9s/4m0s  83.00 iters/s
running (2m32.9s), 009/100 VUs, 10434 complete and 0 interrupted iterations
rampa   [  64% ] 009/100 VUs  2m32.9s/4m0s  83.00 iters/s
running (2m33.9s), 010/100 VUs, 10516 complete and 0 interrupted iterations
rampa   [  64% ] 010/100 VUs  2m33.9s/4m0s  83.00 iters/s
running (2m34.9s), 008/100 VUs, 10601 complete and 0 interrupted iterations
rampa   [  65% ] 008/100 VUs  2m34.9s/4m0s  83.00 iters/s
running (2m35.9s), 009/100 VUs, 10683 complete and 0 interrupted iterations
rampa   [  65% ] 009/100 VUs  2m35.9s/4m0s  83.00 iters/s
running (2m36.9s), 009/100 VUs, 10766 complete and 0 interrupted iterations
rampa   [  65% ] 009/100 VUs  2m36.9s/4m0s  83.00 iters/s
running (2m37.9s), 007/100 VUs, 10851 complete and 0 interrupted iterations
rampa   [  66% ] 007/100 VUs  2m37.9s/4m0s  83.00 iters/s
running (2m38.9s), 009/100 VUs, 10932 complete and 0 interrupted iterations
rampa   [  66% ] 009/100 VUs  2m38.9s/4m0s  83.00 iters/s
running (2m39.9s), 009/100 VUs, 11015 complete and 0 interrupted iterations
rampa   [  67% ] 009/100 VUs  2m39.9s/4m0s  83.00 iters/s
running (2m40.9s), 010/100 VUs, 11097 complete and 0 interrupted iterations
rampa   [  67% ] 010/100 VUs  2m40.9s/4m0s  83.00 iters/s
running (2m41.9s), 009/100 VUs, 11181 complete and 0 interrupted iterations
rampa   [  67% ] 009/100 VUs  2m41.9s/4m0s  83.00 iters/s
running (2m42.9s), 009/100 VUs, 11264 complete and 0 interrupted iterations
rampa   [  68% ] 009/100 VUs  2m42.9s/4m0s  83.00 iters/s
running (2m43.9s), 008/100 VUs, 11348 complete and 0 interrupted iterations
rampa   [  68% ] 008/100 VUs  2m43.9s/4m0s  83.00 iters/s
running (2m44.9s), 007/100 VUs, 11432 complete and 0 interrupted iterations
rampa   [  69% ] 007/100 VUs  2m44.9s/4m0s  83.00 iters/s
running (2m45.9s), 009/100 VUs, 11513 complete and 0 interrupted iterations
rampa   [  69% ] 009/100 VUs  2m45.9s/4m0s  83.00 iters/s
running (2m46.9s), 011/100 VUs, 11594 complete and 0 interrupted iterations
rampa   [  70% ] 011/100 VUs  2m46.9s/4m0s  83.00 iters/s
running (2m47.9s), 009/100 VUs, 11679 complete and 0 interrupted iterations
rampa   [  70% ] 009/100 VUs  2m47.9s/4m0s  83.00 iters/s
running (2m48.9s), 007/100 VUs, 11764 complete and 0 interrupted iterations
rampa   [  70% ] 007/100 VUs  2m48.9s/4m0s  83.00 iters/s
running (2m49.9s), 009/100 VUs, 11845 complete and 0 interrupted iterations
rampa   [  71% ] 009/100 VUs  2m49.9s/4m0s  83.00 iters/s
running (2m50.9s), 009/100 VUs, 11928 complete and 0 interrupted iterations
rampa   [  71% ] 009/100 VUs  2m50.9s/4m0s  83.00 iters/s
running (2m51.9s), 008/100 VUs, 12012 complete and 0 interrupted iterations
rampa   [  72% ] 008/100 VUs  2m51.9s/4m0s  83.00 iters/s
running (2m52.9s), 009/100 VUs, 12094 complete and 0 interrupted iterations
rampa   [  72% ] 009/100 VUs  2m52.9s/4m0s  83.00 iters/s
running (2m53.9s), 007/100 VUs, 12179 complete and 0 interrupted iterations
rampa   [  72% ] 007/100 VUs  2m53.9s/4m0s  83.00 iters/s
running (2m54.9s), 009/100 VUs, 12260 complete and 0 interrupted iterations
rampa   [  73% ] 009/100 VUs  2m54.9s/4m0s  83.00 iters/s
running (2m55.9s), 008/100 VUs, 12344 complete and 0 interrupted iterations
rampa   [  73% ] 008/100 VUs  2m55.9s/4m0s  83.00 iters/s
running (2m56.9s), 010/100 VUs, 12425 complete and 0 interrupted iterations
rampa   [  74% ] 010/100 VUs  2m56.9s/4m0s  83.00 iters/s
running (2m57.9s), 007/100 VUs, 12511 complete and 0 interrupted iterations
rampa   [  74% ] 007/100 VUs  2m57.9s/4m0s  83.00 iters/s
running (2m58.9s), 010/100 VUs, 12591 complete and 0 interrupted iterations
rampa   [  75% ] 010/100 VUs  2m58.9s/4m0s  83.00 iters/s
running (2m59.9s), 008/100 VUs, 12676 complete and 0 interrupted iterations
rampa   [  75% ] 008/100 VUs  2m59.9s/4m0s  83.00 iters/s
running (3m00.9s), 008/100 VUs, 12759 complete and 0 interrupted iterations
rampa   [  75% ] 008/100 VUs  3m00.9s/4m0s  83.00 iters/s
running (3m01.9s), 010/100 VUs, 12840 complete and 0 interrupted iterations
rampa   [  76% ] 010/100 VUs  3m01.9s/4m0s  83.00 iters/s
running (3m02.9s), 009/100 VUs, 12924 complete and 0 interrupted iterations
rampa   [  76% ] 009/100 VUs  3m02.9s/4m0s  83.00 iters/s
running (3m03.9s), 009/100 VUs, 13007 complete and 0 interrupted iterations
rampa   [  77% ] 009/100 VUs  3m03.9s/4m0s  83.00 iters/s
running (3m04.9s), 007/100 VUs, 13092 complete and 0 interrupted iterations
rampa   [  77% ] 007/100 VUs  3m04.9s/4m0s  83.00 iters/s
running (3m05.9s), 008/100 VUs, 13174 complete and 0 interrupted iterations
rampa   [  77% ] 008/100 VUs  3m05.9s/4m0s  83.00 iters/s
running (3m06.9s), 009/100 VUs, 13256 complete and 0 interrupted iterations
rampa   [  78% ] 009/100 VUs  3m06.9s/4m0s  83.00 iters/s
running (3m07.9s), 007/100 VUs, 13341 complete and 0 interrupted iterations
rampa   [  78% ] 007/100 VUs  3m07.9s/4m0s  83.00 iters/s
running (3m08.9s), 008/100 VUs, 13423 complete and 0 interrupted iterations
rampa   [  79% ] 008/100 VUs  3m08.9s/4m0s  83.00 iters/s
running (3m09.9s), 008/100 VUs, 13506 complete and 0 interrupted iterations
rampa   [  79% ] 008/100 VUs  3m09.9s/4m0s  83.00 iters/s
running (3m10.9s), 009/100 VUs, 13588 complete and 0 interrupted iterations
rampa   [  80% ] 009/100 VUs  3m10.9s/4m0s  83.00 iters/s
running (3m11.9s), 009/100 VUs, 13671 complete and 0 interrupted iterations
rampa   [  80% ] 009/100 VUs  3m11.9s/4m0s  83.00 iters/s
running (3m12.9s), 009/100 VUs, 13754 complete and 0 interrupted iterations
rampa   [  80% ] 009/100 VUs  3m12.9s/4m0s  83.00 iters/s
running (3m13.9s), 007/100 VUs, 13839 complete and 0 interrupted iterations
rampa   [  81% ] 007/100 VUs  3m13.9s/4m0s  83.00 iters/s
running (3m14.9s), 007/100 VUs, 13922 complete and 0 interrupted iterations
rampa   [  81% ] 007/100 VUs  3m14.9s/4m0s  83.00 iters/s
running (3m15.9s), 009/100 VUs, 14003 complete and 0 interrupted iterations
rampa   [  82% ] 009/100 VUs  3m15.9s/4m0s  83.00 iters/s
running (3m16.9s), 010/100 VUs, 14085 complete and 0 interrupted iterations
rampa   [  82% ] 010/100 VUs  3m16.9s/4m0s  83.00 iters/s
running (3m17.9s), 010/100 VUs, 14168 complete and 0 interrupted iterations
rampa   [  82% ] 010/100 VUs  3m17.9s/4m0s  83.00 iters/s
running (3m18.9s), 010/100 VUs, 14251 complete and 0 interrupted iterations
rampa   [  83% ] 010/100 VUs  3m18.9s/4m0s  83.00 iters/s
running (3m19.9s), 009/100 VUs, 14335 complete and 0 interrupted iterations
rampa   [  83% ] 009/100 VUs  3m19.9s/4m0s  83.00 iters/s
running (3m20.9s), 009/100 VUs, 14418 complete and 0 interrupted iterations
rampa   [  84% ] 009/100 VUs  3m20.9s/4m0s  83.00 iters/s
running (3m21.9s), 008/100 VUs, 14502 complete and 0 interrupted iterations
rampa   [  84% ] 008/100 VUs  3m21.9s/4m0s  83.00 iters/s
running (3m22.9s), 009/100 VUs, 14584 complete and 0 interrupted iterations
rampa   [  85% ] 009/100 VUs  3m22.9s/4m0s  83.00 iters/s
running (3m23.9s), 009/100 VUs, 14667 complete and 0 interrupted iterations
rampa   [  85% ] 009/100 VUs  3m23.9s/4m0s  83.00 iters/s
running (3m24.9s), 008/100 VUs, 14751 complete and 0 interrupted iterations
rampa   [  85% ] 008/100 VUs  3m24.9s/4m0s  83.00 iters/s
running (3m25.9s), 009/100 VUs, 14833 complete and 0 interrupted iterations
rampa   [  86% ] 009/100 VUs  3m25.9s/4m0s  83.00 iters/s
running (3m26.9s), 010/100 VUs, 14915 complete and 0 interrupted iterations
rampa   [  86% ] 010/100 VUs  3m26.9s/4m0s  83.00 iters/s
running (3m27.9s), 010/100 VUs, 14998 complete and 0 interrupted iterations
rampa   [  87% ] 010/100 VUs  3m27.9s/4m0s  83.00 iters/s
running (3m28.9s), 008/100 VUs, 15083 complete and 0 interrupted iterations
rampa   [  87% ] 008/100 VUs  3m28.9s/4m0s  83.00 iters/s
running (3m29.9s), 009/100 VUs, 15165 complete and 0 interrupted iterations
rampa   [  87% ] 009/100 VUs  3m29.9s/4m0s  83.00 iters/s
running (3m30.9s), 008/100 VUs, 15249 complete and 0 interrupted iterations
rampa   [  88% ] 008/100 VUs  3m30.9s/4m0s  83.00 iters/s
running (3m31.9s), 010/100 VUs, 15330 complete and 0 interrupted iterations
rampa   [  88% ] 010/100 VUs  3m31.9s/4m0s  83.00 iters/s
running (3m32.9s), 010/100 VUs, 15413 complete and 0 interrupted iterations
rampa   [  89% ] 010/100 VUs  3m32.9s/4m0s  83.00 iters/s
running (3m33.9s), 009/100 VUs, 15497 complete and 0 interrupted iterations
rampa   [  89% ] 009/100 VUs  3m33.9s/4m0s  83.00 iters/s
running (3m34.9s), 007/100 VUs, 15582 complete and 0 interrupted iterations
rampa   [  90% ] 007/100 VUs  3m34.9s/4m0s  83.00 iters/s
running (3m35.9s), 008/100 VUs, 15664 complete and 0 interrupted iterations
rampa   [  90% ] 008/100 VUs  3m35.9s/4m0s  83.00 iters/s
running (3m36.9s), 007/100 VUs, 15748 complete and 0 interrupted iterations
rampa   [  90% ] 007/100 VUs  3m36.9s/4m0s  83.00 iters/s
running (3m37.9s), 008/100 VUs, 15830 complete and 0 interrupted iterations
rampa   [  91% ] 008/100 VUs  3m37.9s/4m0s  83.00 iters/s
running (3m38.9s), 008/100 VUs, 15913 complete and 0 interrupted iterations
rampa   [  91% ] 008/100 VUs  3m38.9s/4m0s  83.00 iters/s
running (3m39.9s), 010/100 VUs, 15994 complete and 0 interrupted iterations
rampa   [  92% ] 010/100 VUs  3m39.9s/4m0s  83.00 iters/s
running (3m40.9s), 008/100 VUs, 16079 complete and 0 interrupted iterations
rampa   [  92% ] 008/100 VUs  3m40.9s/4m0s  83.00 iters/s
running (3m41.9s), 009/100 VUs, 16161 complete and 0 interrupted iterations
rampa   [  92% ] 009/100 VUs  3m41.9s/4m0s  83.00 iters/s
running (3m42.9s), 006/100 VUs, 16247 complete and 0 interrupted iterations
rampa   [  93% ] 006/100 VUs  3m42.9s/4m0s  83.00 iters/s
running (3m43.9s), 008/100 VUs, 16328 complete and 0 interrupted iterations
rampa   [  93% ] 008/100 VUs  3m43.9s/4m0s  83.00 iters/s
running (3m44.9s), 007/100 VUs, 16412 complete and 0 interrupted iterations
rampa   [  94% ] 007/100 VUs  3m44.9s/4m0s  83.00 iters/s
running (3m45.9s), 010/100 VUs, 16492 complete and 0 interrupted iterations
rampa   [  94% ] 010/100 VUs  3m45.9s/4m0s  83.00 iters/s
running (3m46.9s), 007/100 VUs, 16578 complete and 0 interrupted iterations
rampa   [  95% ] 007/100 VUs  3m46.9s/4m0s  83.00 iters/s
running (3m47.9s), 010/100 VUs, 16658 complete and 0 interrupted iterations
rampa   [  95% ] 010/100 VUs  3m47.9s/4m0s  83.00 iters/s
running (3m48.9s), 006/100 VUs, 16745 complete and 0 interrupted iterations
rampa   [  95% ] 006/100 VUs  3m48.9s/4m0s  83.00 iters/s
running (3m49.9s), 009/100 VUs, 16825 complete and 0 interrupted iterations
rampa   [  96% ] 009/100 VUs  3m49.9s/4m0s  83.00 iters/s
running (3m50.9s), 009/100 VUs, 16908 complete and 0 interrupted iterations
rampa   [  96% ] 009/100 VUs  3m50.9s/4m0s  83.00 iters/s
running (3m51.9s), 007/100 VUs, 16993 complete and 0 interrupted iterations
rampa   [  97% ] 007/100 VUs  3m51.9s/4m0s  83.00 iters/s
running (3m52.9s), 009/100 VUs, 17074 complete and 0 interrupted iterations
rampa   [  97% ] 009/100 VUs  3m52.9s/4m0s  83.00 iters/s
running (3m53.9s), 010/100 VUs, 17156 complete and 0 interrupted iterations
rampa   [  97% ] 010/100 VUs  3m53.9s/4m0s  83.00 iters/s
running (3m54.9s), 009/100 VUs, 17240 complete and 0 interrupted iterations
rampa   [  98% ] 009/100 VUs  3m54.9s/4m0s  83.00 iters/s
running (3m55.9s), 009/100 VUs, 17323 complete and 0 interrupted iterations
rampa   [  98% ] 009/100 VUs  3m55.9s/4m0s  83.00 iters/s
running (3m56.9s), 008/100 VUs, 17407 complete and 0 interrupted iterations
rampa   [  99% ] 008/100 VUs  3m56.9s/4m0s  83.00 iters/s
running (3m57.9s), 009/100 VUs, 17489 complete and 0 interrupted iterations
rampa   [  99% ] 009/100 VUs  3m57.9s/4m0s  83.00 iters/s
running (3m58.9s), 009/100 VUs, 17572 complete and 0 interrupted iterations
rampa   [ 100% ] 009/100 VUs  3m58.9s/4m0s  83.00 iters/s
running (3m59.9s), 009/100 VUs, 17655 complete and 0 interrupted iterations
rampa   [ 100% ] 009/100 VUs  3m59.9s/4m0s  83.00 iters/s
running (4m00.9s), 000/100 VUs, 17669 complete and 0 interrupted iterations
rampa ✓ [ 100% ] 000/100 VUs  4m0s  83.00 iters/s
running (4m01.9s), 000/100 VUs, 17669 complete and 0 interrupted iterations
rampa ✓ [ 100% ] 000/100 VUs  4m0s  83.00 iters/s
time="2026-09-13T12:19:45Z" level=info msg="ESTADO_FINAL {\"cancelaciones_efectivas\":21718,\"conexiones_abiertas\":14,\"conexiones_totales\":21840,\"consultas_en_vuelo\":0,\"corte_dep_ms\":120,\"deadline_ms\":700,\"fuentes\":3,\"goroutines\":132,\"perfiles_calculados\":41287,\"perfiles_parciales\":18064,\"uptime_s\":992}\n" source=console
time="2026-09-13T12:19:45Z" level=info msg="RESUMEN_CORTO p50=111.9ms p95=122.5ms p99=126.4ms max=166ms parciales=43.0% errores=0.51%" source=console
RESUMEN_JSON {"root_group":{"name":"","path":"","id":"d41d8cd98f00b204e9800998ecf8427e","groups":[],"checks":[{"name":"HTTP 200","path":"::HTTP 200","id":"b70aee8a9f7a77d66dd70844a901558a","passes":17579,"fails":90},{"name":"tiene Server-Timing","path":"::tiene Server-Timing","id":"858c6c19a8219ab39416f8e3720d3e80","passes":17669,"fails":0}]},"options":{"summaryTrendStats":["avg","min","med","p(90)","p(95)","p(99)","max"],"summaryTimeUnit":"","noColor":false},"state":{"testRunDurationMs":242101.542697,"isStdOutTTY":false,"isStdErrTTY":false},"metrics":{"tramo_agg":{"type":"trend","contains":"time","values":{"max":0.3,"avg":0.00008149866998698287,"min":0,"med":0,"p(90)":0,"p(95)":0,"p(99)":0}},"http_req_waiting":{"type":"trend","contains":"time","values":{"p(90)":121.974552,"p(95)":122.381613,"p(99)":126.192855,"max":165.879554,"avg":99.55317208426179,"min":0.304828,"med":111.748106}},"vus":{"type":"gauge","contains":"default","values":{"value":0,"min":0,"max":11}},"http_req_duration":{"contains":"time","values":{"p(99)":126.40922959999999,"max":165.953699,"avg":99.66701911057655,"min":0.420384,"med":111.85898,"p(90)":122.083024,"p(95)":122.500135},"thresholds":{"p(95)<400":{"ok":true},"p(99)<800":{"ok":true}},"type":"trend"},"tramo_cache":{"contains":"time","values":{"avg":0.4075884317165737,"min":0.15,"med":0.33,"p(90)":0.47,"p(95)":0.5959999999999854,"p(99)":2.313199999999997,"max":28.24},"type":"trend"},"iteration_duration":{"type":"trend","contains":"time","values":{"med":112.259837,"p(90)":122.49157939999999,"p(95)":122.94030079999999,"p(99)":127.4491844,"max":166.382189,"avg":100.10597195777942,"min":19.093798}},"http_req_sending":{"type":"trend","contains":"time","values":{"p(90)":0.038769,"p(95)":0.0446435,"p(99)":0.1023273999999995,"max":6.588404,"avg":0.03681783928470359,"min":0.010919,"med":0.033483}},"http_req_connecting":{"values":{"p(90)":0,"p(95)":0,"p(99)":0,"max":45.711411,"avg":0.004626570652481466,"min":0,"med":0},"type":"trend","contains":"time"},"tramo_rating":{"type":"trend","contains":"time","values":{"avg":0.00012281396796649504,"min":0,"med":0,"p(90)":0,"p(95)":0,"p(99)":0,"max":0.16}},"data_sent":{"type":"counter","contains":"data","values":{"count":3503922,"rate":14472.94371182633}},"http_req_tls_handshaking":{"type":"trend","contains":"time","values":{"med":0,"p(90)":0,"p(95)":0,"p(99)":0,"max":0,"avg":0,"min":0}},"http_req_receiving":{"type":"trend","contains":"time","values":{"p(95)":0.09644900000000001,"p(99)":0.18138199999999968,"max":9.688506,"avg":0.07702918702959687,"min":0.017632,"med":0.071023,"p(90)":0.088548}},"vus_max":{"contains":"default","values":{"value":100,"min":100,"max":100},"type":"gauge"},"http_req_duration{expected_response:true}":{"type":"trend","contains":"time","values":{"med":111.418268,"p(90)":122.082514,"p(95)":122.498098,"p(99)":126.4040088,"max":165.953699,"avg":99.55413746026947,"min":0.420384}},"desde_cache":{"type":"rate","contains":"default","values":{"rate":0,"passes":0,"fails":17579}},"iterations":{"contains":"default","values":{"count":17669,"rate":72.98177369366653},"type":"counter"},"http_req_failed":{"thresholds":{"rate<0.01":{"ok":true}},"type":"rate","contains":"default","values":{"rate":0.005093090374059193,"passes":90,"fails":17581}},"data_received":{"type":"counter","contains":"data","values":{"count":7382979,"rate":30495.381887095617}},"tramo_fanout":{"type":"trend","contains":"time","values":{"min":17.49,"med":110.27,"p(90)":120.75,"p(95)":120.98,"p(99)":121.62,"max":154.07,"avg":98.18484803893786}},"http_reqs":{"type":"counter","contains":"default","values":{"count":17671,"rate":72.99003469017948}},"checks":{"type":"rate","contains":"default","values":{"rate":0.9974531665629068,"passes":35248,"fails":90}},"http_req_blocked":{"values":{"avg":0.013208126421821077,"min":0.003761,"med":0.006751,"p(90)":0.008775,"p(95)":0.009929,"p(99)":0.05452479999999977,"max":45.828273},"type":"trend","contains":"time"},"perfiles_parciales":{"type":"rate","contains":"default","values":{"fails":10023,"rate":0.4298310484100347,"passes":7556}}},"setup_data":{"inicio":1789301743411}}
running (4m02.1s), 000/100 VUs, 17669 complete and 0 interrupted iterations
rampa ✓ [ 100% ] 000/100 VUs  4m0s  83.00 iters/s
